{"completed": "rx3-19_m7282101_k5_new20__M24-D1-COMPILE-PARITY", "count": 1}
{"completed": "rx3-19_m7282101_k5_new20__M26-T1-G0-IDENTITY-DOMAIN-RESIDUAL", "count": 2}
{"completed": "rx3-19_m7282101_k5_new20__M26-T2-G0-SPECTRAL-DECOMP-RESIDUAL", "count": 3}
{"completed": "rx3-19_m7282101_k5_new20__M26-T3-G0-JOINT-TARGET-SHIFT-RESIDUAL", "count": 4}
{"completed": "rx3-19_m7282101_k5_new20__M26-T4-G0-MAGNITUDE-GEOMETRY-RESIDUAL", "count": 5}
{"completed": "rx3-19_m7282101_k5_new20__M26-T5-G0-JOINT-MAGNITUDE-GEOMETRY-TARGET-SHIFT-RESIDUAL", "count": 6}
{"completed": "rx3-19_m7282101_k10_new5__M24-D1-COMPILE-PARITY", "count": 7}
{"completed": "rx3-19_m7282101_k10_new5__M26-T1-G0-IDENTITY-DOMAIN-RESIDUAL", "count": 8}
{"completed": "rx3-19_m7282101_k10_new5__M26-T2-G0-SPECTRAL-DECOMP-RESIDUAL", "count": 9}
{"completed": "rx3-19_m7282101_k10_new5__M26-T3-G0-JOINT-TARGET-SHIFT-RESIDUAL", "count": 10}
{"completed": "rx3-19_m7282101_k10_new5__M26-T4-G0-MAGNITUDE-GEOMETRY-RESIDUAL", "count": 11}
{"completed": "rx8-8_m7282101_k5_new20__M24-D1-COMPILE-PARITY", "count": 12}
{"completed": "rx3-19_m7282101_k10_new5__M26-T5-G0-JOINT-MAGNITUDE-GEOMETRY-TARGET-SHIFT-RESIDUAL", "count": 13}
{"completed": "rx8-8_m7282101_k5_new20__M26-T1-G0-IDENTITY-DOMAIN-RESIDUAL", "count": 14}
{"completed": "rx8-8_m7282101_k5_new20__M26-T2-G0-SPECTRAL-DECOMP-RESIDUAL", "count": 15}
{"completed": "rx8-8_m7282101_k5_new20__M26-T3-G0-JOINT-TARGET-SHIFT-RESIDUAL", "count": 16}
{"completed": "rx8-8_m7282101_k5_new20__M26-T4-G0-MAGNITUDE-GEOMETRY-RESIDUAL", "count": 17}
{"completed": "rx8-8_m7282101_k5_new20__M26-T5-G0-JOINT-MAGNITUDE-GEOMETRY-TARGET-SHIFT-RESIDUAL", "count": 18}
{"completed": "rx8-8_m7282101_k10_new5__M24-D1-COMPILE-PARITY", "count": 19}
{"completed": "rx8-8_m7282101_k10_new5__M26-T1-G0-IDENTITY-DOMAIN-RESIDUAL", "count": 20}
{"completed": "rx8-8_m7282101_k10_new5__M26-T2-G0-SPECTRAL-DECOMP-RESIDUAL", "count": 21}
{"completed": "rx8-8_m7282101_k10_new5__M26-T3-G0-JOINT-TARGET-SHIFT-RESIDUAL", "count": 22}
{"completed": "rx8-8_m7282101_k10_new5__M26-T4-G0-MAGNITUDE-GEOMETRY-RESIDUAL", "count": 23}
{"completed": "rx8-8_m7282101_k10_new5__M26-T5-G0-JOINT-MAGNITUDE-GEOMETRY-TARGET-SHIFT-RESIDUAL", "count": 24}
{"row_count": 24, "status": "PREDICTIONS_COMPLETE_TRUTH_UNOPENED"}
