{"load_state": {"missing": ["dom_backbone.cls_head.id_gate.0.weight", "dom_backbone.cls_head.imp_merge.0.weight", "dom_backbone.cls_head.joint_proj.0.weight", "dom_backbone.freq_stats_proj.0.bias", "dom_backbone.freq_stats_proj.0.weight", "dom_backbone.pa_stats_proj.0.bias", "dom_backbone.pa_stats_proj.0.weight"], "unexpected": ["dom_backbone.dac_hf_proj.0.weight", "dom_backbone.dac_hf_proj.1.weight", "dom_backbone.dac_hf_proj.1.bias", "dom_backbone.dac_b1.conv.wr.weight", "dom_backbone.dac_b1.conv.wi.weight", "dom_backbone.dac_b1.conv.vr.weight", "dom_backbone.dac_b1.conv.vi.weight", "dom_backbone.dac_b1.norm.weight", "dom_backbone.dac_b1.norm.bias", "dom_backbone.dac_b2.conv.wr.weight", "dom_backbone.dac_b2.conv.wi.weight", "dom_backbone.dac_b2.conv.vr.weight", "dom_backbone.dac_b2.conv.vi.weight", "dom_backbone.dac_b2.norm.weight", "dom_backbone.dac_b2.norm.bias", "dom_backbone.dac_b2.res_proj.0.weight", "dom_backbone.dac_b3.conv.wr.weight", "dom_backbone.dac_b3.conv.wi.weight", "dom_backbone.dac_b3.conv.vr.weight", "dom_backbone.dac_b3.conv.vi.weight", "dom_backbone.dac_b3.norm.weight", "dom_backbone.dac_b3.norm.bias", "dom_backbone.dac_b3.res_proj.0.weight", "dom_backbone.dac_proj.0.weight", "dom_backbone.dac_proj.0.bias", "dom_backbone.cls_head.dac_proj.0.weight", "dom_backbone.cls_head.dac_proj.0.bias", "dom_backbone.cls_head.dac_head.0.weight", "dom_backbone.cls_head.dac_head.0.bias", "dom_backbone.cls_head.dac_head.2.weight", "dom_backbone.cls_head.dac_head.2.bias"], "skipped": [["dom_backbone.cls_head.id_gate.0.weight", [160, 320], [160, 160]], ["dom_backbone.cls_head.joint_proj.0.weight", [160, 480], [160, 320]], ["dom_backbone.cls_head.imp_merge.0.weight", [160, 320], [160, 160]]]}}
{"load_state": {"missing": ["dom_backbone.cls_head.id_gate.0.weight", "dom_backbone.cls_head.imp_merge.0.weight", "dom_backbone.cls_head.joint_proj.0.weight", "dom_backbone.freq_stats_proj.0.bias", "dom_backbone.freq_stats_proj.0.weight", "dom_backbone.pa_stats_proj.0.bias", "dom_backbone.pa_stats_proj.0.weight"], "unexpected": ["dom_backbone.dac_hf_proj.0.weight", "dom_backbone.dac_hf_proj.1.weight", "dom_backbone.dac_hf_proj.1.bias", "dom_backbone.dac_b1.conv.wr.weight", "dom_backbone.dac_b1.conv.wi.weight", "dom_backbone.dac_b1.conv.vr.weight", "dom_backbone.dac_b1.conv.vi.weight", "dom_backbone.dac_b1.norm.weight", "dom_backbone.dac_b1.norm.bias", "dom_backbone.dac_b2.conv.wr.weight", "dom_backbone.dac_b2.conv.wi.weight", "dom_backbone.dac_b2.conv.vr.weight", "dom_backbone.dac_b2.conv.vi.weight", "dom_backbone.dac_b2.norm.weight", "dom_backbone.dac_b2.norm.bias", "dom_backbone.dac_b2.res_proj.0.weight", "dom_backbone.dac_b3.conv.wr.weight", "dom_backbone.dac_b3.conv.wi.weight", "dom_backbone.dac_b3.conv.vr.weight", "dom_backbone.dac_b3.conv.vi.weight", "dom_backbone.dac_b3.norm.weight", "dom_backbone.dac_b3.norm.bias", "dom_backbone.dac_b3.res_proj.0.weight", "dom_backbone.dac_proj.0.weight", "dom_backbone.dac_proj.0.bias", "dom_backbone.cls_head.dac_proj.0.weight", "dom_backbone.cls_head.dac_proj.0.bias", "dom_backbone.cls_head.dac_head.0.weight", "dom_backbone.cls_head.dac_head.0.bias", "dom_backbone.cls_head.dac_head.2.weight", "dom_backbone.cls_head.dac_head.2.bias"], "skipped": [["dom_backbone.cls_head.id_gate.0.weight", [160, 320], [160, 160]], ["dom_backbone.cls_head.joint_proj.0.weight", [160, 480], [160, 320]], ["dom_backbone.cls_head.imp_merge.0.weight", [160, 320], [160, 160]]]}}
{"epoch": 5.0, "loss": 3.534505397796631, "mse": 0.05510596632957458, "cos": 0.12775786185264587, "ce": 0.7966028819084168, "clean": 0.004807057589292526, "feat_margin": 0.1901686363220215, "clean_margin": 0.003526926192454994, "proxy_unknown_sep": 0.5897451543807983, "proxy_unknown_supcon": 8.229873390197755, "proxy_unknown_proto_ce": 3.3357832622528076, "proxy_unknown_pair_margin": 0.147574800491333, "proxy_unknown_old_margin": 0.08822281259298324, "proxy_unknown_hard_pair": 0.0017252023927867412, "proxy_unknown_hard_old": 0.0006726971021853387, "resid": 0.0}
{"epoch": 10.0, "loss": 3.4175332431793213, "mse": 0.05326439735293388, "cos": 0.11800760981440545, "ce": 0.7173158123493194, "clean": 0.006550771847367287, "feat_margin": 0.18787435775995254, "clean_margin": 0.004681193049997092, "proxy_unknown_sep": 0.5615497488975525, "proxy_unknown_supcon": 7.828876483917236, "proxy_unknown_proto_ce": 3.1960517349243163, "proxy_unknown_pair_margin": 0.13618714118003844, "proxy_unknown_old_margin": 0.07289223325252533, "proxy_unknown_hard_pair": 0.0017415083535015582, "proxy_unknown_hard_old": 0.0008909649159759283, "resid": 0.0}
{"epoch": 15.0, "loss": 3.2046834659576415, "mse": 0.0560968399643898, "cos": 0.11731393837928772, "ce": 0.6783079128265381, "clean": 0.004033778823912143, "feat_margin": 0.18027887976169585, "clean_margin": 0.0015560743734240531, "proxy_unknown_sep": 0.5290452508926392, "proxy_unknown_supcon": 7.4533614234924315, "proxy_unknown_proto_ce": 3.012867088317871, "proxy_unknown_pair_margin": 0.12510044240951537, "proxy_unknown_old_margin": 0.06257041603326798, "proxy_unknown_hard_pair": 0.0012658035978674888, "proxy_unknown_hard_old": 0.001179775515338406, "resid": 0.0}
{"epoch": 20.0, "loss": 3.1553057651519776, "mse": 0.055329310297966006, "cos": 0.11623291206359863, "ce": 0.6605849113464356, "clean": 0.004052953161299229, "feat_margin": 0.1811514320373535, "clean_margin": 0.0020066041629761455, "proxy_unknown_sep": 0.4920551600456238, "proxy_unknown_supcon": 7.282111385345459, "proxy_unknown_proto_ce": 2.90974871635437, "proxy_unknown_pair_margin": 0.11921462881565094, "proxy_unknown_old_margin": 0.054781822890043255, "proxy_unknown_hard_pair": 0.0011340974882477893, "proxy_unknown_hard_old": 0.0010774884708225727, "resid": 0.0}
{"epoch": 25.0, "loss": 3.021244026184082, "mse": 0.054620167672634126, "cos": 0.10701007747650146, "ce": 0.6015817651748657, "clean": 0.0036562697626650333, "feat_margin": 0.16825803107023238, "clean_margin": 0.0013018258344382047, "proxy_unknown_sep": 0.49342238521575926, "proxy_unknown_supcon": 7.222493572235107, "proxy_unknown_proto_ce": 2.883482587814331, "proxy_unknown_pair_margin": 0.11943279403448105, "proxy_unknown_old_margin": 0.057048656463623046, "proxy_unknown_hard_pair": 0.0005944681102409959, "proxy_unknown_hard_old": 0.0015023782914504408, "resid": 0.0}
{"epoch": 30.0, "loss": 3.0181873359680176, "mse": 0.054349893122911455, "cos": 0.1069074548482895, "ce": 0.640400824546814, "clean": 0.0040856338068842885, "feat_margin": 0.17181493210792542, "clean_margin": 0.001851910561323166, "proxy_unknown_sep": 0.4623471050262451, "proxy_unknown_supcon": 7.034652233123779, "proxy_unknown_proto_ce": 2.7974666957855225, "proxy_unknown_pair_margin": 0.11273907697200775, "proxy_unknown_old_margin": 0.048653945863246915, "proxy_unknown_hard_pair": 0.0007742353726644069, "proxy_unknown_hard_old": 0.0015155584565363824, "resid": 0.0}
{"epoch": 35.0, "loss": 2.916744426727295, "mse": 0.05385659375786781, "cos": 0.1025126069188118, "ce": 0.5743992419242859, "clean": 0.0032947155442088843, "feat_margin": 0.1637311816215515, "clean_margin": 0.0010833469070494176, "proxy_unknown_sep": 0.45775389432907104, "proxy_unknown_supcon": 7.025033073425293, "proxy_unknown_proto_ce": 2.7397792644500734, "proxy_unknown_pair_margin": 0.11181354939937592, "proxy_unknown_old_margin": 0.05163968944549561, "proxy_unknown_hard_pair": 0.0004931960888206959, "proxy_unknown_hard_old": 0.0014590292021166534, "resid": 0.0}
{"epoch": 40.0, "loss": 2.883340177536011, "mse": 0.05092631101608276, "cos": 0.10143632298707962, "ce": 0.5821917300224304, "clean": 0.0038641138076782227, "feat_margin": 0.16042578625679016, "clean_margin": 0.0018078721892088652, "proxy_unknown_sep": 0.4358755044937134, "proxy_unknown_supcon": 6.885608764648437, "proxy_unknown_proto_ce": 2.6428734340667726, "proxy_unknown_pair_margin": 0.10473889821767807, "proxy_unknown_old_margin": 0.047244858503341675, "proxy_unknown_hard_pair": 0.0006167952032992616, "proxy_unknown_hard_old": 0.0011010968647897244, "resid": 0.0}
{"epoch": 45.0, "loss": 2.799628330230713, "mse": 0.05257389479875565, "cos": 0.09901448351144791, "ce": 0.5373926110267639, "clean": 0.003445677049458027, "feat_margin": 0.15385077226161956, "clean_margin": 0.0010339646867942064, "proxy_unknown_sep": 0.43548208045959474, "proxy_unknown_supcon": 6.798892944335938, "proxy_unknown_proto_ce": 2.6238688259124756, "proxy_unknown_pair_margin": 0.10324504226446152, "proxy_unknown_old_margin": 0.045591073513031, "proxy_unknown_hard_pair": 0.000250559953507036, "proxy_unknown_hard_old": 0.002077022097539157, "resid": 0.0}
{"epoch": 50.0, "loss": 2.7589294624328615, "mse": 0.05250969144701958, "cos": 0.1007977494597435, "ce": 0.5202821462154389, "clean": 0.0030522662848234175, "feat_margin": 0.15281228679418563, "clean_margin": 0.0009155643004924059, "proxy_unknown_sep": 0.411772234916687, "proxy_unknown_supcon": 6.738303295135498, "proxy_unknown_proto_ce": 2.5083341503143313, "proxy_unknown_pair_margin": 0.09805759519338608, "proxy_unknown_old_margin": 0.04312081605195999, "proxy_unknown_hard_pair": 0.0004892993069806835, "proxy_unknown_hard_old": 0.0009962884820997715, "resid": 0.0}
{"epoch": 55.0, "loss": 2.7020138149261475, "mse": 0.05174585637450218, "cos": 0.09262170618772507, "ce": 0.5271823045015335, "clean": 0.0039904599860310554, "feat_margin": 0.13915325164794923, "clean_margin": 0.0020438557118177413, "proxy_unknown_sep": 0.4039460790157318, "proxy_unknown_supcon": 6.753329917907715, "proxy_unknown_proto_ce": 2.4771274662017824, "proxy_unknown_pair_margin": 0.09782605999708176, "proxy_unknown_old_margin": 0.0447339625954628, "proxy_unknown_hard_pair": 0.0004803447165177204, "proxy_unknown_hard_old": 0.0016018345691263677, "resid": 0.0}
{"epoch": 60.0, "loss": 2.683873125076294, "mse": 0.05226366412639618, "cos": 0.09315813732147217, "ce": 0.5207699251174926, "clean": 0.0028903252463787794, "feat_margin": 0.13971987879276276, "clean_margin": 0.0010277578374370932, "proxy_unknown_sep": 0.41557654571533204, "proxy_unknown_supcon": 6.774106052398682, "proxy_unknown_proto_ce": 2.4666995162963867, "proxy_unknown_pair_margin": 0.0970475242137909, "proxy_unknown_old_margin": 0.04733402451872826, "proxy_unknown_hard_pair": 0.0003674376036506146, "proxy_unknown_hard_old": 0.001397956641856581, "resid": 0.0}
{
  "exported": [
    "/home/szu2070436088/2510044040/CV-SincNet/runs/phase2_qknn_hardpair_20260705/MANYNEW10_HARDPAIR_HP02/ADV3B02_CORE90_SOFT_E200_PHASE1_HARDPAIR_HP02/features_hardpair_HP02.npz"
  ],
  "phase": "phase1_iq_preadapter_v11",
  "train_info": {
    "clean_input_repair_mode": "raw",
    "epochs": 60,
    "history_first": {
      "ce": 1.0238099641799927,
      "clean": 0.010323650941252708,
      "clean_margin": 0.009597556330263615,
      "cos": 0.13882561057806014,
      "epoch": 1.0,
      "feat_margin": 0.19592900145053863,
      "loss": 4.164723556518554,
      "mse": 0.05400364890694618,
      "proxy_unknown_hard_old": 0.0016787565601989627,
      "proxy_unknown_hard_pair": 0.002990280090365559,
      "proxy_unknown_old_margin": 0.13149952578544616,
      "proxy_unknown_pair_margin": 0.186180743932724,
      "proxy_unknown_proto_ce": 3.8756664581298828,
      "proxy_unknown_sep": 0.6517556161880493,
      "proxy_unknown_supcon": 9.574944946289062,
      "resid": 0.0
    },
    "history_last": {
      "ce": 0.5207699251174926,
      "clean": 0.0028903252463787794,
      "clean_margin": 0.0010277578374370932,
      "cos": 0.09315813732147217,
      "epoch": 60.0,
      "feat_margin": 0.13971987879276276,
      "loss": 2.683873125076294,
      "mse": 0.05226366412639618,
      "proxy_unknown_hard_old": 0.001397956641856581,
      "proxy_unknown_hard_pair": 0.0003674376036506146,
      "proxy_unknown_old_margin": 0.04733402451872826,
      "proxy_unknown_pair_margin": 0.0970475242137909,
      "proxy_unknown_proto_ce": 2.4666995162963867,
      "proxy_unknown_sep": 0.41557654571533204,
      "proxy_unknown_supcon": 6.774106052398682,
      "resid": 0.0
    },
    "input_adapter_enabled": false,
    "input_repair": "raw",
    "loss_weights": {
      "class_loss_weights": "",
      "clean_feature_margin": 7.5,
      "clean_identity": 22.0,
      "cos": 2.0,
      "feature_margin": 4.5,
      "logit_ce": 0.0,
      "mse": 1.0,
      "proto_ce": 0.2,
      "proxy_unknown_hard_old_margin": 0.05,
      "proxy_unknown_hard_old_margin_weight": 0.01,
      "proxy_unknown_hard_pair_ids": "19-19:10-7,19-19:3,17-10:10-7,17-10:3,19-19:17-10,16-5:19-19,16-5:3,10-7:19-19,10-7:3,10-7:17-10,10-7:1-1,10-7:1,19-19:14-11,19-19:1,19-19:16-16,19-19:1-1,14-11:16-16,14-11:1,16-5:14-11,16-5:1,5-5:19-19,5-5:3,5-5:16-5,5-5:10-7,5-5:17-10,5-5:14-11,5-1:19-19,5-1:3,5-5:1,5-5:16-16,5-5:3-13,5-5:2-6,1-18:14-11,1-18:1,5-1:14-11,5-1:1",
      "proxy_unknown_hard_pair_margin": 0.08,
      "proxy_unknown_hard_pair_margin_weight": 0.02,
      "proxy_unknown_max_cos": 0.05,
      "proxy_unknown_old_margin": 0.05,
      "proxy_unknown_old_margin_weight": 0.12,
      "proxy_unknown_pair_margin": 0.07,
      "proxy_unknown_pair_margin_weight": 0.14,
      "proxy_unknown_proto_ce": 0.12,
      "proxy_unknown_proto_temperature": 0.07,
      "proxy_unknown_separation": 0.1,
      "proxy_unknown_supcon": 0.16,
      "proxy_unknown_supcon_temperature": 0.07,
      "residual": 0.0,
      "teacher_logit_distill": 0.16
    },
    "model_adapter": {
      "mode": "id_norm_late_feature",
      "trainable_parameters": 289685,
      "trainable_tensors": [
        "id_backbone.t1.norm.weight",
        "id_backbone.t1.norm.bias",
        "id_backbone.t2.norm.weight",
        "id_backbone.t2.norm.bias",
        "id_backbone.t3.norm.weight",
        "id_backbone.t3.norm.bias",
        "id_backbone.t_proj.weight",
        "id_backbone.t_proj.bias",
        "id_backbone.f1.norm.weight",
        "id_backbone.f1.norm.bias",
        "id_backbone.f2.norm.weight",
        "id_backbone.f2.norm.bias",
        "id_backbone.f3.norm.weight",
        "id_backbone.f3.norm.bias",
        "id_backbone.f_proj.weight",
        "id_backbone.f_proj.bias",
        "id_backbone.freq_gate.conv.weight",
        "id_backbone.freq_gate.conv.bias",
        "id_backbone.pa_gate.net.weight",
        "id_backbone.pa_gate.net.bias",
        "id_backbone.pa_b1.norm.weight",
        "id_backbone.pa_b1.norm.bias",
        "id_backbone.pa_b2.norm.weight",
        "id_backbone.pa_b2.norm.bias",
        "id_backbone.pa_b3.norm.weight",
        "id_backbone.pa_b3.norm.bias",
        "id_backbone.pa_proj.0.weight",
        "id_backbone.pa_proj.0.bias",
        "id_backbone.fuse.0.weight",
        "id_backbone.fuse.0.bias",
        "id_backbone.con_proj.0.weight",
        "id_backbone.con_proj.0.bias",
        "id_backbone.cls_head.id_proj.0.weight",
        "id_backbone.cls_head.id_proj.0.bias",
        "id_backbone.cls_head.pa_proj.0.weight",
        "id_backbone.cls_head.pa_proj.0.bias",
        "id_backbone.cls_head.id_gate.0.weight",
        "id_backbone.cls_head.id_gate.0.bias",
        "id_backbone.cls_head.joint_proj.0.weight",
        "id_backbone.cls_head.joint_proj.0.bias",
        "id_backbone.cls_head.imp_merge.0.weight",
        "id_backbone.cls_head.imp_merge.0.bias"
      ]
    },
    "proxy_unknown_train": {
      "days": null,
      "pkl": "/home/szu2070436088/2510044040/CV-SincNet/Dataset_WigSig/ManyTx.pkl",
      "role": "proxy_unknown_train",
      "rxs": "1-1,1-19,14-7,18-2,19-2,2-1",
      "size": 62500,
      "tx_idx": [
        0,
        1,
        2,
        3,
        4,
        5,
        6,
        7,
        8,
        9,
        10,
        13,
        14,
        15,
        16,
        17,
        19,
        20,
        21,
        22,
        23,
        25,
        26,
        27,
        28,
        30,
        31,
        32,
        33,
        35,
        36,
        37,
        38,
        39,
        41,
        42,
        43,
        44,
        45,
        46,
        47,
        48,
        49,
        50,
        51,
        52,
        53,
        54,
        55,
        56,
        57,
        58,
        59,
        60,
        61,
        62,
        63,
        64,
        66,
        67,
        68,
        69,
        70,
        71,
        72,
        73,
        74,
        75,
        76,
        77,
        79,
        80,
        81,
        82,
        83,
        85,
        87,
        88,
        89,
        90,
        91,
        92,
        93,
        94,
        96,
        97,
        98,
        99,
        100,
        101,
        103,
        104,
        106,
        107,
        108,
        109,
        110,
        111,
        112,
        113,
        114,
        115,
        116,
        117,
        119,
        121,
        122,
        123,
        124,
        125,
        126,
        128,
        129,
        130,
        134,
        135,
        136,
        137,
        138,
        139,
        144,
        145,
        146,
        148,
        149
      ],
      "tx_labels": [
        "1-1",
        "1-10",
        "1-11",
        "1-12",
        "1-14",
        "1-15",
        "1-16",
        "1-18",
        "1-19",
        "1-2",
        "1-8",
        "10-11",
        "10-17",
        "10-4",
        "10-7",
        "11-1",
        "11-17",
        "11-19",
        "11-20",
        "11-4",
        "11-7",
        "12-19",
        "12-20",
        "12-7",
        "13-14",
        "13-19",
        "13-20",
        "13-3",
        "13-7",
        "14-11",
        "14-12",
        "14-13",
        "14-14",
        "14-20",
        "14-8",
        "14-9",
        "15-1",
        "15-19",
        "15-6",
        "16-1",
        "16-16",
        "16-19",
        "16-20",
        "16-5",
        "17-10",
        "17-11",
        "18-1",
        "18-10",
        "18-11",
        "18-12",
        "18-13",
        "18-14",
        "18-15",
        "18-16",
        "18-17",
        "18-2",
        "18-20",
        "18-4",
        "18-7",
        "18-8",
        "18-9",
        "19-1",
        "19-10",
        "19-11",
        "19-12",
        "19-13",
        "19-14",
        "19-19",
        "19-2",
        "19-20",
        "19-4",
        "19-6",
        "19-7",
        "19-8",
        "19-9",
        "2-12",
        "2-14",
        "2-15",
        "2-16",
        "2-17",
        "2-19",
        "2-20",
        "2-3",
        "2-4",
        "2-6",
        "2-7",
        "2-8",
        "20-1",
        "20-12",
        "20-14",
        "20-16",
        "20-18",
        "20-20",
        "20-3",
        "20-4",
        "20-5",
        "20-7",
        "20-8",
        "3-1",
        "3-13",
        "3-18",
        "3-19",
        "3-2",
        "3-20",
        "4-1",
        "4-11",
        "5-1",
        "5-16",
        "5-20",
        "5-5",
        "6-1",
        "6-6",
        "7-10",
        "7-11",
        "7-20",
        "7-7",
        "7-8",
        "7-9",
        "8-1",
        "8-13",
        "8-7",
        "8-8",
        "9-1",
        "9-20",
        "9-7"
      ]
    },
    "scenario_configs": {
      "leo_clear_weak": {
        "K_db_range": [
          16.0,
          24.0
        ],
        "agc_resid_db": [
          -0.2,
          0.2
        ],
        "apply_path_loss_to_iq": false,
        "cfo_std_hz": 50.0,
        "channel_model": "leo_residual",
        "enable_atmospheric_fading": false,
        "enable_iq_imbalance": false,
        "enable_multipath": true,
        "fading_mode": "rician",
        "loo_level": "light",
        "max_delay_samp": 2,
        "multipath_profile": "weak",
        "num_taps": [
          2,
          2
        ],
        "orbit_probs": {
          "GEO": 0.0,
          "LEO": 1.0,
          "MEO": 0.0
        },
        "phase_noise_inc_std": [
          0.0,
          0.0005
        ],
        "pwr_decay": 0.08,
        "scenario": "leo_residual",
        "snr_db": [
          22.0,
          32.0
        ],
        "theta_deg": [
          35.0,
          90.0
        ],
        "use_residual_doppler": true,
        "weather": "clear"
      },
      "leo_low_elev_weak": {
        "K_db_range": [
          8.0,
          18.0
        ],
        "agc_resid_db": [
          -0.3,
          0.3
        ],
        "apply_path_loss_to_iq": false,
        "cfo_std_hz": 90.0,
        "channel_model": "leo_residual",
        "enable_atmospheric_fading": false,
        "enable_iq_imbalance": false,
        "enable_multipath": true,
        "fading_mode": "shadowed_rician",
        "loo_level": "light",
        "max_delay_samp": 3,
        "multipath_profile": "weak",
        "num_taps": [
          2,
          2
        ],
        "orbit_probs": {
          "GEO": 0.0,
          "LEO": 1.0,
          "MEO": 0.0
        },
        "phase_noise_inc_std": [
          0.0001,
          0.0008
        ],
        "pwr_decay": 0.12,
        "scenario": "leo_residual",
        "snr_db": [
          16.0,
          28.0
        ],
        "theta_deg": [
          10.0,
          35.0
        ],
        "use_residual_doppler": true,
        "weather": "clear"
      },
      "leo_rain_weak": {
        "K_db_range": [
          10.0,
          20.0
        ],
        "agc_resid_db": [
          -0.3,
          0.3
        ],
        "apply_path_loss_to_iq": false,
        "cfo_std_hz": 70.0,
        "channel_model": "leo_residual",
        "enable_atmospheric_fading": false,
        "enable_iq_imbalance": false,
        "enable_multipath": true,
        "fading_mode": "rician",
        "loo_level": "light",
        "max_delay_samp": 3,
        "multipath_profile": "weak",
        "num_taps": [
          2,
          2
        ],
        "orbit_probs": {
          "GEO": 0.0,
          "LEO": 1.0,
          "MEO": 0.0
        },
        "phase_noise_inc_std": [
          0.0001,
          0.0007
        ],
        "pwr_decay": 0.1,
        "scenario": "leo_residual",
        "snr_db": [
          14.0,
          26.0
        ],
        "theta_deg": [
          20.0,
          80.0
        ],
        "use_residual_doppler": true,
        "weather": "rain"
      }
    },
    "scenarios": [
      "leo_clear_weak",
      "leo_low_elev_weak",
      "leo_rain_weak"
    ]
  },
  "uses_target_clean": false,
  "uses_target_labels_for_training": false,
  "uses_unknown_query_for_threshold": false
}
{
  "best": [
    {
      "transform_mode": "diag_fisher",
      "transform_strength": 0.5,
      "topm": 4,
      "proto_mix": 0.25,
      "aux_score_weight": 0.0,
      "radius_norm": 0.0,
      "old_bias": 0.001,
      "neg_lambda": 0.7,
      "neg_threshold": 0.75,
      "neg_margin": 0.01,
      "mutual_only": true,
      "scenario_aware": true,
      "balanced_assignment": true,
      "scenario_balanced_assignment": false,
      "proto_repel_lambda": 0.0,
      "proto_repel_margin": 0.85,
      "proto_repel_steps": 0,
      "proto_repel_anchor": 0.5,
      "pair_refine_similarity": 1.1,
      "pair_refine_changed_predictions": 0,
      "pair_axis_similarity": 1.1,
      "pair_axis_weight": 0.0,
      "pair_axis_clip": 1.0,
      "pair_axis_count": 0,
      "pair_gaussian_similarity": 0.95,
      "pair_gaussian_weight": 0.005,
      "pair_gaussian_clip": 2.0,
      "pair_gaussian_count": 2,
      "pair_fisher_similarity": 0.9,
      "pair_fisher_weight": 0.01,
      "pair_fisher_alpha": 1.0,
      "pair_fisher_clip": 2.0,
      "pair_fisher_count": 4,
      "support_guided_proxy_weight": 0.0,
      "support_guided_proxy_top_pairs": 0,
      "support_guided_proxy_clip": 2.0,
      "support_guided_proxy_count": 0,
      "stored_support_guided_proxy_scalars": 0,
      "pair_logreg_similarity": 1.1,
      "pair_logreg_weight": 0.0,
      "pair_logreg_alpha": 1.0,
      "pair_logreg_clip": 2.0,
      "pair_logreg_scope": "all",
      "pair_logreg_count": 0,
      "stored_pair_logreg_scalars": 0,
      "new_old_conflict_bias_threshold": 1.1,
      "new_old_conflict_bias_weight": 0.0,
      "new_old_conflict_bias": {},
      "old_new_runnerup_rescue_similarity": 1.1,
      "old_new_runnerup_rescue_margin": 0.0,
      "old_new_runnerup_rescue_weight": 0.0,
      "old_new_runnerup_rescue_pairs": 0,
      "old_new_runnerup_rescue_count": 0,
      "bootstrap_proto_mix": 0.0,
      "bootstrap_proto_drop": 1,
      "bootstrap_proto_topm": 1,
      "stored_bootstrap_prototype_count": 0,
      "core_proto_weight": 0.0,
      "core_proto_count": 2,
      "core_proto_topm": 2,
      "core_proto_mode": "axis",
      "stored_core_prototype_count": 0,
      "ridge_head_weight": 0.015,
      "ridge_head_alpha": 0.01,
      "ridge_head_clip": 2.0,
      "stored_ridge_head_scalars": 2576,
      "subspace_proto_weight": 0.0,
      "subspace_proto_rank": 8,
      "subspace_proto_rank_used": 0,
      "subspace_proto_power": 0.0,
      "subspace_proto_clip": 3.0,
      "stored_subspace_proto_scalars": 0,
      "class_diag_metric_weight": 0.0,
      "class_diag_metric_similarity": 0.9,
      "class_diag_metric_alpha": 0.01,
      "class_diag_metric_power": 0.5,
      "class_diag_metric_clip": 2.0,
      "class_diag_metric_count": 0,
      "stored_class_diag_metric_scalars": 0,
      "support_bias_weight": 0.0,
      "support_bias_step": 0.01,
      "support_bias_rounds": 4,
      "support_bias_loo_min_acc": 0.0,
      "support_bias_loo_mean_acc": 0.0,
      "stored_support_bias_scalars": 0,
      "mahal_proto_weight": 0.0,
      "mahal_proto_alpha": 1.0,
      "mahal_proto_diag_mix": 0.5,
      "mahal_proto_clip": 3.0,
      "score_calibration": "none",
      "assignment_margin_weight": 0.0,
      "assignment_margin_clip": 1.0,
      "labelprop_weight": 0.0,
      "labelprop_k": 8,
      "labelprop_alpha": 0.8,
      "labelprop_temperature": 0.05,
      "labelprop_rounds": 10,
      "labelprop_clip": 2.0,
      "labelprop_scope": "all",
      "labelprop_edges": 0,
      "query_graph_weight": 0.0,
      "query_graph_k": 8,
      "query_graph_temperature": 0.05,
      "query_graph_rounds": 1,
      "query_graph_scope": "all",
      "query_graph_edges": 0,
      "source_guard_mode": "none",
      "source_guard_weight": 0.0,
      "source_guard_conf_min": 0.0,
      "source_guard_margin_min": 0.0,
      "source_guard_count": 0,
      "source_proto_anchor_mode": "none",
      "source_proto_anchor_weight": 0.0,
      "source_proto_anchor_center": 0.0,
      "source_proto_anchor_count": 0,
      "stored_source_proto_anchor_scalars": 0,
      "stored_mahal_proto_scalars": 0,
      "stored_quantized_support_code_count": 160,
      "stored_raw_support_count": 0,
      "stored_class_prototype_count": 16,
      "stored_transform_scalars": 320,
      "stored_aux_transform_scalars": 0,
      "transform_scale_min": 0.22360679774997896,
      "transform_scale_max": 3.12385550804186,
      "transform_scale_mean": 1.063099247388101,
      "class_radii": {
        "14-10": 0.012356618554648069,
        "14-7": 0.19393043937321816,
        "20-15": 0.3671473607042421,
        "20-19": 0.06520287499874852,
        "6-15": 0.006142793520532275,
        "8-20": 0.006607862229219686,
        "10-10": 0.2162803467730916,
        "11-10": 0.05483753093011219,
        "18-5": 0.21233731877629963,
        "19-3": 0.09512615547462845,
        "2-13": 0.2661163402105266,
        "2-5": 0.34892569730743783,
        "3-8": 0.1275227500094567,
        "4-10": 0.08279369020131681,
        "8-18": 0.29492255138198215,
        "8-3": 0.027607986046612753
      },
      "max_offdiag_proto_sim": 0.970676326799802,
      "query_old_acc": 0.861904761904762,
      "query_min_old_class_acc": 0.7857142857142857,
      "query_seen_new_acc": 0.8542857142857143,
      "query_min_seen_new_class_acc": 0.7,
      "query_per_old_acc": {
        "14-10": 0.8428571428571429,
        "14-7": 0.8285714285714286,
        "20-15": 0.9,
        "20-19": 0.7857142857142857,
        "6-15": 0.8428571428571429,
        "8-20": 0.9714285714285714
      },
      "query_per_new_acc": {
        "10-10": 0.7571428571428571,
        "11-10": 0.7,
        "18-5": 0.9285714285714286,
        "19-3": 0.9142857142857143,
        "2-13": 0.7,
        "2-5": 0.9,
        "3-8": 0.9142857142857143,
        "4-10": 0.9285714285714286,
        "8-18": 0.8857142857142857,
        "8-3": 0.9142857142857143
      },
      "query_passes_new_floor75": false,
      "query_passes_joint_target": false,
      "query_rank_score": [
        0.0,
        0.9333333333333332,
        0.7,
        0.8542857142857143,
        0.861904761904762,
        0.7857142857142857
      ],
      "seed": 421029,
      "support_selection_policy": "stable_first",
      "k_old": 10,
      "k_new": 10,
      "pool_per_old": 10,
      "pool_per_new": 10
    },
    {
      "transform_mode": "diag_fisher",
      "transform_strength": 0.5,
      "topm": 4,
      "proto_mix": 0.25,
      "aux_score_weight": 0.0,
      "radius_norm": 0.0,
      "old_bias": 0.001,
      "neg_lambda": 0.7,
      "neg_threshold": 0.75,
      "neg_margin": 0.01,
      "mutual_only": true,
      "scenario_aware": true,
      "balanced_assignment": true,
      "scenario_balanced_assignment": false,
      "proto_repel_lambda": 0.0,
      "proto_repel_margin": 0.85,
      "proto_repel_steps": 0,
      "proto_repel_anchor": 0.5,
      "pair_refine_similarity": 1.1,
      "pair_refine_changed_predictions": 0,
      "pair_axis_similarity": 1.1,
      "pair_axis_weight": 0.0,
      "pair_axis_clip": 1.0,
      "pair_axis_count": 0,
      "pair_gaussian_similarity": 0.95,
      "pair_gaussian_weight": 0.005,
      "pair_gaussian_clip": 2.0,
      "pair_gaussian_count": 2,
      "pair_fisher_similarity": 0.9,
      "pair_fisher_weight": 0.01,
      "pair_fisher_alpha": 1.0,
      "pair_fisher_clip": 2.0,
      "pair_fisher_count": 4,
      "support_guided_proxy_weight": 0.0,
      "support_guided_proxy_top_pairs": 0,
      "support_guided_proxy_clip": 2.0,
      "support_guided_proxy_count": 0,
      "stored_support_guided_proxy_scalars": 0,
      "pair_logreg_similarity": 1.1,
      "pair_logreg_weight": 0.0,
      "pair_logreg_alpha": 1.0,
      "pair_logreg_clip": 2.0,
      "pair_logreg_scope": "all",
      "pair_logreg_count": 0,
      "stored_pair_logreg_scalars": 0,
      "new_old_conflict_bias_threshold": 1.1,
      "new_old_conflict_bias_weight": 0.0,
      "new_old_conflict_bias": {},
      "old_new_runnerup_rescue_similarity": 1.1,
      "old_new_runnerup_rescue_margin": 0.0,
      "old_new_runnerup_rescue_weight": 0.0,
      "old_new_runnerup_rescue_pairs": 0,
      "old_new_runnerup_rescue_count": 0,
      "bootstrap_proto_mix": 0.0,
      "bootstrap_proto_drop": 1,
      "bootstrap_proto_topm": 1,
      "stored_bootstrap_prototype_count": 0,
      "core_proto_weight": 0.1,
      "core_proto_count": 2,
      "core_proto_topm": 2,
      "core_proto_mode": "axis",
      "stored_core_prototype_count": 32,
      "ridge_head_weight": 0.015,
      "ridge_head_alpha": 0.01,
      "ridge_head_clip": 2.0,
      "stored_ridge_head_scalars": 2576,
      "subspace_proto_weight": 0.0,
      "subspace_proto_rank": 8,
      "subspace_proto_rank_used": 0,
      "subspace_proto_power": 0.0,
      "subspace_proto_clip": 3.0,
      "stored_subspace_proto_scalars": 0,
      "class_diag_metric_weight": 0.0,
      "class_diag_metric_similarity": 0.9,
      "class_diag_metric_alpha": 0.01,
      "class_diag_metric_power": 0.5,
      "class_diag_metric_clip": 2.0,
      "class_diag_metric_count": 0,
      "stored_class_diag_metric_scalars": 0,
      "support_bias_weight": 0.0,
      "support_bias_step": 0.01,
      "support_bias_rounds": 4,
      "support_bias_loo_min_acc": 0.0,
      "support_bias_loo_mean_acc": 0.0,
      "stored_support_bias_scalars": 0,
      "mahal_proto_weight": 0.0,
      "mahal_proto_alpha": 1.0,
      "mahal_proto_diag_mix": 0.5,
      "mahal_proto_clip": 3.0,
      "score_calibration": "none",
      "assignment_margin_weight": 0.0,
      "assignment_margin_clip": 1.0,
      "labelprop_weight": 0.0,
      "labelprop_k": 8,
      "labelprop_alpha": 0.8,
      "labelprop_temperature": 0.05,
      "labelprop_rounds": 10,
      "labelprop_clip": 2.0,
      "labelprop_scope": "all",
      "labelprop_edges": 0,
      "query_graph_weight": 0.0,
      "query_graph_k": 8,
      "query_graph_temperature": 0.05,
      "query_graph_rounds": 1,
      "query_graph_scope": "all",
      "query_graph_edges": 0,
      "source_guard_mode": "none",
      "source_guard_weight": 0.0,
      "source_guard_conf_min": 0.0,
      "source_guard_margin_min": 0.0,
      "source_guard_count": 0,
      "source_proto_anchor_mode": "none",
      "source_proto_anchor_weight": 0.0,
      "source_proto_anchor_center": 0.0,
      "source_proto_anchor_count": 0,
      "stored_source_proto_anchor_scalars": 0,
      "stored_mahal_proto_scalars": 0,
      "stored_quantized_support_code_count": 160,
      "stored_raw_support_count": 0,
      "stored_class_prototype_count": 16,
      "stored_transform_scalars": 320,
      "stored_aux_transform_scalars": 0,
      "transform_scale_min": 0.22360679774997896,
      "transform_scale_max": 3.12385550804186,
      "transform_scale_mean": 1.063099247388101,
      "class_radii": {
        "14-10": 0.012356618554648069,
        "14-7": 0.19393043937321816,
        "20-15": 0.3671473607042421,
        "20-19": 0.06520287499874852,
        "6-15": 0.006142793520532275,
        "8-20": 0.006607862229219686,
        "10-10": 0.2162803467730916,
        "11-10": 0.05483753093011219,
        "18-5": 0.21233731877629963,
        "19-3": 0.09512615547462845,
        "2-13": 0.2661163402105266,
        "2-5": 0.34892569730743783,
        "3-8": 0.1275227500094567,
        "4-10": 0.08279369020131681,
        "8-18": 0.29492255138198215,
        "8-3": 0.027607986046612753
      },
      "max_offdiag_proto_sim": 0.970676326799802,
      "query_old_acc": 0.861904761904762,
      "query_min_old_class_acc": 0.8,
      "query_seen_new_acc": 0.8457142857142858,
      "query_min_seen_new_class_acc": 0.6857142857142857,
      "query_per_old_acc": {
        "14-10": 0.8428571428571429,
        "14-7": 0.8285714285714286,
        "20-15": 0.9,
        "20-19": 0.8,
        "6-15": 0.8285714285714286,
        "8-20": 0.9714285714285714
      },
      "query_per_new_acc": {
        "10-10": 0.7571428571428571,
        "11-10": 0.6857142857142857,
        "18-5": 0.9285714285714286,
        "19-3": 0.9142857142857143,
        "2-13": 0.6857142857142857,
        "2-5": 0.8714285714285714,
        "3-8": 0.9142857142857143,
        "4-10": 0.9285714285714286,
        "8-18": 0.8857142857142857,
        "8-3": 0.8857142857142857
      },
      "query_passes_new_floor75": false,
      "query_passes_joint_target": false,
      "query_rank_score": [
        0.0,
        0.9142857142857143,
        0.6857142857142857,
        0.8457142857142858,
        0.861904761904762,
        0.8
      ],
      "seed": 421029,
      "support_selection_policy": "stable_first",
      "k_old": 10,
      "k_new": 10,
      "pool_per_old": 10,
      "pool_per_new": 10
    }
  ],
  "output_json": "/home/szu2070436088/2510044040/CV-SincNet/runs/phase2_qknn_hardpair_20260705/HP02/qknn_eval/k10_coreproto_hardpair_HP02.json"
}
{
  "best": [
    {
      "transform_mode": "diag_fisher",
      "transform_strength": 0.5,
      "topm": 4,
      "proto_mix": 0.25,
      "aux_score_weight": 0.0,
      "radius_norm": 0.0,
      "old_bias": 0.001,
      "neg_lambda": 0.7,
      "neg_threshold": 0.75,
      "neg_margin": 0.01,
      "mutual_only": true,
      "scenario_aware": true,
      "balanced_assignment": true,
      "scenario_balanced_assignment": false,
      "proto_repel_lambda": 0.0,
      "proto_repel_margin": 0.85,
      "proto_repel_steps": 0,
      "proto_repel_anchor": 0.5,
      "pair_refine_similarity": 1.1,
      "pair_refine_changed_predictions": 0,
      "pair_axis_similarity": 1.1,
      "pair_axis_weight": 0.0,
      "pair_axis_clip": 1.0,
      "pair_axis_count": 0,
      "pair_gaussian_similarity": 1.1,
      "pair_gaussian_weight": 0.0,
      "pair_gaussian_clip": 5.0,
      "pair_gaussian_count": 0,
      "pair_fisher_similarity": 1.1,
      "pair_fisher_weight": 0.0,
      "pair_fisher_alpha": 1.0,
      "pair_fisher_clip": 5.0,
      "pair_fisher_count": 0,
      "support_guided_proxy_weight": 0.0,
      "support_guided_proxy_top_pairs": 0,
      "support_guided_proxy_clip": 2.0,
      "support_guided_proxy_count": 0,
      "stored_support_guided_proxy_scalars": 0,
      "pair_logreg_similarity": 1.1,
      "pair_logreg_weight": 0.0,
      "pair_logreg_alpha": 1.0,
      "pair_logreg_clip": 2.0,
      "pair_logreg_scope": "all",
      "pair_logreg_count": 0,
      "stored_pair_logreg_scalars": 0,
      "new_old_conflict_bias_threshold": 1.1,
      "new_old_conflict_bias_weight": 0.0,
      "new_old_conflict_bias": {},
      "old_new_runnerup_rescue_similarity": 1.1,
      "old_new_runnerup_rescue_margin": 0.0,
      "old_new_runnerup_rescue_weight": 0.0,
      "old_new_runnerup_rescue_pairs": 0,
      "old_new_runnerup_rescue_count": 0,
      "bootstrap_proto_mix": 0.0,
      "bootstrap_proto_drop": 1,
      "bootstrap_proto_topm": 1,
      "stored_bootstrap_prototype_count": 0,
      "core_proto_weight": 0.0,
      "core_proto_count": 3,
      "core_proto_topm": 1,
      "core_proto_mode": "centroid",
      "stored_core_prototype_count": 0,
      "ridge_head_weight": 0.0,
      "ridge_head_alpha": 1.0,
      "ridge_head_clip": 3.0,
      "stored_ridge_head_scalars": 0,
      "subspace_proto_weight": 0.0,
      "subspace_proto_rank": 8,
      "subspace_proto_rank_used": 0,
      "subspace_proto_power": 0.0,
      "subspace_proto_clip": 3.0,
      "stored_subspace_proto_scalars": 0,
      "class_diag_metric_weight": 0.0,
      "class_diag_metric_similarity": 0.9,
      "class_diag_metric_alpha": 0.01,
      "class_diag_metric_power": 0.5,
      "class_diag_metric_clip": 2.0,
      "class_diag_metric_count": 0,
      "stored_class_diag_metric_scalars": 0,
      "support_bias_weight": 0.0,
      "support_bias_step": 0.01,
      "support_bias_rounds": 4,
      "support_bias_loo_min_acc": 0.0,
      "support_bias_loo_mean_acc": 0.0,
      "stored_support_bias_scalars": 0,
      "mahal_proto_weight": 0.0,
      "mahal_proto_alpha": 1.0,
      "mahal_proto_diag_mix": 0.5,
      "mahal_proto_clip": 3.0,
      "score_calibration": "none",
      "assignment_margin_weight": 0.0,
      "assignment_margin_clip": 1.0,
      "labelprop_weight": 0.0,
      "labelprop_k": 8,
      "labelprop_alpha": 0.8,
      "labelprop_temperature": 0.05,
      "labelprop_rounds": 10,
      "labelprop_clip": 2.0,
      "labelprop_scope": "all",
      "labelprop_edges": 0,
      "query_graph_weight": 0.0,
      "query_graph_k": 8,
      "query_graph_temperature": 0.05,
      "query_graph_rounds": 1,
      "query_graph_scope": "all",
      "query_graph_edges": 0,
      "source_guard_mode": "add_old",
      "source_guard_weight": 0.05,
      "source_guard_conf_min": 0.0,
      "source_guard_margin_min": 0.0,
      "source_guard_count": 1200,
      "source_proto_anchor_mode": "none",
      "source_proto_anchor_weight": 0.0,
      "source_proto_anchor_center": 0.0,
      "source_proto_anchor_count": 0,
      "stored_source_proto_anchor_scalars": 0,
      "stored_mahal_proto_scalars": 0,
      "stored_quantized_support_code_count": 80,
      "stored_raw_support_count": 0,
      "stored_class_prototype_count": 16,
      "stored_transform_scalars": 320,
      "stored_aux_transform_scalars": 0,
      "transform_scale_min": 0.22360679774997896,
      "transform_scale_max": 3.9443251432417625,
      "transform_scale_mean": 1.0555388029995485,
      "class_radii": {
        "14-10": 0.02030870260296409,
        "14-7": 0.028481855760074337,
        "20-15": 0.38528815943911277,
        "20-19": 0.07891222775121706,
        "6-15": 0.010062844842033458,
        "8-20": 0.030229677919524533,
        "10-10": 0.1466701079037149,
        "11-10": 0.10053137031175723,
        "18-5": 0.17788867763830127,
        "19-3": 0.08302526837333894,
        "2-13": 0.20837376624245962,
        "2-5": 0.2504786620241952,
        "3-8": 0.07610337889856382,
        "4-10": 0.10492257627895751,
        "8-18": 0.21449419666318503,
        "8-3": 0.03520474596937544
      },
      "max_offdiag_proto_sim": 0.9671994781018094,
      "query_old_acc": 0.8533333333333334,
      "query_min_old_class_acc": 0.6933333333333334,
      "query_seen_new_acc": 0.8053333333333333,
      "query_min_seen_new_class_acc": 0.6133333333333333,
      "query_per_old_acc": {
        "14-10": 0.8266666666666667,
        "14-7": 0.7866666666666666,
        "20-15": 0.92,
        "20-19": 0.6933333333333334,
        "6-15": 0.9066666666666666,
        "8-20": 0.9866666666666667
      },
      "query_per_new_acc": {
        "10-10": 0.64,
        "11-10": 0.7466666666666667,
        "18-5": 0.9066666666666666,
        "19-3": 0.8666666666666667,
        "2-13": 0.6133333333333333,
        "2-5": 0.8133333333333334,
        "3-8": 0.88,
        "4-10": 0.9066666666666666,
        "8-18": 0.8533333333333334,
        "8-3": 0.8266666666666667
      },
      "query_passes_new_floor75": false,
      "query_passes_joint_target": false,
      "query_rank_score": [
        0.0,
        0.8177777777777777,
        0.6133333333333333,
        0.8053333333333333,
        0.8533333333333334,
        0.6933333333333334
      ],
      "seed": 421037,
      "support_selection_policy": "stable_first",
      "k_old": 5,
      "k_new": 5,
      "pool_per_old": 5,
      "pool_per_new": 5
    }
  ],
  "output_json": "/home/szu2070436088/2510044040/CV-SincNet/runs/phase2_qknn_hardpair_20260705/HP02/qknn_eval/k5_sourceguard_hardpair_HP02.json"
}
