{"load_state": {"missing": ["dom_backbone.cls_head.id_gate.0.weight", "dom_backbone.cls_head.imp_merge.0.weight", "dom_backbone.cls_head.joint_proj.0.weight", "dom_backbone.freq_stats_proj.0.bias", "dom_backbone.freq_stats_proj.0.weight", "dom_backbone.pa_stats_proj.0.bias", "dom_backbone.pa_stats_proj.0.weight"], "unexpected": ["dom_backbone.dac_hf_proj.0.weight", "dom_backbone.dac_hf_proj.1.weight", "dom_backbone.dac_hf_proj.1.bias", "dom_backbone.dac_b1.conv.wr.weight", "dom_backbone.dac_b1.conv.wi.weight", "dom_backbone.dac_b1.conv.vr.weight", "dom_backbone.dac_b1.conv.vi.weight", "dom_backbone.dac_b1.norm.weight", "dom_backbone.dac_b1.norm.bias", "dom_backbone.dac_b2.conv.wr.weight", "dom_backbone.dac_b2.conv.wi.weight", "dom_backbone.dac_b2.conv.vr.weight", "dom_backbone.dac_b2.conv.vi.weight", "dom_backbone.dac_b2.norm.weight", "dom_backbone.dac_b2.norm.bias", "dom_backbone.dac_b2.res_proj.0.weight", "dom_backbone.dac_b3.conv.wr.weight", "dom_backbone.dac_b3.conv.wi.weight", "dom_backbone.dac_b3.conv.vr.weight", "dom_backbone.dac_b3.conv.vi.weight", "dom_backbone.dac_b3.norm.weight", "dom_backbone.dac_b3.norm.bias", "dom_backbone.dac_b3.res_proj.0.weight", "dom_backbone.dac_proj.0.weight", "dom_backbone.dac_proj.0.bias", "dom_backbone.cls_head.dac_proj.0.weight", "dom_backbone.cls_head.dac_proj.0.bias", "dom_backbone.cls_head.dac_head.0.weight", "dom_backbone.cls_head.dac_head.0.bias", "dom_backbone.cls_head.dac_head.2.weight", "dom_backbone.cls_head.dac_head.2.bias"], "skipped": [["dom_backbone.cls_head.id_gate.0.weight", [160, 320], [160, 160]], ["dom_backbone.cls_head.joint_proj.0.weight", [160, 480], [160, 320]], ["dom_backbone.cls_head.imp_merge.0.weight", [160, 320], [160, 160]]]}}
{"load_state": {"missing": ["dom_backbone.cls_head.id_gate.0.weight", "dom_backbone.cls_head.imp_merge.0.weight", "dom_backbone.cls_head.joint_proj.0.weight", "dom_backbone.freq_stats_proj.0.bias", "dom_backbone.freq_stats_proj.0.weight", "dom_backbone.pa_stats_proj.0.bias", "dom_backbone.pa_stats_proj.0.weight"], "unexpected": ["dom_backbone.dac_hf_proj.0.weight", "dom_backbone.dac_hf_proj.1.weight", "dom_backbone.dac_hf_proj.1.bias", "dom_backbone.dac_b1.conv.wr.weight", "dom_backbone.dac_b1.conv.wi.weight", "dom_backbone.dac_b1.conv.vr.weight", "dom_backbone.dac_b1.conv.vi.weight", "dom_backbone.dac_b1.norm.weight", "dom_backbone.dac_b1.norm.bias", "dom_backbone.dac_b2.conv.wr.weight", "dom_backbone.dac_b2.conv.wi.weight", "dom_backbone.dac_b2.conv.vr.weight", "dom_backbone.dac_b2.conv.vi.weight", "dom_backbone.dac_b2.norm.weight", "dom_backbone.dac_b2.norm.bias", "dom_backbone.dac_b2.res_proj.0.weight", "dom_backbone.dac_b3.conv.wr.weight", "dom_backbone.dac_b3.conv.wi.weight", "dom_backbone.dac_b3.conv.vr.weight", "dom_backbone.dac_b3.conv.vi.weight", "dom_backbone.dac_b3.norm.weight", "dom_backbone.dac_b3.norm.bias", "dom_backbone.dac_b3.res_proj.0.weight", "dom_backbone.dac_proj.0.weight", "dom_backbone.dac_proj.0.bias", "dom_backbone.cls_head.dac_proj.0.weight", "dom_backbone.cls_head.dac_proj.0.bias", "dom_backbone.cls_head.dac_head.0.weight", "dom_backbone.cls_head.dac_head.0.bias", "dom_backbone.cls_head.dac_head.2.weight", "dom_backbone.cls_head.dac_head.2.bias"], "skipped": [["dom_backbone.cls_head.id_gate.0.weight", [160, 320], [160, 160]], ["dom_backbone.cls_head.joint_proj.0.weight", [160, 480], [160, 320]], ["dom_backbone.cls_head.imp_merge.0.weight", [160, 320], [160, 160]]]}}
{"epoch": 5.0, "loss": 3.6210461730957033, "mse": 0.05424683704972267, "cos": 0.1293078008890152, "ce": 0.8691325778961182, "clean": 0.0051264424845576285, "feat_margin": 0.1918692808151245, "clean_margin": 0.0037957281973212955, "proxy_unknown_sep": 0.5931761064529419, "proxy_unknown_supcon": 8.386957557678222, "proxy_unknown_proto_ce": 3.3837685413360594, "proxy_unknown_pair_margin": 0.15059682309627534, "proxy_unknown_old_margin": 0.09064686936140061, "proxy_unknown_hard_pair": 0.0018239829558879138, "proxy_unknown_hard_old": 0.0009511668998748064, "resid": 0.0}
{"epoch": 10.0, "loss": 3.3104552745819094, "mse": 0.05387611496448517, "cos": 0.11869082289934159, "ce": 0.7319671096801758, "clean": 0.004110461231321096, "feat_margin": 0.17997265565395354, "clean_margin": 0.0022383990958333017, "proxy_unknown_sep": 0.5525247893333435, "proxy_unknown_supcon": 7.831590229034424, "proxy_unknown_proto_ce": 3.1369763717651367, "proxy_unknown_pair_margin": 0.13548529505729676, "proxy_unknown_old_margin": 0.0738498147726059, "proxy_unknown_hard_pair": 0.0013467734344303607, "proxy_unknown_hard_old": 0.0012583216202328913, "resid": 0.0}
{"epoch": 15.0, "loss": 3.259925727844238, "mse": 0.05628357338905334, "cos": 0.12077075123786926, "ce": 0.7075773482322693, "clean": 0.0043477039411664005, "feat_margin": 0.18124539363384246, "clean_margin": 0.0026896126437932254, "proxy_unknown_sep": 0.5283705186843872, "proxy_unknown_supcon": 7.492859413146973, "proxy_unknown_proto_ce": 3.051587911605835, "proxy_unknown_pair_margin": 0.12562264132499695, "proxy_unknown_old_margin": 0.06264232802391052, "proxy_unknown_hard_pair": 0.0010108024887740613, "proxy_unknown_hard_old": 0.0012431997517123817, "resid": 0.0}
{"epoch": 20.0, "loss": 3.2077754611968996, "mse": 0.05509934556484222, "cos": 0.11631061530113221, "ce": 0.7122297949790954, "clean": 0.004751171354204416, "feat_margin": 0.1817048637866974, "clean_margin": 0.0024871159978210925, "proxy_unknown_sep": 0.5018272218704224, "proxy_unknown_supcon": 7.283048271179199, "proxy_unknown_proto_ce": 2.924850790023804, "proxy_unknown_pair_margin": 0.11965762895345688, "proxy_unknown_old_margin": 0.05640778821706772, "proxy_unknown_hard_pair": 0.0009278524992987514, "proxy_unknown_hard_old": 0.0016112583447247743, "resid": 0.0}
{"epoch": 25.0, "loss": 3.0558251667022707, "mse": 0.05466854697465896, "cos": 0.11124055224657059, "ce": 0.6177022938728333, "clean": 0.003730566969141364, "feat_margin": 0.17576121079921722, "clean_margin": 0.0016471081217750907, "proxy_unknown_sep": 0.4910583379268646, "proxy_unknown_supcon": 7.154029403686524, "proxy_unknown_proto_ce": 2.8604563293457033, "proxy_unknown_pair_margin": 0.11553733193874359, "proxy_unknown_old_margin": 0.05473696994781494, "proxy_unknown_hard_pair": 0.0008881249351543374, "proxy_unknown_hard_old": 0.0009722411511465907, "resid": 0.0}
{"epoch": 30.0, "loss": 2.9495366249084474, "mse": 0.052409930050373074, "cos": 0.10487621259689331, "ce": 0.6016841545104981, "clean": 0.003734371528029442, "feat_margin": 0.16285062980651854, "clean_margin": 0.002313013014383614, "proxy_unknown_sep": 0.4694048371315002, "proxy_unknown_supcon": 6.988975917816162, "proxy_unknown_proto_ce": 2.7995757312774656, "proxy_unknown_pair_margin": 0.11100608921051025, "proxy_unknown_old_margin": 0.04990877741575241, "proxy_unknown_hard_pair": 0.0005234643618750852, "proxy_unknown_hard_old": 0.0016370599698275327, "resid": 0.0}
{"epoch": 35.0, "loss": 2.9076112041473388, "mse": 0.05337280535697937, "cos": 0.10442592465877533, "ce": 0.5463883261680603, "clean": 0.003491855164989829, "feat_margin": 0.15901616597175597, "clean_margin": 0.0015644550789147616, "proxy_unknown_sep": 0.45512630796432496, "proxy_unknown_supcon": 7.058820899963379, "proxy_unknown_proto_ce": 2.7759052448272703, "proxy_unknown_pair_margin": 0.11220969092845917, "proxy_unknown_old_margin": 0.05132595416903496, "proxy_unknown_hard_pair": 0.0005471659010217991, "proxy_unknown_hard_old": 0.0016862864950671793, "resid": 0.0}
{"epoch": 40.0, "loss": 2.8566511249542237, "mse": 0.05368069103360176, "cos": 0.1026166595518589, "ce": 0.5787636532783508, "clean": 0.0033655560463666918, "feat_margin": 0.15608800089359284, "clean_margin": 0.0012061325772665442, "proxy_unknown_sep": 0.4418761568069458, "proxy_unknown_supcon": 6.875074131011963, "proxy_unknown_proto_ce": 2.664323209762573, "proxy_unknown_pair_margin": 0.10536716115474701, "proxy_unknown_old_margin": 0.04718513688445091, "proxy_unknown_hard_pair": 0.0003458420741953887, "proxy_unknown_hard_old": 0.0011393886911682785, "resid": 0.0}
{"epoch": 45.0, "loss": 2.826378423690796, "mse": 0.050890952974557875, "cos": 0.10023874640464783, "ce": 0.5495392951965332, "clean": 0.003423880912363529, "feat_margin": 0.15540432608127594, "clean_margin": 0.0011838131215190515, "proxy_unknown_sep": 0.440157231092453, "proxy_unknown_supcon": 6.864719005584717, "proxy_unknown_proto_ce": 2.667991928100586, "proxy_unknown_pair_margin": 0.10670945978164673, "proxy_unknown_old_margin": 0.048036072105169296, "proxy_unknown_hard_pair": 0.0005283478975761682, "proxy_unknown_hard_old": 0.0014237031233496965, "resid": 0.0}
{"epoch": 50.0, "loss": 2.800871120452881, "mse": 0.05086211502552032, "cos": 0.09766332405805588, "ce": 0.5411917371749878, "clean": 0.003908170824870467, "feat_margin": 0.15013528859615327, "clean_margin": 0.0018351090308278799, "proxy_unknown_sep": 0.4393730206489563, "proxy_unknown_supcon": 6.8185491065979, "proxy_unknown_proto_ce": 2.6375567150115966, "proxy_unknown_pair_margin": 0.1040539934039116, "proxy_unknown_old_margin": 0.047126235008239745, "proxy_unknown_hard_pair": 0.0007782954649301246, "proxy_unknown_hard_old": 0.001573964476585388, "resid": 0.0}
{"epoch": 55.0, "loss": 2.699490463256836, "mse": 0.0489023449420929, "cos": 0.08960869899392128, "ce": 0.5287335929870606, "clean": 0.004438830979168415, "feat_margin": 0.13850458598136903, "clean_margin": 0.001233246854506433, "proxy_unknown_sep": 0.4239749388694763, "proxy_unknown_supcon": 6.73314086151123, "proxy_unknown_proto_ce": 2.5668016967773437, "proxy_unknown_pair_margin": 0.10111587965488433, "proxy_unknown_old_margin": 0.04489945289492607, "proxy_unknown_hard_pair": 0.0007770192377647618, "proxy_unknown_hard_old": 0.002096253687981516, "resid": 0.0}
{"epoch": 60.0, "loss": 2.6315859813690183, "mse": 0.05158807724714279, "cos": 0.0912080717086792, "ce": 0.5036567873954773, "clean": 0.0026870247833430767, "feat_margin": 0.13758044171333314, "clean_margin": 0.000900573099963367, "proxy_unknown_sep": 0.4202866063117981, "proxy_unknown_supcon": 6.701347408294677, "proxy_unknown_proto_ce": 2.525194732666016, "proxy_unknown_pair_margin": 0.09890606486797333, "proxy_unknown_old_margin": 0.044434859484434125, "proxy_unknown_hard_pair": 0.0003945885521825403, "proxy_unknown_hard_old": 0.0015781355537474156, "resid": 0.0}
{
  "exported": [
    "/home/szu2070436088/2510044040/CV-SincNet/runs/phase2_qknn_hardpair_20260705/MANYNEW10_HARDPAIR_HP04/ADV3B02_CORE90_SOFT_E200_PHASE1_HARDPAIR_HP04/features_hardpair_HP04.npz"
  ],
  "phase": "phase1_iq_preadapter_v11",
  "train_info": {
    "clean_input_repair_mode": "raw",
    "epochs": 60,
    "history_first": {
      "ce": 1.068118417263031,
      "clean": 0.009428673975169659,
      "clean_margin": 0.006277887541800737,
      "cos": 0.15995606958866118,
      "epoch": 1.0,
      "feat_margin": 0.2130238834619522,
      "loss": 4.255959819793701,
      "mse": 0.05330138999223709,
      "proxy_unknown_hard_old": 0.0009430022137239576,
      "proxy_unknown_hard_pair": 0.0025576068460941314,
      "proxy_unknown_old_margin": 0.12525371813774108,
      "proxy_unknown_pair_margin": 0.184410493850708,
      "proxy_unknown_proto_ce": 3.802709632873535,
      "proxy_unknown_sep": 0.6260060319900512,
      "proxy_unknown_supcon": 9.490000122070313,
      "resid": 0.0
    },
    "history_last": {
      "ce": 0.5036567873954773,
      "clean": 0.0026870247833430767,
      "clean_margin": 0.000900573099963367,
      "cos": 0.0912080717086792,
      "epoch": 60.0,
      "feat_margin": 0.13758044171333314,
      "loss": 2.6315859813690183,
      "mse": 0.05158807724714279,
      "proxy_unknown_hard_old": 0.0015781355537474156,
      "proxy_unknown_hard_pair": 0.0003945885521825403,
      "proxy_unknown_old_margin": 0.044434859484434125,
      "proxy_unknown_pair_margin": 0.09890606486797333,
      "proxy_unknown_proto_ce": 2.525194732666016,
      "proxy_unknown_sep": 0.4202866063117981,
      "proxy_unknown_supcon": 6.701347408294677,
      "resid": 0.0
    },
    "input_adapter_enabled": false,
    "input_repair": "raw",
    "loss_weights": {
      "class_loss_weights": "",
      "clean_feature_margin": 7.5,
      "clean_identity": 22.0,
      "cos": 2.0,
      "feature_margin": 4.5,
      "logit_ce": 0.0,
      "mse": 1.0,
      "proto_ce": 0.2,
      "proxy_unknown_hard_old_margin": 0.05,
      "proxy_unknown_hard_old_margin_weight": 0.02,
      "proxy_unknown_hard_pair_ids": "19-19:10-7,19-19:3,17-10:10-7,17-10:3,19-19:17-10,16-5:19-19,16-5:3,10-7:19-19,10-7:3,10-7:17-10,10-7:1-1,10-7:1,19-19:14-11,19-19:1,19-19:16-16,19-19:1-1,14-11:16-16,14-11:1,16-5:14-11,16-5:1,5-5:19-19,5-5:3,5-5:16-5,5-5:10-7,5-5:17-10,5-5:14-11,5-1:19-19,5-1:3,5-5:1,5-5:16-16,5-5:3-13,5-5:2-6,1-18:14-11,1-18:1,5-1:14-11,5-1:1",
      "proxy_unknown_hard_pair_margin": 0.08,
      "proxy_unknown_hard_pair_margin_weight": 0.04,
      "proxy_unknown_max_cos": 0.05,
      "proxy_unknown_old_margin": 0.05,
      "proxy_unknown_old_margin_weight": 0.12,
      "proxy_unknown_pair_margin": 0.07,
      "proxy_unknown_pair_margin_weight": 0.14,
      "proxy_unknown_proto_ce": 0.12,
      "proxy_unknown_proto_temperature": 0.07,
      "proxy_unknown_separation": 0.1,
      "proxy_unknown_supcon": 0.16,
      "proxy_unknown_supcon_temperature": 0.07,
      "residual": 0.0,
      "teacher_logit_distill": 0.16
    },
    "model_adapter": {
      "mode": "id_norm_late_feature",
      "trainable_parameters": 289685,
      "trainable_tensors": [
        "id_backbone.t1.norm.weight",
        "id_backbone.t1.norm.bias",
        "id_backbone.t2.norm.weight",
        "id_backbone.t2.norm.bias",
        "id_backbone.t3.norm.weight",
        "id_backbone.t3.norm.bias",
        "id_backbone.t_proj.weight",
        "id_backbone.t_proj.bias",
        "id_backbone.f1.norm.weight",
        "id_backbone.f1.norm.bias",
        "id_backbone.f2.norm.weight",
        "id_backbone.f2.norm.bias",
        "id_backbone.f3.norm.weight",
        "id_backbone.f3.norm.bias",
        "id_backbone.f_proj.weight",
        "id_backbone.f_proj.bias",
        "id_backbone.freq_gate.conv.weight",
        "id_backbone.freq_gate.conv.bias",
        "id_backbone.pa_gate.net.weight",
        "id_backbone.pa_gate.net.bias",
        "id_backbone.pa_b1.norm.weight",
        "id_backbone.pa_b1.norm.bias",
        "id_backbone.pa_b2.norm.weight",
        "id_backbone.pa_b2.norm.bias",
        "id_backbone.pa_b3.norm.weight",
        "id_backbone.pa_b3.norm.bias",
        "id_backbone.pa_proj.0.weight",
        "id_backbone.pa_proj.0.bias",
        "id_backbone.fuse.0.weight",
        "id_backbone.fuse.0.bias",
        "id_backbone.con_proj.0.weight",
        "id_backbone.con_proj.0.bias",
        "id_backbone.cls_head.id_proj.0.weight",
        "id_backbone.cls_head.id_proj.0.bias",
        "id_backbone.cls_head.pa_proj.0.weight",
        "id_backbone.cls_head.pa_proj.0.bias",
        "id_backbone.cls_head.id_gate.0.weight",
        "id_backbone.cls_head.id_gate.0.bias",
        "id_backbone.cls_head.joint_proj.0.weight",
        "id_backbone.cls_head.joint_proj.0.bias",
        "id_backbone.cls_head.imp_merge.0.weight",
        "id_backbone.cls_head.imp_merge.0.bias"
      ]
    },
    "proxy_unknown_train": {
      "days": null,
      "pkl": "/home/szu2070436088/2510044040/CV-SincNet/Dataset_WigSig/ManyTx.pkl",
      "role": "proxy_unknown_train",
      "rxs": "1-1,1-19,14-7,18-2,19-2,2-1",
      "size": 62500,
      "tx_idx": [
        0,
        1,
        2,
        3,
        4,
        5,
        6,
        7,
        8,
        9,
        10,
        13,
        14,
        15,
        16,
        17,
        19,
        20,
        21,
        22,
        23,
        25,
        26,
        27,
        28,
        30,
        31,
        32,
        33,
        35,
        36,
        37,
        38,
        39,
        41,
        42,
        43,
        44,
        45,
        46,
        47,
        48,
        49,
        50,
        51,
        52,
        53,
        54,
        55,
        56,
        57,
        58,
        59,
        60,
        61,
        62,
        63,
        64,
        66,
        67,
        68,
        69,
        70,
        71,
        72,
        73,
        74,
        75,
        76,
        77,
        79,
        80,
        81,
        82,
        83,
        85,
        87,
        88,
        89,
        90,
        91,
        92,
        93,
        94,
        96,
        97,
        98,
        99,
        100,
        101,
        103,
        104,
        106,
        107,
        108,
        109,
        110,
        111,
        112,
        113,
        114,
        115,
        116,
        117,
        119,
        121,
        122,
        123,
        124,
        125,
        126,
        128,
        129,
        130,
        134,
        135,
        136,
        137,
        138,
        139,
        144,
        145,
        146,
        148,
        149
      ],
      "tx_labels": [
        "1-1",
        "1-10",
        "1-11",
        "1-12",
        "1-14",
        "1-15",
        "1-16",
        "1-18",
        "1-19",
        "1-2",
        "1-8",
        "10-11",
        "10-17",
        "10-4",
        "10-7",
        "11-1",
        "11-17",
        "11-19",
        "11-20",
        "11-4",
        "11-7",
        "12-19",
        "12-20",
        "12-7",
        "13-14",
        "13-19",
        "13-20",
        "13-3",
        "13-7",
        "14-11",
        "14-12",
        "14-13",
        "14-14",
        "14-20",
        "14-8",
        "14-9",
        "15-1",
        "15-19",
        "15-6",
        "16-1",
        "16-16",
        "16-19",
        "16-20",
        "16-5",
        "17-10",
        "17-11",
        "18-1",
        "18-10",
        "18-11",
        "18-12",
        "18-13",
        "18-14",
        "18-15",
        "18-16",
        "18-17",
        "18-2",
        "18-20",
        "18-4",
        "18-7",
        "18-8",
        "18-9",
        "19-1",
        "19-10",
        "19-11",
        "19-12",
        "19-13",
        "19-14",
        "19-19",
        "19-2",
        "19-20",
        "19-4",
        "19-6",
        "19-7",
        "19-8",
        "19-9",
        "2-12",
        "2-14",
        "2-15",
        "2-16",
        "2-17",
        "2-19",
        "2-20",
        "2-3",
        "2-4",
        "2-6",
        "2-7",
        "2-8",
        "20-1",
        "20-12",
        "20-14",
        "20-16",
        "20-18",
        "20-20",
        "20-3",
        "20-4",
        "20-5",
        "20-7",
        "20-8",
        "3-1",
        "3-13",
        "3-18",
        "3-19",
        "3-2",
        "3-20",
        "4-1",
        "4-11",
        "5-1",
        "5-16",
        "5-20",
        "5-5",
        "6-1",
        "6-6",
        "7-10",
        "7-11",
        "7-20",
        "7-7",
        "7-8",
        "7-9",
        "8-1",
        "8-13",
        "8-7",
        "8-8",
        "9-1",
        "9-20",
        "9-7"
      ]
    },
    "scenario_configs": {
      "leo_clear_weak": {
        "K_db_range": [
          16.0,
          24.0
        ],
        "agc_resid_db": [
          -0.2,
          0.2
        ],
        "apply_path_loss_to_iq": false,
        "cfo_std_hz": 50.0,
        "channel_model": "leo_residual",
        "enable_atmospheric_fading": false,
        "enable_iq_imbalance": false,
        "enable_multipath": true,
        "fading_mode": "rician",
        "loo_level": "light",
        "max_delay_samp": 2,
        "multipath_profile": "weak",
        "num_taps": [
          2,
          2
        ],
        "orbit_probs": {
          "GEO": 0.0,
          "LEO": 1.0,
          "MEO": 0.0
        },
        "phase_noise_inc_std": [
          0.0,
          0.0005
        ],
        "pwr_decay": 0.08,
        "scenario": "leo_residual",
        "snr_db": [
          22.0,
          32.0
        ],
        "theta_deg": [
          35.0,
          90.0
        ],
        "use_residual_doppler": true,
        "weather": "clear"
      },
      "leo_low_elev_weak": {
        "K_db_range": [
          8.0,
          18.0
        ],
        "agc_resid_db": [
          -0.3,
          0.3
        ],
        "apply_path_loss_to_iq": false,
        "cfo_std_hz": 90.0,
        "channel_model": "leo_residual",
        "enable_atmospheric_fading": false,
        "enable_iq_imbalance": false,
        "enable_multipath": true,
        "fading_mode": "shadowed_rician",
        "loo_level": "light",
        "max_delay_samp": 3,
        "multipath_profile": "weak",
        "num_taps": [
          2,
          2
        ],
        "orbit_probs": {
          "GEO": 0.0,
          "LEO": 1.0,
          "MEO": 0.0
        },
        "phase_noise_inc_std": [
          0.0001,
          0.0008
        ],
        "pwr_decay": 0.12,
        "scenario": "leo_residual",
        "snr_db": [
          16.0,
          28.0
        ],
        "theta_deg": [
          10.0,
          35.0
        ],
        "use_residual_doppler": true,
        "weather": "clear"
      },
      "leo_rain_weak": {
        "K_db_range": [
          10.0,
          20.0
        ],
        "agc_resid_db": [
          -0.3,
          0.3
        ],
        "apply_path_loss_to_iq": false,
        "cfo_std_hz": 70.0,
        "channel_model": "leo_residual",
        "enable_atmospheric_fading": false,
        "enable_iq_imbalance": false,
        "enable_multipath": true,
        "fading_mode": "rician",
        "loo_level": "light",
        "max_delay_samp": 3,
        "multipath_profile": "weak",
        "num_taps": [
          2,
          2
        ],
        "orbit_probs": {
          "GEO": 0.0,
          "LEO": 1.0,
          "MEO": 0.0
        },
        "phase_noise_inc_std": [
          0.0001,
          0.0007
        ],
        "pwr_decay": 0.1,
        "scenario": "leo_residual",
        "snr_db": [
          14.0,
          26.0
        ],
        "theta_deg": [
          20.0,
          80.0
        ],
        "use_residual_doppler": true,
        "weather": "rain"
      }
    },
    "scenarios": [
      "leo_clear_weak",
      "leo_low_elev_weak",
      "leo_rain_weak"
    ]
  },
  "uses_target_clean": false,
  "uses_target_labels_for_training": false,
  "uses_unknown_query_for_threshold": false
}
{
  "best": [
    {
      "transform_mode": "diag_fisher",
      "transform_strength": 0.5,
      "topm": 4,
      "proto_mix": 0.25,
      "aux_score_weight": 0.0,
      "radius_norm": 0.0,
      "old_bias": 0.001,
      "neg_lambda": 0.7,
      "neg_threshold": 0.75,
      "neg_margin": 0.01,
      "mutual_only": true,
      "scenario_aware": true,
      "balanced_assignment": true,
      "scenario_balanced_assignment": false,
      "proto_repel_lambda": 0.0,
      "proto_repel_margin": 0.85,
      "proto_repel_steps": 0,
      "proto_repel_anchor": 0.5,
      "pair_refine_similarity": 1.1,
      "pair_refine_changed_predictions": 0,
      "pair_axis_similarity": 1.1,
      "pair_axis_weight": 0.0,
      "pair_axis_clip": 1.0,
      "pair_axis_count": 0,
      "pair_gaussian_similarity": 0.95,
      "pair_gaussian_weight": 0.005,
      "pair_gaussian_clip": 2.0,
      "pair_gaussian_count": 0,
      "pair_fisher_similarity": 0.9,
      "pair_fisher_weight": 0.01,
      "pair_fisher_alpha": 1.0,
      "pair_fisher_clip": 2.0,
      "pair_fisher_count": 5,
      "support_guided_proxy_weight": 0.0,
      "support_guided_proxy_top_pairs": 0,
      "support_guided_proxy_clip": 2.0,
      "support_guided_proxy_count": 0,
      "stored_support_guided_proxy_scalars": 0,
      "pair_logreg_similarity": 1.1,
      "pair_logreg_weight": 0.0,
      "pair_logreg_alpha": 1.0,
      "pair_logreg_clip": 2.0,
      "pair_logreg_scope": "all",
      "pair_logreg_count": 0,
      "stored_pair_logreg_scalars": 0,
      "new_old_conflict_bias_threshold": 1.1,
      "new_old_conflict_bias_weight": 0.0,
      "new_old_conflict_bias": {},
      "old_new_runnerup_rescue_similarity": 1.1,
      "old_new_runnerup_rescue_margin": 0.0,
      "old_new_runnerup_rescue_weight": 0.0,
      "old_new_runnerup_rescue_pairs": 0,
      "old_new_runnerup_rescue_count": 0,
      "bootstrap_proto_mix": 0.0,
      "bootstrap_proto_drop": 1,
      "bootstrap_proto_topm": 1,
      "stored_bootstrap_prototype_count": 0,
      "core_proto_weight": 0.0,
      "core_proto_count": 2,
      "core_proto_topm": 2,
      "core_proto_mode": "axis",
      "stored_core_prototype_count": 0,
      "ridge_head_weight": 0.015,
      "ridge_head_alpha": 0.01,
      "ridge_head_clip": 2.0,
      "stored_ridge_head_scalars": 2576,
      "subspace_proto_weight": 0.0,
      "subspace_proto_rank": 8,
      "subspace_proto_rank_used": 0,
      "subspace_proto_power": 0.0,
      "subspace_proto_clip": 3.0,
      "stored_subspace_proto_scalars": 0,
      "class_diag_metric_weight": 0.0,
      "class_diag_metric_similarity": 0.9,
      "class_diag_metric_alpha": 0.01,
      "class_diag_metric_power": 0.5,
      "class_diag_metric_clip": 2.0,
      "class_diag_metric_count": 0,
      "stored_class_diag_metric_scalars": 0,
      "support_bias_weight": 0.0,
      "support_bias_step": 0.01,
      "support_bias_rounds": 4,
      "support_bias_loo_min_acc": 0.0,
      "support_bias_loo_mean_acc": 0.0,
      "stored_support_bias_scalars": 0,
      "mahal_proto_weight": 0.0,
      "mahal_proto_alpha": 1.0,
      "mahal_proto_diag_mix": 0.5,
      "mahal_proto_clip": 3.0,
      "score_calibration": "none",
      "assignment_margin_weight": 0.0,
      "assignment_margin_clip": 1.0,
      "labelprop_weight": 0.0,
      "labelprop_k": 8,
      "labelprop_alpha": 0.8,
      "labelprop_temperature": 0.05,
      "labelprop_rounds": 10,
      "labelprop_clip": 2.0,
      "labelprop_scope": "all",
      "labelprop_edges": 0,
      "query_graph_weight": 0.0,
      "query_graph_k": 8,
      "query_graph_temperature": 0.05,
      "query_graph_rounds": 1,
      "query_graph_scope": "all",
      "query_graph_edges": 0,
      "source_guard_mode": "none",
      "source_guard_weight": 0.0,
      "source_guard_conf_min": 0.0,
      "source_guard_margin_min": 0.0,
      "source_guard_count": 0,
      "source_proto_anchor_mode": "none",
      "source_proto_anchor_weight": 0.0,
      "source_proto_anchor_center": 0.0,
      "source_proto_anchor_count": 0,
      "stored_source_proto_anchor_scalars": 0,
      "stored_mahal_proto_scalars": 0,
      "stored_quantized_support_code_count": 160,
      "stored_raw_support_count": 0,
      "stored_class_prototype_count": 16,
      "stored_transform_scalars": 320,
      "stored_aux_transform_scalars": 0,
      "transform_scale_min": 0.22360679774997896,
      "transform_scale_max": 2.6741173632251805,
      "transform_scale_mean": 1.021330873326622,
      "class_radii": {
        "14-10": 0.017832954164693982,
        "14-7": 0.20726869764272932,
        "20-15": 0.4041002182587583,
        "20-19": 0.046555351435974945,
        "6-15": 0.007847590443305097,
        "8-20": 0.030326797908053316,
        "10-10": 0.23197798707023587,
        "11-10": 0.06410405054274715,
        "18-5": 0.18504535852920506,
        "19-3": 0.11561055605492446,
        "2-13": 0.28258754788702556,
        "2-5": 0.3644500830986299,
        "3-8": 0.10421952560098453,
        "4-10": 0.11627945850642848,
        "8-18": 0.28613795667868736,
        "8-3": 0.038429516598841994
      },
      "max_offdiag_proto_sim": 0.9473731650862387,
      "query_old_acc": 0.8761904761904762,
      "query_min_old_class_acc": 0.7714285714285715,
      "query_seen_new_acc": 0.8585714285714285,
      "query_min_seen_new_class_acc": 0.7285714285714285,
      "query_per_old_acc": {
        "14-10": 0.8428571428571429,
        "14-7": 0.8142857142857143,
        "20-15": 0.9571428571428572,
        "20-19": 0.7714285714285715,
        "6-15": 0.9,
        "8-20": 0.9714285714285714
      },
      "query_per_new_acc": {
        "10-10": 0.7428571428571429,
        "11-10": 0.7571428571428571,
        "18-5": 0.9285714285714286,
        "19-3": 0.8857142857142857,
        "2-13": 0.7285714285714285,
        "2-5": 0.8714285714285714,
        "3-8": 0.9285714285714286,
        "4-10": 0.9571428571428572,
        "8-18": 0.9142857142857143,
        "8-3": 0.8714285714285714
      },
      "query_passes_new_floor75": false,
      "query_passes_joint_target": false,
      "query_rank_score": [
        0.0,
        0.9714285714285714,
        0.7285714285714285,
        0.8585714285714285,
        0.8761904761904762,
        0.7714285714285715
      ],
      "seed": 421029,
      "support_selection_policy": "stable_first",
      "k_old": 10,
      "k_new": 10,
      "pool_per_old": 10,
      "pool_per_new": 10
    },
    {
      "transform_mode": "diag_fisher",
      "transform_strength": 0.5,
      "topm": 4,
      "proto_mix": 0.25,
      "aux_score_weight": 0.0,
      "radius_norm": 0.0,
      "old_bias": 0.001,
      "neg_lambda": 0.7,
      "neg_threshold": 0.75,
      "neg_margin": 0.01,
      "mutual_only": true,
      "scenario_aware": true,
      "balanced_assignment": true,
      "scenario_balanced_assignment": false,
      "proto_repel_lambda": 0.0,
      "proto_repel_margin": 0.85,
      "proto_repel_steps": 0,
      "proto_repel_anchor": 0.5,
      "pair_refine_similarity": 1.1,
      "pair_refine_changed_predictions": 0,
      "pair_axis_similarity": 1.1,
      "pair_axis_weight": 0.0,
      "pair_axis_clip": 1.0,
      "pair_axis_count": 0,
      "pair_gaussian_similarity": 0.95,
      "pair_gaussian_weight": 0.005,
      "pair_gaussian_clip": 2.0,
      "pair_gaussian_count": 0,
      "pair_fisher_similarity": 0.9,
      "pair_fisher_weight": 0.01,
      "pair_fisher_alpha": 1.0,
      "pair_fisher_clip": 2.0,
      "pair_fisher_count": 5,
      "support_guided_proxy_weight": 0.0,
      "support_guided_proxy_top_pairs": 0,
      "support_guided_proxy_clip": 2.0,
      "support_guided_proxy_count": 0,
      "stored_support_guided_proxy_scalars": 0,
      "pair_logreg_similarity": 1.1,
      "pair_logreg_weight": 0.0,
      "pair_logreg_alpha": 1.0,
      "pair_logreg_clip": 2.0,
      "pair_logreg_scope": "all",
      "pair_logreg_count": 0,
      "stored_pair_logreg_scalars": 0,
      "new_old_conflict_bias_threshold": 1.1,
      "new_old_conflict_bias_weight": 0.0,
      "new_old_conflict_bias": {},
      "old_new_runnerup_rescue_similarity": 1.1,
      "old_new_runnerup_rescue_margin": 0.0,
      "old_new_runnerup_rescue_weight": 0.0,
      "old_new_runnerup_rescue_pairs": 0,
      "old_new_runnerup_rescue_count": 0,
      "bootstrap_proto_mix": 0.0,
      "bootstrap_proto_drop": 1,
      "bootstrap_proto_topm": 1,
      "stored_bootstrap_prototype_count": 0,
      "core_proto_weight": 0.1,
      "core_proto_count": 2,
      "core_proto_topm": 2,
      "core_proto_mode": "axis",
      "stored_core_prototype_count": 32,
      "ridge_head_weight": 0.015,
      "ridge_head_alpha": 0.01,
      "ridge_head_clip": 2.0,
      "stored_ridge_head_scalars": 2576,
      "subspace_proto_weight": 0.0,
      "subspace_proto_rank": 8,
      "subspace_proto_rank_used": 0,
      "subspace_proto_power": 0.0,
      "subspace_proto_clip": 3.0,
      "stored_subspace_proto_scalars": 0,
      "class_diag_metric_weight": 0.0,
      "class_diag_metric_similarity": 0.9,
      "class_diag_metric_alpha": 0.01,
      "class_diag_metric_power": 0.5,
      "class_diag_metric_clip": 2.0,
      "class_diag_metric_count": 0,
      "stored_class_diag_metric_scalars": 0,
      "support_bias_weight": 0.0,
      "support_bias_step": 0.01,
      "support_bias_rounds": 4,
      "support_bias_loo_min_acc": 0.0,
      "support_bias_loo_mean_acc": 0.0,
      "stored_support_bias_scalars": 0,
      "mahal_proto_weight": 0.0,
      "mahal_proto_alpha": 1.0,
      "mahal_proto_diag_mix": 0.5,
      "mahal_proto_clip": 3.0,
      "score_calibration": "none",
      "assignment_margin_weight": 0.0,
      "assignment_margin_clip": 1.0,
      "labelprop_weight": 0.0,
      "labelprop_k": 8,
      "labelprop_alpha": 0.8,
      "labelprop_temperature": 0.05,
      "labelprop_rounds": 10,
      "labelprop_clip": 2.0,
      "labelprop_scope": "all",
      "labelprop_edges": 0,
      "query_graph_weight": 0.0,
      "query_graph_k": 8,
      "query_graph_temperature": 0.05,
      "query_graph_rounds": 1,
      "query_graph_scope": "all",
      "query_graph_edges": 0,
      "source_guard_mode": "none",
      "source_guard_weight": 0.0,
      "source_guard_conf_min": 0.0,
      "source_guard_margin_min": 0.0,
      "source_guard_count": 0,
      "source_proto_anchor_mode": "none",
      "source_proto_anchor_weight": 0.0,
      "source_proto_anchor_center": 0.0,
      "source_proto_anchor_count": 0,
      "stored_source_proto_anchor_scalars": 0,
      "stored_mahal_proto_scalars": 0,
      "stored_quantized_support_code_count": 160,
      "stored_raw_support_count": 0,
      "stored_class_prototype_count": 16,
      "stored_transform_scalars": 320,
      "stored_aux_transform_scalars": 0,
      "transform_scale_min": 0.22360679774997896,
      "transform_scale_max": 2.6741173632251805,
      "transform_scale_mean": 1.021330873326622,
      "class_radii": {
        "14-10": 0.017832954164693982,
        "14-7": 0.20726869764272932,
        "20-15": 0.4041002182587583,
        "20-19": 0.046555351435974945,
        "6-15": 0.007847590443305097,
        "8-20": 0.030326797908053316,
        "10-10": 0.23197798707023587,
        "11-10": 0.06410405054274715,
        "18-5": 0.18504535852920506,
        "19-3": 0.11561055605492446,
        "2-13": 0.28258754788702556,
        "2-5": 0.3644500830986299,
        "3-8": 0.10421952560098453,
        "4-10": 0.11627945850642848,
        "8-18": 0.28613795667868736,
        "8-3": 0.038429516598841994
      },
      "max_offdiag_proto_sim": 0.9473731650862387,
      "query_old_acc": 0.8738095238095238,
      "query_min_old_class_acc": 0.7714285714285715,
      "query_seen_new_acc": 0.8542857142857143,
      "query_min_seen_new_class_acc": 0.7142857142857143,
      "query_per_old_acc": {
        "14-10": 0.8428571428571429,
        "14-7": 0.8,
        "20-15": 0.9571428571428572,
        "20-19": 0.7714285714285715,
        "6-15": 0.9,
        "8-20": 0.9714285714285714
      },
      "query_per_new_acc": {
        "10-10": 0.7428571428571429,
        "11-10": 0.7571428571428571,
        "18-5": 0.9285714285714286,
        "19-3": 0.8857142857142857,
        "2-13": 0.7142857142857143,
        "2-5": 0.8571428571428571,
        "3-8": 0.9285714285714286,
        "4-10": 0.9571428571428572,
        "8-18": 0.9142857142857143,
        "8-3": 0.8571428571428571
      },
      "query_passes_new_floor75": false,
      "query_passes_joint_target": false,
      "query_rank_score": [
        0.0,
        0.9523809523809524,
        0.7142857142857143,
        0.8542857142857143,
        0.8738095238095238,
        0.7714285714285715
      ],
      "seed": 421029,
      "support_selection_policy": "stable_first",
      "k_old": 10,
      "k_new": 10,
      "pool_per_old": 10,
      "pool_per_new": 10
    }
  ],
  "output_json": "/home/szu2070436088/2510044040/CV-SincNet/runs/phase2_qknn_hardpair_20260705/HP04/qknn_eval/k10_coreproto_hardpair_HP04.json"
}
{
  "best": [
    {
      "transform_mode": "diag_fisher",
      "transform_strength": 0.5,
      "topm": 4,
      "proto_mix": 0.25,
      "aux_score_weight": 0.0,
      "radius_norm": 0.0,
      "old_bias": 0.001,
      "neg_lambda": 0.7,
      "neg_threshold": 0.75,
      "neg_margin": 0.01,
      "mutual_only": true,
      "scenario_aware": true,
      "balanced_assignment": true,
      "scenario_balanced_assignment": false,
      "proto_repel_lambda": 0.0,
      "proto_repel_margin": 0.85,
      "proto_repel_steps": 0,
      "proto_repel_anchor": 0.5,
      "pair_refine_similarity": 1.1,
      "pair_refine_changed_predictions": 0,
      "pair_axis_similarity": 1.1,
      "pair_axis_weight": 0.0,
      "pair_axis_clip": 1.0,
      "pair_axis_count": 0,
      "pair_gaussian_similarity": 1.1,
      "pair_gaussian_weight": 0.0,
      "pair_gaussian_clip": 5.0,
      "pair_gaussian_count": 0,
      "pair_fisher_similarity": 1.1,
      "pair_fisher_weight": 0.0,
      "pair_fisher_alpha": 1.0,
      "pair_fisher_clip": 5.0,
      "pair_fisher_count": 0,
      "support_guided_proxy_weight": 0.0,
      "support_guided_proxy_top_pairs": 0,
      "support_guided_proxy_clip": 2.0,
      "support_guided_proxy_count": 0,
      "stored_support_guided_proxy_scalars": 0,
      "pair_logreg_similarity": 1.1,
      "pair_logreg_weight": 0.0,
      "pair_logreg_alpha": 1.0,
      "pair_logreg_clip": 2.0,
      "pair_logreg_scope": "all",
      "pair_logreg_count": 0,
      "stored_pair_logreg_scalars": 0,
      "new_old_conflict_bias_threshold": 1.1,
      "new_old_conflict_bias_weight": 0.0,
      "new_old_conflict_bias": {},
      "old_new_runnerup_rescue_similarity": 1.1,
      "old_new_runnerup_rescue_margin": 0.0,
      "old_new_runnerup_rescue_weight": 0.0,
      "old_new_runnerup_rescue_pairs": 0,
      "old_new_runnerup_rescue_count": 0,
      "bootstrap_proto_mix": 0.0,
      "bootstrap_proto_drop": 1,
      "bootstrap_proto_topm": 1,
      "stored_bootstrap_prototype_count": 0,
      "core_proto_weight": 0.0,
      "core_proto_count": 3,
      "core_proto_topm": 1,
      "core_proto_mode": "centroid",
      "stored_core_prototype_count": 0,
      "ridge_head_weight": 0.0,
      "ridge_head_alpha": 1.0,
      "ridge_head_clip": 3.0,
      "stored_ridge_head_scalars": 0,
      "subspace_proto_weight": 0.0,
      "subspace_proto_rank": 8,
      "subspace_proto_rank_used": 0,
      "subspace_proto_power": 0.0,
      "subspace_proto_clip": 3.0,
      "stored_subspace_proto_scalars": 0,
      "class_diag_metric_weight": 0.0,
      "class_diag_metric_similarity": 0.9,
      "class_diag_metric_alpha": 0.01,
      "class_diag_metric_power": 0.5,
      "class_diag_metric_clip": 2.0,
      "class_diag_metric_count": 0,
      "stored_class_diag_metric_scalars": 0,
      "support_bias_weight": 0.0,
      "support_bias_step": 0.01,
      "support_bias_rounds": 4,
      "support_bias_loo_min_acc": 0.0,
      "support_bias_loo_mean_acc": 0.0,
      "stored_support_bias_scalars": 0,
      "mahal_proto_weight": 0.0,
      "mahal_proto_alpha": 1.0,
      "mahal_proto_diag_mix": 0.5,
      "mahal_proto_clip": 3.0,
      "score_calibration": "none",
      "assignment_margin_weight": 0.0,
      "assignment_margin_clip": 1.0,
      "labelprop_weight": 0.0,
      "labelprop_k": 8,
      "labelprop_alpha": 0.8,
      "labelprop_temperature": 0.05,
      "labelprop_rounds": 10,
      "labelprop_clip": 2.0,
      "labelprop_scope": "all",
      "labelprop_edges": 0,
      "query_graph_weight": 0.0,
      "query_graph_k": 8,
      "query_graph_temperature": 0.05,
      "query_graph_rounds": 1,
      "query_graph_scope": "all",
      "query_graph_edges": 0,
      "source_guard_mode": "add_old",
      "source_guard_weight": 0.05,
      "source_guard_conf_min": 0.0,
      "source_guard_margin_min": 0.0,
      "source_guard_count": 1200,
      "source_proto_anchor_mode": "none",
      "source_proto_anchor_weight": 0.0,
      "source_proto_anchor_center": 0.0,
      "source_proto_anchor_count": 0,
      "stored_source_proto_anchor_scalars": 0,
      "stored_mahal_proto_scalars": 0,
      "stored_quantized_support_code_count": 80,
      "stored_raw_support_count": 0,
      "stored_class_prototype_count": 16,
      "stored_transform_scalars": 320,
      "stored_aux_transform_scalars": 0,
      "transform_scale_min": 0.22360679774997896,
      "transform_scale_max": 3.6723979779103155,
      "transform_scale_mean": 1.0310720611841226,
      "class_radii": {
        "14-10": 0.01020102537425589,
        "14-7": 0.04664609550335239,
        "20-15": 0.29759908754145253,
        "20-19": 0.05823348162612825,
        "6-15": 0.008336976055097135,
        "8-20": 0.028133478145954793,
        "10-10": 0.1734529727235861,
        "11-10": 0.07429956791728051,
        "18-5": 0.18792394675583282,
        "19-3": 0.08581193067844486,
        "2-13": 0.17068470685850953,
        "2-5": 0.2654898301735553,
        "3-8": 0.06406222800125946,
        "4-10": 0.10874310250739512,
        "8-18": 0.2274297576737876,
        "8-3": 0.041825436058474975
      },
      "max_offdiag_proto_sim": 0.9597361412032812,
      "query_old_acc": 0.8688888888888889,
      "query_min_old_class_acc": 0.76,
      "query_seen_new_acc": 0.832,
      "query_min_seen_new_class_acc": 0.64,
      "query_per_old_acc": {
        "14-10": 0.8266666666666667,
        "14-7": 0.7866666666666666,
        "20-15": 0.92,
        "20-19": 0.76,
        "6-15": 0.96,
        "8-20": 0.96
      },
      "query_per_new_acc": {
        "10-10": 0.64,
        "11-10": 0.8533333333333334,
        "18-5": 0.8933333333333333,
        "19-3": 0.84,
        "2-13": 0.7466666666666667,
        "2-5": 0.8133333333333334,
        "3-8": 0.92,
        "4-10": 0.92,
        "8-18": 0.8533333333333334,
        "8-3": 0.84
      },
      "query_passes_new_floor75": false,
      "query_passes_joint_target": false,
      "query_rank_score": [
        0.0,
        0.8533333333333334,
        0.64,
        0.832,
        0.8688888888888889,
        0.76
      ],
      "seed": 421037,
      "support_selection_policy": "stable_first",
      "k_old": 5,
      "k_new": 5,
      "pool_per_old": 5,
      "pool_per_new": 5
    }
  ],
  "output_json": "/home/szu2070436088/2510044040/CV-SincNet/runs/phase2_qknn_hardpair_20260705/HP04/qknn_eval/k5_sourceguard_hardpair_HP04.json"
}
