{"load_state": {"missing": ["dom_backbone.cls_head.id_gate.0.weight", "dom_backbone.cls_head.imp_merge.0.weight", "dom_backbone.cls_head.joint_proj.0.weight", "dom_backbone.freq_stats_proj.0.bias", "dom_backbone.freq_stats_proj.0.weight", "dom_backbone.pa_stats_proj.0.bias", "dom_backbone.pa_stats_proj.0.weight"], "unexpected": ["dom_backbone.dac_hf_proj.0.weight", "dom_backbone.dac_hf_proj.1.weight", "dom_backbone.dac_hf_proj.1.bias", "dom_backbone.dac_b1.conv.wr.weight", "dom_backbone.dac_b1.conv.wi.weight", "dom_backbone.dac_b1.conv.vr.weight", "dom_backbone.dac_b1.conv.vi.weight", "dom_backbone.dac_b1.norm.weight", "dom_backbone.dac_b1.norm.bias", "dom_backbone.dac_b2.conv.wr.weight", "dom_backbone.dac_b2.conv.wi.weight", "dom_backbone.dac_b2.conv.vr.weight", "dom_backbone.dac_b2.conv.vi.weight", "dom_backbone.dac_b2.norm.weight", "dom_backbone.dac_b2.norm.bias", "dom_backbone.dac_b2.res_proj.0.weight", "dom_backbone.dac_b3.conv.wr.weight", "dom_backbone.dac_b3.conv.wi.weight", "dom_backbone.dac_b3.conv.vr.weight", "dom_backbone.dac_b3.conv.vi.weight", "dom_backbone.dac_b3.norm.weight", "dom_backbone.dac_b3.norm.bias", "dom_backbone.dac_b3.res_proj.0.weight", "dom_backbone.dac_proj.0.weight", "dom_backbone.dac_proj.0.bias", "dom_backbone.cls_head.dac_proj.0.weight", "dom_backbone.cls_head.dac_proj.0.bias", "dom_backbone.cls_head.dac_head.0.weight", "dom_backbone.cls_head.dac_head.0.bias", "dom_backbone.cls_head.dac_head.2.weight", "dom_backbone.cls_head.dac_head.2.bias"], "skipped": [["dom_backbone.cls_head.id_gate.0.weight", [160, 320], [160, 160]], ["dom_backbone.cls_head.joint_proj.0.weight", [160, 480], [160, 320]], ["dom_backbone.cls_head.imp_merge.0.weight", [160, 320], [160, 160]]]}}
{"load_state": {"missing": ["dom_backbone.cls_head.id_gate.0.weight", "dom_backbone.cls_head.imp_merge.0.weight", "dom_backbone.cls_head.joint_proj.0.weight", "dom_backbone.freq_stats_proj.0.bias", "dom_backbone.freq_stats_proj.0.weight", "dom_backbone.pa_stats_proj.0.bias", "dom_backbone.pa_stats_proj.0.weight"], "unexpected": ["dom_backbone.dac_hf_proj.0.weight", "dom_backbone.dac_hf_proj.1.weight", "dom_backbone.dac_hf_proj.1.bias", "dom_backbone.dac_b1.conv.wr.weight", "dom_backbone.dac_b1.conv.wi.weight", "dom_backbone.dac_b1.conv.vr.weight", "dom_backbone.dac_b1.conv.vi.weight", "dom_backbone.dac_b1.norm.weight", "dom_backbone.dac_b1.norm.bias", "dom_backbone.dac_b2.conv.wr.weight", "dom_backbone.dac_b2.conv.wi.weight", "dom_backbone.dac_b2.conv.vr.weight", "dom_backbone.dac_b2.conv.vi.weight", "dom_backbone.dac_b2.norm.weight", "dom_backbone.dac_b2.norm.bias", "dom_backbone.dac_b2.res_proj.0.weight", "dom_backbone.dac_b3.conv.wr.weight", "dom_backbone.dac_b3.conv.wi.weight", "dom_backbone.dac_b3.conv.vr.weight", "dom_backbone.dac_b3.conv.vi.weight", "dom_backbone.dac_b3.norm.weight", "dom_backbone.dac_b3.norm.bias", "dom_backbone.dac_b3.res_proj.0.weight", "dom_backbone.dac_proj.0.weight", "dom_backbone.dac_proj.0.bias", "dom_backbone.cls_head.dac_proj.0.weight", "dom_backbone.cls_head.dac_proj.0.bias", "dom_backbone.cls_head.dac_head.0.weight", "dom_backbone.cls_head.dac_head.0.bias", "dom_backbone.cls_head.dac_head.2.weight", "dom_backbone.cls_head.dac_head.2.bias"], "skipped": [["dom_backbone.cls_head.id_gate.0.weight", [160, 320], [160, 160]], ["dom_backbone.cls_head.joint_proj.0.weight", [160, 480], [160, 320]], ["dom_backbone.cls_head.imp_merge.0.weight", [160, 320], [160, 160]]]}}
{"epoch": 5.0, "loss": 3.5686915855407717, "mse": 0.054591191619634626, "cos": 0.13372704613208772, "ce": 0.8266620140075683, "clean": 0.005104629904031753, "feat_margin": 0.193950679063797, "clean_margin": 0.0036521761771291495, "proxy_unknown_sep": 0.5815322971343995, "proxy_unknown_supcon": 8.209845901489258, "proxy_unknown_proto_ce": 3.3214684295654298, "proxy_unknown_pair_margin": 0.14669734144210816, "proxy_unknown_old_margin": 0.0839302493929863, "proxy_unknown_hard_pair": 0.0016251359917223453, "proxy_unknown_hard_old": 0.001391624350566417, "resid": 0.0}
{"epoch": 10.0, "loss": 3.3616703796386718, "mse": 0.054275442659854886, "cos": 0.1204418317079544, "ce": 0.7300226802825928, "clean": 0.0049549218937754635, "feat_margin": 0.1818798509836197, "clean_margin": 0.0031305286940187214, "proxy_unknown_sep": 0.5391710486412048, "proxy_unknown_supcon": 7.943925857543945, "proxy_unknown_proto_ce": 3.1417855892181397, "proxy_unknown_pair_margin": 0.13686478269100188, "proxy_unknown_old_margin": 0.07391217297315597, "proxy_unknown_hard_pair": 0.0014863085001707078, "proxy_unknown_hard_old": 0.0009875949509441852, "resid": 0.0}
{"epoch": 15.0, "loss": 3.3010586109161375, "mse": 0.05594137299060822, "cos": 0.12110939854383469, "ce": 0.7157637295722962, "clean": 0.004181198054924607, "feat_margin": 0.18635751390457153, "clean_margin": 0.002180510837584734, "proxy_unknown_sep": 0.5301002511978149, "proxy_unknown_supcon": 7.546988071441651, "proxy_unknown_proto_ce": 3.056518989562988, "proxy_unknown_pair_margin": 0.1287945932149887, "proxy_unknown_old_margin": 0.06556884425878524, "proxy_unknown_hard_pair": 0.000898002108791843, "proxy_unknown_hard_old": 0.0011674978863447905, "resid": 0.0}
{"epoch": 20.0, "loss": 3.131838111877441, "mse": 0.05590515697002411, "cos": 0.11393309980630875, "ce": 0.6086632564067841, "clean": 0.0038768841698765756, "feat_margin": 0.17683667290210725, "clean_margin": 0.002057645071297884, "proxy_unknown_sep": 0.5034104316234589, "proxy_unknown_supcon": 7.3693366012573245, "proxy_unknown_proto_ce": 2.9412975234985352, "proxy_unknown_pair_margin": 0.12100961112976075, "proxy_unknown_old_margin": 0.05865624433755875, "proxy_unknown_hard_pair": 0.0006982157700695098, "proxy_unknown_hard_old": 0.0009009457573738473, "resid": 0.0}
{"epoch": 25.0, "loss": 3.1242431831359863, "mse": 0.05597637802362442, "cos": 0.1173965528011322, "ce": 0.6696752161979675, "clean": 0.0038990677818655966, "feat_margin": 0.17730051136016844, "clean_margin": 0.0018424919117242097, "proxy_unknown_sep": 0.4780547614097595, "proxy_unknown_supcon": 7.181531993865967, "proxy_unknown_proto_ce": 2.866655914306641, "proxy_unknown_pair_margin": 0.1169056367278099, "proxy_unknown_old_margin": 0.05337207651138306, "proxy_unknown_hard_pair": 0.0005882472200319171, "proxy_unknown_hard_old": 0.0010335114470217377, "resid": 0.0}
{"epoch": 30.0, "loss": 2.990293201446533, "mse": 0.0529692511856556, "cos": 0.10549172353744507, "ce": 0.6061024661064148, "clean": 0.00385172775760293, "feat_margin": 0.16815569853782653, "clean_margin": 0.002104179133661091, "proxy_unknown_sep": 0.4751791605949402, "proxy_unknown_supcon": 7.045732307434082, "proxy_unknown_proto_ce": 2.786887840270996, "proxy_unknown_pair_margin": 0.11275134742259979, "proxy_unknown_old_margin": 0.05115118587017059, "proxy_unknown_hard_pair": 0.0005014118534745649, "proxy_unknown_hard_old": 0.0009234212236478924, "resid": 0.0}
{"epoch": 35.0, "loss": 2.9142046031951905, "mse": 0.053857702612876895, "cos": 0.1021696999669075, "ce": 0.5818830540180207, "clean": 0.003906949944794178, "feat_margin": 0.15880652797222136, "clean_margin": 0.0011834401953965425, "proxy_unknown_sep": 0.45341504049301146, "proxy_unknown_supcon": 7.060557163238525, "proxy_unknown_proto_ce": 2.7050331134796144, "proxy_unknown_pair_margin": 0.11010800254344941, "proxy_unknown_old_margin": 0.05220213842391968, "proxy_unknown_hard_pair": 0.00048388476009131407, "proxy_unknown_hard_old": 0.0013334903717041016, "resid": 0.0}
{"epoch": 40.0, "loss": 2.834432098388672, "mse": 0.05329428917169571, "cos": 0.09930855739116669, "ce": 0.5286945028305053, "clean": 0.0036979900766164063, "feat_margin": 0.14990195393562317, "clean_margin": 0.002087479715468362, "proxy_unknown_sep": 0.43835469245910647, "proxy_unknown_supcon": 7.005792308807373, "proxy_unknown_proto_ce": 2.6626264820098875, "proxy_unknown_pair_margin": 0.1077320693731308, "proxy_unknown_old_margin": 0.050506749272346496, "proxy_unknown_hard_pair": 0.0004061928754672408, "proxy_unknown_hard_old": 0.0016298146899789573, "resid": 0.0}
{"epoch": 45.0, "loss": 2.829404811859131, "mse": 0.05395138460397721, "cos": 0.10267609071731568, "ce": 0.5370470716953277, "clean": 0.0035329358838498593, "feat_margin": 0.1553065494298935, "clean_margin": 0.0010794415874406695, "proxy_unknown_sep": 0.4229733254909515, "proxy_unknown_supcon": 6.890993858337402, "proxy_unknown_proto_ce": 2.5979801330566406, "proxy_unknown_pair_margin": 0.10295179980993271, "proxy_unknown_old_margin": 0.04729534125328064, "proxy_unknown_hard_pair": 0.0003943920915480703, "proxy_unknown_hard_old": 0.001306350695900619, "resid": 0.0}
{"epoch": 50.0, "loss": 2.8014241371154784, "mse": 0.05184784108400345, "cos": 0.0999092972278595, "ce": 0.5405069952011108, "clean": 0.0035677730962634085, "feat_margin": 0.1576426981687546, "clean_margin": 0.0015603177743032574, "proxy_unknown_sep": 0.4068157725334168, "proxy_unknown_supcon": 6.771491661071777, "proxy_unknown_proto_ce": 2.5167187023162843, "proxy_unknown_pair_margin": 0.09959395694732666, "proxy_unknown_old_margin": 0.04360080373287201, "proxy_unknown_hard_pair": 0.00034139763517305257, "proxy_unknown_hard_old": 0.0011018134981859475, "resid": 0.0}
{"epoch": 55.0, "loss": 2.6777280769348146, "mse": 0.05002199465036392, "cos": 0.08983715838193894, "ce": 0.5033488202095032, "clean": 0.0035921595208346846, "feat_margin": 0.14138214653730394, "clean_margin": 0.000950290409848094, "proxy_unknown_sep": 0.4183511781692505, "proxy_unknown_supcon": 6.763965835571289, "proxy_unknown_proto_ce": 2.531084093093872, "proxy_unknown_pair_margin": 0.09960113328695297, "proxy_unknown_old_margin": 0.04544408643245697, "proxy_unknown_hard_pair": 0.00044703897833824155, "proxy_unknown_hard_old": 0.0010618519517593087, "resid": 0.0}
{"epoch": 60.0, "loss": 2.7825478687286376, "mse": 0.05194713345170021, "cos": 0.09891133069992065, "ce": 0.5442347259521484, "clean": 0.0033035192638635634, "feat_margin": 0.15304438889026642, "clean_margin": 0.0016669022869318724, "proxy_unknown_sep": 0.41535636711120605, "proxy_unknown_supcon": 6.758806365966797, "proxy_unknown_proto_ce": 2.487353927612305, "proxy_unknown_pair_margin": 0.09838234651088715, "proxy_unknown_old_margin": 0.04584456616640091, "proxy_unknown_hard_pair": 0.000552918846718967, "proxy_unknown_hard_old": 0.0012019501533359288, "resid": 0.0}
{
  "exported": [
    "/home/szu2070436088/2510044040/CV-SincNet/runs/phase2_qknn_hardpair_20260705/MANYNEW10_HARDPAIR_HP08/ADV3B02_CORE90_SOFT_E200_PHASE1_HARDPAIR_HP08/features_hardpair_HP08.npz"
  ],
  "phase": "phase1_iq_preadapter_v11",
  "train_info": {
    "clean_input_repair_mode": "raw",
    "epochs": 60,
    "history_first": {
      "ce": 1.0381762566566468,
      "clean": 0.009309099045892565,
      "clean_margin": 0.008151431933045388,
      "cos": 0.14825831109285353,
      "epoch": 1.0,
      "feat_margin": 0.20046611082553864,
      "loss": 4.161105033874512,
      "mse": 0.05578454139828682,
      "proxy_unknown_hard_old": 0.0011329281046055257,
      "proxy_unknown_hard_pair": 0.0026402688631787896,
      "proxy_unknown_old_margin": 0.12610632556676865,
      "proxy_unknown_pair_margin": 0.1808613691329956,
      "proxy_unknown_proto_ce": 3.7351469287872314,
      "proxy_unknown_sep": 0.6264736132621765,
      "proxy_unknown_supcon": 9.533362365722656,
      "resid": 0.0
    },
    "history_last": {
      "ce": 0.5442347259521484,
      "clean": 0.0033035192638635634,
      "clean_margin": 0.0016669022869318724,
      "cos": 0.09891133069992065,
      "epoch": 60.0,
      "feat_margin": 0.15304438889026642,
      "loss": 2.7825478687286376,
      "mse": 0.05194713345170021,
      "proxy_unknown_hard_old": 0.0012019501533359288,
      "proxy_unknown_hard_pair": 0.000552918846718967,
      "proxy_unknown_old_margin": 0.04584456616640091,
      "proxy_unknown_pair_margin": 0.09838234651088715,
      "proxy_unknown_proto_ce": 2.487353927612305,
      "proxy_unknown_sep": 0.41535636711120605,
      "proxy_unknown_supcon": 6.758806365966797,
      "resid": 0.0
    },
    "input_adapter_enabled": false,
    "input_repair": "raw",
    "loss_weights": {
      "class_loss_weights": "",
      "clean_feature_margin": 7.5,
      "clean_identity": 22.0,
      "cos": 2.0,
      "feature_margin": 4.5,
      "logit_ce": 0.0,
      "mse": 1.0,
      "proto_ce": 0.2,
      "proxy_unknown_hard_old_margin": 0.05,
      "proxy_unknown_hard_old_margin_weight": 0.04,
      "proxy_unknown_hard_pair_ids": "19-19:10-7,19-19:3,17-10:10-7,17-10:3,19-19:17-10,16-5:19-19,16-5:3,10-7:19-19,10-7:3,10-7:17-10,10-7:1-1,10-7:1,19-19:14-11,19-19:1,19-19:16-16,19-19:1-1,14-11:16-16,14-11:1,16-5:14-11,16-5:1,5-5:19-19,5-5:3,5-5:16-5,5-5:10-7,5-5:17-10,5-5:14-11,5-1:19-19,5-1:3,5-5:1,5-5:16-16,5-5:3-13,5-5:2-6,1-18:14-11,1-18:1,5-1:14-11,5-1:1",
      "proxy_unknown_hard_pair_margin": 0.08,
      "proxy_unknown_hard_pair_margin_weight": 0.08,
      "proxy_unknown_max_cos": 0.05,
      "proxy_unknown_old_margin": 0.05,
      "proxy_unknown_old_margin_weight": 0.12,
      "proxy_unknown_pair_margin": 0.07,
      "proxy_unknown_pair_margin_weight": 0.14,
      "proxy_unknown_proto_ce": 0.12,
      "proxy_unknown_proto_temperature": 0.07,
      "proxy_unknown_separation": 0.1,
      "proxy_unknown_supcon": 0.16,
      "proxy_unknown_supcon_temperature": 0.07,
      "residual": 0.0,
      "teacher_logit_distill": 0.16
    },
    "model_adapter": {
      "mode": "id_norm_late_feature",
      "trainable_parameters": 289685,
      "trainable_tensors": [
        "id_backbone.t1.norm.weight",
        "id_backbone.t1.norm.bias",
        "id_backbone.t2.norm.weight",
        "id_backbone.t2.norm.bias",
        "id_backbone.t3.norm.weight",
        "id_backbone.t3.norm.bias",
        "id_backbone.t_proj.weight",
        "id_backbone.t_proj.bias",
        "id_backbone.f1.norm.weight",
        "id_backbone.f1.norm.bias",
        "id_backbone.f2.norm.weight",
        "id_backbone.f2.norm.bias",
        "id_backbone.f3.norm.weight",
        "id_backbone.f3.norm.bias",
        "id_backbone.f_proj.weight",
        "id_backbone.f_proj.bias",
        "id_backbone.freq_gate.conv.weight",
        "id_backbone.freq_gate.conv.bias",
        "id_backbone.pa_gate.net.weight",
        "id_backbone.pa_gate.net.bias",
        "id_backbone.pa_b1.norm.weight",
        "id_backbone.pa_b1.norm.bias",
        "id_backbone.pa_b2.norm.weight",
        "id_backbone.pa_b2.norm.bias",
        "id_backbone.pa_b3.norm.weight",
        "id_backbone.pa_b3.norm.bias",
        "id_backbone.pa_proj.0.weight",
        "id_backbone.pa_proj.0.bias",
        "id_backbone.fuse.0.weight",
        "id_backbone.fuse.0.bias",
        "id_backbone.con_proj.0.weight",
        "id_backbone.con_proj.0.bias",
        "id_backbone.cls_head.id_proj.0.weight",
        "id_backbone.cls_head.id_proj.0.bias",
        "id_backbone.cls_head.pa_proj.0.weight",
        "id_backbone.cls_head.pa_proj.0.bias",
        "id_backbone.cls_head.id_gate.0.weight",
        "id_backbone.cls_head.id_gate.0.bias",
        "id_backbone.cls_head.joint_proj.0.weight",
        "id_backbone.cls_head.joint_proj.0.bias",
        "id_backbone.cls_head.imp_merge.0.weight",
        "id_backbone.cls_head.imp_merge.0.bias"
      ]
    },
    "proxy_unknown_train": {
      "days": null,
      "pkl": "/home/szu2070436088/2510044040/CV-SincNet/Dataset_WigSig/ManyTx.pkl",
      "role": "proxy_unknown_train",
      "rxs": "1-1,1-19,14-7,18-2,19-2,2-1",
      "size": 62500,
      "tx_idx": [
        0,
        1,
        2,
        3,
        4,
        5,
        6,
        7,
        8,
        9,
        10,
        13,
        14,
        15,
        16,
        17,
        19,
        20,
        21,
        22,
        23,
        25,
        26,
        27,
        28,
        30,
        31,
        32,
        33,
        35,
        36,
        37,
        38,
        39,
        41,
        42,
        43,
        44,
        45,
        46,
        47,
        48,
        49,
        50,
        51,
        52,
        53,
        54,
        55,
        56,
        57,
        58,
        59,
        60,
        61,
        62,
        63,
        64,
        66,
        67,
        68,
        69,
        70,
        71,
        72,
        73,
        74,
        75,
        76,
        77,
        79,
        80,
        81,
        82,
        83,
        85,
        87,
        88,
        89,
        90,
        91,
        92,
        93,
        94,
        96,
        97,
        98,
        99,
        100,
        101,
        103,
        104,
        106,
        107,
        108,
        109,
        110,
        111,
        112,
        113,
        114,
        115,
        116,
        117,
        119,
        121,
        122,
        123,
        124,
        125,
        126,
        128,
        129,
        130,
        134,
        135,
        136,
        137,
        138,
        139,
        144,
        145,
        146,
        148,
        149
      ],
      "tx_labels": [
        "1-1",
        "1-10",
        "1-11",
        "1-12",
        "1-14",
        "1-15",
        "1-16",
        "1-18",
        "1-19",
        "1-2",
        "1-8",
        "10-11",
        "10-17",
        "10-4",
        "10-7",
        "11-1",
        "11-17",
        "11-19",
        "11-20",
        "11-4",
        "11-7",
        "12-19",
        "12-20",
        "12-7",
        "13-14",
        "13-19",
        "13-20",
        "13-3",
        "13-7",
        "14-11",
        "14-12",
        "14-13",
        "14-14",
        "14-20",
        "14-8",
        "14-9",
        "15-1",
        "15-19",
        "15-6",
        "16-1",
        "16-16",
        "16-19",
        "16-20",
        "16-5",
        "17-10",
        "17-11",
        "18-1",
        "18-10",
        "18-11",
        "18-12",
        "18-13",
        "18-14",
        "18-15",
        "18-16",
        "18-17",
        "18-2",
        "18-20",
        "18-4",
        "18-7",
        "18-8",
        "18-9",
        "19-1",
        "19-10",
        "19-11",
        "19-12",
        "19-13",
        "19-14",
        "19-19",
        "19-2",
        "19-20",
        "19-4",
        "19-6",
        "19-7",
        "19-8",
        "19-9",
        "2-12",
        "2-14",
        "2-15",
        "2-16",
        "2-17",
        "2-19",
        "2-20",
        "2-3",
        "2-4",
        "2-6",
        "2-7",
        "2-8",
        "20-1",
        "20-12",
        "20-14",
        "20-16",
        "20-18",
        "20-20",
        "20-3",
        "20-4",
        "20-5",
        "20-7",
        "20-8",
        "3-1",
        "3-13",
        "3-18",
        "3-19",
        "3-2",
        "3-20",
        "4-1",
        "4-11",
        "5-1",
        "5-16",
        "5-20",
        "5-5",
        "6-1",
        "6-6",
        "7-10",
        "7-11",
        "7-20",
        "7-7",
        "7-8",
        "7-9",
        "8-1",
        "8-13",
        "8-7",
        "8-8",
        "9-1",
        "9-20",
        "9-7"
      ]
    },
    "scenario_configs": {
      "leo_clear_weak": {
        "K_db_range": [
          16.0,
          24.0
        ],
        "agc_resid_db": [
          -0.2,
          0.2
        ],
        "apply_path_loss_to_iq": false,
        "cfo_std_hz": 50.0,
        "channel_model": "leo_residual",
        "enable_atmospheric_fading": false,
        "enable_iq_imbalance": false,
        "enable_multipath": true,
        "fading_mode": "rician",
        "loo_level": "light",
        "max_delay_samp": 2,
        "multipath_profile": "weak",
        "num_taps": [
          2,
          2
        ],
        "orbit_probs": {
          "GEO": 0.0,
          "LEO": 1.0,
          "MEO": 0.0
        },
        "phase_noise_inc_std": [
          0.0,
          0.0005
        ],
        "pwr_decay": 0.08,
        "scenario": "leo_residual",
        "snr_db": [
          22.0,
          32.0
        ],
        "theta_deg": [
          35.0,
          90.0
        ],
        "use_residual_doppler": true,
        "weather": "clear"
      },
      "leo_low_elev_weak": {
        "K_db_range": [
          8.0,
          18.0
        ],
        "agc_resid_db": [
          -0.3,
          0.3
        ],
        "apply_path_loss_to_iq": false,
        "cfo_std_hz": 90.0,
        "channel_model": "leo_residual",
        "enable_atmospheric_fading": false,
        "enable_iq_imbalance": false,
        "enable_multipath": true,
        "fading_mode": "shadowed_rician",
        "loo_level": "light",
        "max_delay_samp": 3,
        "multipath_profile": "weak",
        "num_taps": [
          2,
          2
        ],
        "orbit_probs": {
          "GEO": 0.0,
          "LEO": 1.0,
          "MEO": 0.0
        },
        "phase_noise_inc_std": [
          0.0001,
          0.0008
        ],
        "pwr_decay": 0.12,
        "scenario": "leo_residual",
        "snr_db": [
          16.0,
          28.0
        ],
        "theta_deg": [
          10.0,
          35.0
        ],
        "use_residual_doppler": true,
        "weather": "clear"
      },
      "leo_rain_weak": {
        "K_db_range": [
          10.0,
          20.0
        ],
        "agc_resid_db": [
          -0.3,
          0.3
        ],
        "apply_path_loss_to_iq": false,
        "cfo_std_hz": 70.0,
        "channel_model": "leo_residual",
        "enable_atmospheric_fading": false,
        "enable_iq_imbalance": false,
        "enable_multipath": true,
        "fading_mode": "rician",
        "loo_level": "light",
        "max_delay_samp": 3,
        "multipath_profile": "weak",
        "num_taps": [
          2,
          2
        ],
        "orbit_probs": {
          "GEO": 0.0,
          "LEO": 1.0,
          "MEO": 0.0
        },
        "phase_noise_inc_std": [
          0.0001,
          0.0007
        ],
        "pwr_decay": 0.1,
        "scenario": "leo_residual",
        "snr_db": [
          14.0,
          26.0
        ],
        "theta_deg": [
          20.0,
          80.0
        ],
        "use_residual_doppler": true,
        "weather": "rain"
      }
    },
    "scenarios": [
      "leo_clear_weak",
      "leo_low_elev_weak",
      "leo_rain_weak"
    ]
  },
  "uses_target_clean": false,
  "uses_target_labels_for_training": false,
  "uses_unknown_query_for_threshold": false
}
{
  "best": [
    {
      "transform_mode": "diag_fisher",
      "transform_strength": 0.5,
      "topm": 4,
      "proto_mix": 0.25,
      "aux_score_weight": 0.0,
      "radius_norm": 0.0,
      "old_bias": 0.001,
      "neg_lambda": 0.7,
      "neg_threshold": 0.75,
      "neg_margin": 0.01,
      "mutual_only": true,
      "scenario_aware": true,
      "balanced_assignment": true,
      "scenario_balanced_assignment": false,
      "proto_repel_lambda": 0.0,
      "proto_repel_margin": 0.85,
      "proto_repel_steps": 0,
      "proto_repel_anchor": 0.5,
      "pair_refine_similarity": 1.1,
      "pair_refine_changed_predictions": 0,
      "pair_axis_similarity": 1.1,
      "pair_axis_weight": 0.0,
      "pair_axis_clip": 1.0,
      "pair_axis_count": 0,
      "pair_gaussian_similarity": 0.95,
      "pair_gaussian_weight": 0.005,
      "pair_gaussian_clip": 2.0,
      "pair_gaussian_count": 1,
      "pair_fisher_similarity": 0.9,
      "pair_fisher_weight": 0.01,
      "pair_fisher_alpha": 1.0,
      "pair_fisher_clip": 2.0,
      "pair_fisher_count": 4,
      "support_guided_proxy_weight": 0.0,
      "support_guided_proxy_top_pairs": 0,
      "support_guided_proxy_clip": 2.0,
      "support_guided_proxy_count": 0,
      "stored_support_guided_proxy_scalars": 0,
      "pair_logreg_similarity": 1.1,
      "pair_logreg_weight": 0.0,
      "pair_logreg_alpha": 1.0,
      "pair_logreg_clip": 2.0,
      "pair_logreg_scope": "all",
      "pair_logreg_count": 0,
      "stored_pair_logreg_scalars": 0,
      "new_old_conflict_bias_threshold": 1.1,
      "new_old_conflict_bias_weight": 0.0,
      "new_old_conflict_bias": {},
      "old_new_runnerup_rescue_similarity": 1.1,
      "old_new_runnerup_rescue_margin": 0.0,
      "old_new_runnerup_rescue_weight": 0.0,
      "old_new_runnerup_rescue_pairs": 0,
      "old_new_runnerup_rescue_count": 0,
      "bootstrap_proto_mix": 0.0,
      "bootstrap_proto_drop": 1,
      "bootstrap_proto_topm": 1,
      "stored_bootstrap_prototype_count": 0,
      "core_proto_weight": 0.1,
      "core_proto_count": 2,
      "core_proto_topm": 2,
      "core_proto_mode": "axis",
      "stored_core_prototype_count": 32,
      "ridge_head_weight": 0.015,
      "ridge_head_alpha": 0.01,
      "ridge_head_clip": 2.0,
      "stored_ridge_head_scalars": 2576,
      "subspace_proto_weight": 0.0,
      "subspace_proto_rank": 8,
      "subspace_proto_rank_used": 0,
      "subspace_proto_power": 0.0,
      "subspace_proto_clip": 3.0,
      "stored_subspace_proto_scalars": 0,
      "class_diag_metric_weight": 0.0,
      "class_diag_metric_similarity": 0.9,
      "class_diag_metric_alpha": 0.01,
      "class_diag_metric_power": 0.5,
      "class_diag_metric_clip": 2.0,
      "class_diag_metric_count": 0,
      "stored_class_diag_metric_scalars": 0,
      "support_bias_weight": 0.0,
      "support_bias_step": 0.01,
      "support_bias_rounds": 4,
      "support_bias_loo_min_acc": 0.0,
      "support_bias_loo_mean_acc": 0.0,
      "stored_support_bias_scalars": 0,
      "mahal_proto_weight": 0.0,
      "mahal_proto_alpha": 1.0,
      "mahal_proto_diag_mix": 0.5,
      "mahal_proto_clip": 3.0,
      "score_calibration": "none",
      "assignment_margin_weight": 0.0,
      "assignment_margin_clip": 1.0,
      "labelprop_weight": 0.0,
      "labelprop_k": 8,
      "labelprop_alpha": 0.8,
      "labelprop_temperature": 0.05,
      "labelprop_rounds": 10,
      "labelprop_clip": 2.0,
      "labelprop_scope": "all",
      "labelprop_edges": 0,
      "query_graph_weight": 0.0,
      "query_graph_k": 8,
      "query_graph_temperature": 0.05,
      "query_graph_rounds": 1,
      "query_graph_scope": "all",
      "query_graph_edges": 0,
      "source_guard_mode": "none",
      "source_guard_weight": 0.0,
      "source_guard_conf_min": 0.0,
      "source_guard_margin_min": 0.0,
      "source_guard_count": 0,
      "source_proto_anchor_mode": "none",
      "source_proto_anchor_weight": 0.0,
      "source_proto_anchor_center": 0.0,
      "source_proto_anchor_count": 0,
      "stored_source_proto_anchor_scalars": 0,
      "stored_mahal_proto_scalars": 0,
      "stored_quantized_support_code_count": 160,
      "stored_raw_support_count": 0,
      "stored_class_prototype_count": 16,
      "stored_transform_scalars": 320,
      "stored_aux_transform_scalars": 0,
      "transform_scale_min": 0.22360679774997896,
      "transform_scale_max": 3.5351664801176588,
      "transform_scale_mean": 1.0765035670562355,
      "class_radii": {
        "14-10": 0.006818898643555738,
        "14-7": 0.16073534441138349,
        "20-15": 0.3865088141256108,
        "20-19": 0.0905653828150451,
        "6-15": 0.007903374841414734,
        "8-20": 0.005626230758753126,
        "10-10": 0.27664240665360734,
        "11-10": 0.06404291295073487,
        "18-5": 0.19593444316902117,
        "19-3": 0.09790406116236869,
        "2-13": 0.2578715329752894,
        "2-5": 0.31295926822072306,
        "3-8": 0.11534323262721416,
        "4-10": 0.1515025076610575,
        "8-18": 0.3001517523771603,
        "8-3": 0.03704309696170658
      },
      "max_offdiag_proto_sim": 0.9547988683747294,
      "query_old_acc": 0.8833333333333333,
      "query_min_old_class_acc": 0.8,
      "query_seen_new_acc": 0.8628571428571429,
      "query_min_seen_new_class_acc": 0.7285714285714285,
      "query_per_old_acc": {
        "14-10": 0.8571428571428571,
        "14-7": 0.8285714285714286,
        "20-15": 0.9428571428571428,
        "20-19": 0.8,
        "6-15": 0.9,
        "8-20": 0.9714285714285714
      },
      "query_per_new_acc": {
        "10-10": 0.8,
        "11-10": 0.7428571428571429,
        "18-5": 0.9571428571428572,
        "19-3": 0.9142857142857143,
        "2-13": 0.7285714285714285,
        "2-5": 0.8714285714285714,
        "3-8": 0.9285714285714286,
        "4-10": 0.9142857142857143,
        "8-18": 0.8714285714285714,
        "8-3": 0.9
      },
      "query_passes_new_floor75": false,
      "query_passes_joint_target": false,
      "query_rank_score": [
        0.0,
        0.9714285714285714,
        0.7285714285714285,
        0.8628571428571429,
        0.8833333333333333,
        0.8
      ],
      "seed": 421029,
      "support_selection_policy": "stable_first",
      "k_old": 10,
      "k_new": 10,
      "pool_per_old": 10,
      "pool_per_new": 10
    },
    {
      "transform_mode": "diag_fisher",
      "transform_strength": 0.5,
      "topm": 4,
      "proto_mix": 0.25,
      "aux_score_weight": 0.0,
      "radius_norm": 0.0,
      "old_bias": 0.001,
      "neg_lambda": 0.7,
      "neg_threshold": 0.75,
      "neg_margin": 0.01,
      "mutual_only": true,
      "scenario_aware": true,
      "balanced_assignment": true,
      "scenario_balanced_assignment": false,
      "proto_repel_lambda": 0.0,
      "proto_repel_margin": 0.85,
      "proto_repel_steps": 0,
      "proto_repel_anchor": 0.5,
      "pair_refine_similarity": 1.1,
      "pair_refine_changed_predictions": 0,
      "pair_axis_similarity": 1.1,
      "pair_axis_weight": 0.0,
      "pair_axis_clip": 1.0,
      "pair_axis_count": 0,
      "pair_gaussian_similarity": 0.95,
      "pair_gaussian_weight": 0.005,
      "pair_gaussian_clip": 2.0,
      "pair_gaussian_count": 1,
      "pair_fisher_similarity": 0.9,
      "pair_fisher_weight": 0.01,
      "pair_fisher_alpha": 1.0,
      "pair_fisher_clip": 2.0,
      "pair_fisher_count": 4,
      "support_guided_proxy_weight": 0.0,
      "support_guided_proxy_top_pairs": 0,
      "support_guided_proxy_clip": 2.0,
      "support_guided_proxy_count": 0,
      "stored_support_guided_proxy_scalars": 0,
      "pair_logreg_similarity": 1.1,
      "pair_logreg_weight": 0.0,
      "pair_logreg_alpha": 1.0,
      "pair_logreg_clip": 2.0,
      "pair_logreg_scope": "all",
      "pair_logreg_count": 0,
      "stored_pair_logreg_scalars": 0,
      "new_old_conflict_bias_threshold": 1.1,
      "new_old_conflict_bias_weight": 0.0,
      "new_old_conflict_bias": {},
      "old_new_runnerup_rescue_similarity": 1.1,
      "old_new_runnerup_rescue_margin": 0.0,
      "old_new_runnerup_rescue_weight": 0.0,
      "old_new_runnerup_rescue_pairs": 0,
      "old_new_runnerup_rescue_count": 0,
      "bootstrap_proto_mix": 0.0,
      "bootstrap_proto_drop": 1,
      "bootstrap_proto_topm": 1,
      "stored_bootstrap_prototype_count": 0,
      "core_proto_weight": 0.0,
      "core_proto_count": 2,
      "core_proto_topm": 2,
      "core_proto_mode": "axis",
      "stored_core_prototype_count": 0,
      "ridge_head_weight": 0.015,
      "ridge_head_alpha": 0.01,
      "ridge_head_clip": 2.0,
      "stored_ridge_head_scalars": 2576,
      "subspace_proto_weight": 0.0,
      "subspace_proto_rank": 8,
      "subspace_proto_rank_used": 0,
      "subspace_proto_power": 0.0,
      "subspace_proto_clip": 3.0,
      "stored_subspace_proto_scalars": 0,
      "class_diag_metric_weight": 0.0,
      "class_diag_metric_similarity": 0.9,
      "class_diag_metric_alpha": 0.01,
      "class_diag_metric_power": 0.5,
      "class_diag_metric_clip": 2.0,
      "class_diag_metric_count": 0,
      "stored_class_diag_metric_scalars": 0,
      "support_bias_weight": 0.0,
      "support_bias_step": 0.01,
      "support_bias_rounds": 4,
      "support_bias_loo_min_acc": 0.0,
      "support_bias_loo_mean_acc": 0.0,
      "stored_support_bias_scalars": 0,
      "mahal_proto_weight": 0.0,
      "mahal_proto_alpha": 1.0,
      "mahal_proto_diag_mix": 0.5,
      "mahal_proto_clip": 3.0,
      "score_calibration": "none",
      "assignment_margin_weight": 0.0,
      "assignment_margin_clip": 1.0,
      "labelprop_weight": 0.0,
      "labelprop_k": 8,
      "labelprop_alpha": 0.8,
      "labelprop_temperature": 0.05,
      "labelprop_rounds": 10,
      "labelprop_clip": 2.0,
      "labelprop_scope": "all",
      "labelprop_edges": 0,
      "query_graph_weight": 0.0,
      "query_graph_k": 8,
      "query_graph_temperature": 0.05,
      "query_graph_rounds": 1,
      "query_graph_scope": "all",
      "query_graph_edges": 0,
      "source_guard_mode": "none",
      "source_guard_weight": 0.0,
      "source_guard_conf_min": 0.0,
      "source_guard_margin_min": 0.0,
      "source_guard_count": 0,
      "source_proto_anchor_mode": "none",
      "source_proto_anchor_weight": 0.0,
      "source_proto_anchor_center": 0.0,
      "source_proto_anchor_count": 0,
      "stored_source_proto_anchor_scalars": 0,
      "stored_mahal_proto_scalars": 0,
      "stored_quantized_support_code_count": 160,
      "stored_raw_support_count": 0,
      "stored_class_prototype_count": 16,
      "stored_transform_scalars": 320,
      "stored_aux_transform_scalars": 0,
      "transform_scale_min": 0.22360679774997896,
      "transform_scale_max": 3.5351664801176588,
      "transform_scale_mean": 1.0765035670562355,
      "class_radii": {
        "14-10": 0.006818898643555738,
        "14-7": 0.16073534441138349,
        "20-15": 0.3865088141256108,
        "20-19": 0.0905653828150451,
        "6-15": 0.007903374841414734,
        "8-20": 0.005626230758753126,
        "10-10": 0.27664240665360734,
        "11-10": 0.06404291295073487,
        "18-5": 0.19593444316902117,
        "19-3": 0.09790406116236869,
        "2-13": 0.2578715329752894,
        "2-5": 0.31295926822072306,
        "3-8": 0.11534323262721416,
        "4-10": 0.1515025076610575,
        "8-18": 0.3001517523771603,
        "8-3": 0.03704309696170658
      },
      "max_offdiag_proto_sim": 0.9547988683747294,
      "query_old_acc": 0.8761904761904762,
      "query_min_old_class_acc": 0.8142857142857143,
      "query_seen_new_acc": 0.8585714285714285,
      "query_min_seen_new_class_acc": 0.7142857142857143,
      "query_per_old_acc": {
        "14-10": 0.8428571428571429,
        "14-7": 0.8285714285714286,
        "20-15": 0.9285714285714286,
        "20-19": 0.8142857142857143,
        "6-15": 0.8714285714285714,
        "8-20": 0.9714285714285714
      },
      "query_per_new_acc": {
        "10-10": 0.8,
        "11-10": 0.7285714285714285,
        "18-5": 0.9428571428571428,
        "19-3": 0.9142857142857143,
        "2-13": 0.7142857142857143,
        "2-5": 0.8714285714285714,
        "3-8": 0.9285714285714286,
        "4-10": 0.9,
        "8-18": 0.8857142857142857,
        "8-3": 0.9
      },
      "query_passes_new_floor75": false,
      "query_passes_joint_target": false,
      "query_rank_score": [
        0.0,
        0.9523809523809524,
        0.7142857142857143,
        0.8585714285714285,
        0.8761904761904762,
        0.8142857142857143
      ],
      "seed": 421029,
      "support_selection_policy": "stable_first",
      "k_old": 10,
      "k_new": 10,
      "pool_per_old": 10,
      "pool_per_new": 10
    }
  ],
  "output_json": "/home/szu2070436088/2510044040/CV-SincNet/runs/phase2_qknn_hardpair_20260705/HP08/qknn_eval/k10_coreproto_hardpair_HP08.json"
}
{
  "best": [
    {
      "transform_mode": "diag_fisher",
      "transform_strength": 0.5,
      "topm": 4,
      "proto_mix": 0.25,
      "aux_score_weight": 0.0,
      "radius_norm": 0.0,
      "old_bias": 0.001,
      "neg_lambda": 0.7,
      "neg_threshold": 0.75,
      "neg_margin": 0.01,
      "mutual_only": true,
      "scenario_aware": true,
      "balanced_assignment": true,
      "scenario_balanced_assignment": false,
      "proto_repel_lambda": 0.0,
      "proto_repel_margin": 0.85,
      "proto_repel_steps": 0,
      "proto_repel_anchor": 0.5,
      "pair_refine_similarity": 1.1,
      "pair_refine_changed_predictions": 0,
      "pair_axis_similarity": 1.1,
      "pair_axis_weight": 0.0,
      "pair_axis_clip": 1.0,
      "pair_axis_count": 0,
      "pair_gaussian_similarity": 1.1,
      "pair_gaussian_weight": 0.0,
      "pair_gaussian_clip": 5.0,
      "pair_gaussian_count": 0,
      "pair_fisher_similarity": 1.1,
      "pair_fisher_weight": 0.0,
      "pair_fisher_alpha": 1.0,
      "pair_fisher_clip": 5.0,
      "pair_fisher_count": 0,
      "support_guided_proxy_weight": 0.0,
      "support_guided_proxy_top_pairs": 0,
      "support_guided_proxy_clip": 2.0,
      "support_guided_proxy_count": 0,
      "stored_support_guided_proxy_scalars": 0,
      "pair_logreg_similarity": 1.1,
      "pair_logreg_weight": 0.0,
      "pair_logreg_alpha": 1.0,
      "pair_logreg_clip": 2.0,
      "pair_logreg_scope": "all",
      "pair_logreg_count": 0,
      "stored_pair_logreg_scalars": 0,
      "new_old_conflict_bias_threshold": 1.1,
      "new_old_conflict_bias_weight": 0.0,
      "new_old_conflict_bias": {},
      "old_new_runnerup_rescue_similarity": 1.1,
      "old_new_runnerup_rescue_margin": 0.0,
      "old_new_runnerup_rescue_weight": 0.0,
      "old_new_runnerup_rescue_pairs": 0,
      "old_new_runnerup_rescue_count": 0,
      "bootstrap_proto_mix": 0.0,
      "bootstrap_proto_drop": 1,
      "bootstrap_proto_topm": 1,
      "stored_bootstrap_prototype_count": 0,
      "core_proto_weight": 0.0,
      "core_proto_count": 3,
      "core_proto_topm": 1,
      "core_proto_mode": "centroid",
      "stored_core_prototype_count": 0,
      "ridge_head_weight": 0.0,
      "ridge_head_alpha": 1.0,
      "ridge_head_clip": 3.0,
      "stored_ridge_head_scalars": 0,
      "subspace_proto_weight": 0.0,
      "subspace_proto_rank": 8,
      "subspace_proto_rank_used": 0,
      "subspace_proto_power": 0.0,
      "subspace_proto_clip": 3.0,
      "stored_subspace_proto_scalars": 0,
      "class_diag_metric_weight": 0.0,
      "class_diag_metric_similarity": 0.9,
      "class_diag_metric_alpha": 0.01,
      "class_diag_metric_power": 0.5,
      "class_diag_metric_clip": 2.0,
      "class_diag_metric_count": 0,
      "stored_class_diag_metric_scalars": 0,
      "support_bias_weight": 0.0,
      "support_bias_step": 0.01,
      "support_bias_rounds": 4,
      "support_bias_loo_min_acc": 0.0,
      "support_bias_loo_mean_acc": 0.0,
      "stored_support_bias_scalars": 0,
      "mahal_proto_weight": 0.0,
      "mahal_proto_alpha": 1.0,
      "mahal_proto_diag_mix": 0.5,
      "mahal_proto_clip": 3.0,
      "score_calibration": "none",
      "assignment_margin_weight": 0.0,
      "assignment_margin_clip": 1.0,
      "labelprop_weight": 0.0,
      "labelprop_k": 8,
      "labelprop_alpha": 0.8,
      "labelprop_temperature": 0.05,
      "labelprop_rounds": 10,
      "labelprop_clip": 2.0,
      "labelprop_scope": "all",
      "labelprop_edges": 0,
      "query_graph_weight": 0.0,
      "query_graph_k": 8,
      "query_graph_temperature": 0.05,
      "query_graph_rounds": 1,
      "query_graph_scope": "all",
      "query_graph_edges": 0,
      "source_guard_mode": "add_old",
      "source_guard_weight": 0.05,
      "source_guard_conf_min": 0.0,
      "source_guard_margin_min": 0.0,
      "source_guard_count": 1200,
      "source_proto_anchor_mode": "none",
      "source_proto_anchor_weight": 0.0,
      "source_proto_anchor_center": 0.0,
      "source_proto_anchor_count": 0,
      "stored_source_proto_anchor_scalars": 0,
      "stored_mahal_proto_scalars": 0,
      "stored_quantized_support_code_count": 80,
      "stored_raw_support_count": 0,
      "stored_class_prototype_count": 16,
      "stored_transform_scalars": 320,
      "stored_aux_transform_scalars": 0,
      "transform_scale_min": 0.22360679774997896,
      "transform_scale_max": 2.8197177911541225,
      "transform_scale_mean": 0.9808359466754947,
      "class_radii": {
        "14-10": 0.0048237350461676435,
        "14-7": 0.037172398315367824,
        "20-15": 0.32807334422148926,
        "20-19": 0.18018850724936514,
        "6-15": 0.00736755911591831,
        "8-20": 0.01354393362543067,
        "10-10": 0.17744547332414393,
        "11-10": 0.12120713607073771,
        "18-5": 0.23497214869620323,
        "19-3": 0.10135779673907161,
        "2-13": 0.15681043886538648,
        "2-5": 0.2036485007641681,
        "3-8": 0.06684395484750275,
        "4-10": 0.15333128221589304,
        "8-18": 0.24892254136370057,
        "8-3": 0.046375022294656995
      },
      "max_offdiag_proto_sim": 0.9639308331628567,
      "query_old_acc": 0.8755555555555555,
      "query_min_old_class_acc": 0.7333333333333333,
      "query_seen_new_acc": 0.8293333333333334,
      "query_min_seen_new_class_acc": 0.68,
      "query_per_old_acc": {
        "14-10": 0.84,
        "14-7": 0.8133333333333334,
        "20-15": 0.9466666666666667,
        "20-19": 0.7333333333333333,
        "6-15": 0.96,
        "8-20": 0.96
      },
      "query_per_new_acc": {
        "10-10": 0.68,
        "11-10": 0.8266666666666667,
        "18-5": 0.9066666666666666,
        "19-3": 0.88,
        "2-13": 0.7333333333333333,
        "2-5": 0.7733333333333333,
        "3-8": 0.92,
        "4-10": 0.9066666666666666,
        "8-18": 0.8666666666666667,
        "8-3": 0.8
      },
      "query_passes_new_floor75": false,
      "query_passes_joint_target": false,
      "query_rank_score": [
        0.0,
        0.9066666666666667,
        0.68,
        0.8293333333333334,
        0.8755555555555555,
        0.7333333333333333
      ],
      "seed": 421037,
      "support_selection_policy": "stable_first",
      "k_old": 5,
      "k_new": 5,
      "pool_per_old": 5,
      "pool_per_new": 5
    }
  ],
  "output_json": "/home/szu2070436088/2510044040/CV-SincNet/runs/phase2_qknn_hardpair_20260705/HP08/qknn_eval/k5_sourceguard_hardpair_HP08.json"
}
