{"load_state": {"missing": ["dom_backbone.cls_head.id_gate.0.weight", "dom_backbone.cls_head.imp_merge.0.weight", "dom_backbone.cls_head.joint_proj.0.weight", "dom_backbone.freq_stats_proj.0.bias", "dom_backbone.freq_stats_proj.0.weight", "dom_backbone.pa_stats_proj.0.bias", "dom_backbone.pa_stats_proj.0.weight"], "unexpected": ["dom_backbone.dac_hf_proj.0.weight", "dom_backbone.dac_hf_proj.1.weight", "dom_backbone.dac_hf_proj.1.bias", "dom_backbone.dac_b1.conv.wr.weight", "dom_backbone.dac_b1.conv.wi.weight", "dom_backbone.dac_b1.conv.vr.weight", "dom_backbone.dac_b1.conv.vi.weight", "dom_backbone.dac_b1.norm.weight", "dom_backbone.dac_b1.norm.bias", "dom_backbone.dac_b2.conv.wr.weight", "dom_backbone.dac_b2.conv.wi.weight", "dom_backbone.dac_b2.conv.vr.weight", "dom_backbone.dac_b2.conv.vi.weight", "dom_backbone.dac_b2.norm.weight", "dom_backbone.dac_b2.norm.bias", "dom_backbone.dac_b2.res_proj.0.weight", "dom_backbone.dac_b3.conv.wr.weight", "dom_backbone.dac_b3.conv.wi.weight", "dom_backbone.dac_b3.conv.vr.weight", "dom_backbone.dac_b3.conv.vi.weight", "dom_backbone.dac_b3.norm.weight", "dom_backbone.dac_b3.norm.bias", "dom_backbone.dac_b3.res_proj.0.weight", "dom_backbone.dac_proj.0.weight", "dom_backbone.dac_proj.0.bias", "dom_backbone.cls_head.dac_proj.0.weight", "dom_backbone.cls_head.dac_proj.0.bias", "dom_backbone.cls_head.dac_head.0.weight", "dom_backbone.cls_head.dac_head.0.bias", "dom_backbone.cls_head.dac_head.2.weight", "dom_backbone.cls_head.dac_head.2.bias"], "skipped": [["dom_backbone.cls_head.id_gate.0.weight", [160, 320], [160, 160]], ["dom_backbone.cls_head.joint_proj.0.weight", [160, 480], [160, 320]], ["dom_backbone.cls_head.imp_merge.0.weight", [160, 320], [160, 160]]]}}
{"load_state": {"missing": ["dom_backbone.cls_head.id_gate.0.weight", "dom_backbone.cls_head.imp_merge.0.weight", "dom_backbone.cls_head.joint_proj.0.weight", "dom_backbone.freq_stats_proj.0.bias", "dom_backbone.freq_stats_proj.0.weight", "dom_backbone.pa_stats_proj.0.bias", "dom_backbone.pa_stats_proj.0.weight"], "unexpected": ["dom_backbone.dac_hf_proj.0.weight", "dom_backbone.dac_hf_proj.1.weight", "dom_backbone.dac_hf_proj.1.bias", "dom_backbone.dac_b1.conv.wr.weight", "dom_backbone.dac_b1.conv.wi.weight", "dom_backbone.dac_b1.conv.vr.weight", "dom_backbone.dac_b1.conv.vi.weight", "dom_backbone.dac_b1.norm.weight", "dom_backbone.dac_b1.norm.bias", "dom_backbone.dac_b2.conv.wr.weight", "dom_backbone.dac_b2.conv.wi.weight", "dom_backbone.dac_b2.conv.vr.weight", "dom_backbone.dac_b2.conv.vi.weight", "dom_backbone.dac_b2.norm.weight", "dom_backbone.dac_b2.norm.bias", "dom_backbone.dac_b2.res_proj.0.weight", "dom_backbone.dac_b3.conv.wr.weight", "dom_backbone.dac_b3.conv.wi.weight", "dom_backbone.dac_b3.conv.vr.weight", "dom_backbone.dac_b3.conv.vi.weight", "dom_backbone.dac_b3.norm.weight", "dom_backbone.dac_b3.norm.bias", "dom_backbone.dac_b3.res_proj.0.weight", "dom_backbone.dac_proj.0.weight", "dom_backbone.dac_proj.0.bias", "dom_backbone.cls_head.dac_proj.0.weight", "dom_backbone.cls_head.dac_proj.0.bias", "dom_backbone.cls_head.dac_head.0.weight", "dom_backbone.cls_head.dac_head.0.bias", "dom_backbone.cls_head.dac_head.2.weight", "dom_backbone.cls_head.dac_head.2.bias"], "skipped": [["dom_backbone.cls_head.id_gate.0.weight", [160, 320], [160, 160]], ["dom_backbone.cls_head.joint_proj.0.weight", [160, 480], [160, 320]], ["dom_backbone.cls_head.imp_merge.0.weight", [160, 320], [160, 160]]]}}
{"epoch": 5.0, "loss": 3.662203971862793, "mse": 0.05463854658603668, "cos": 0.13824916195869447, "ce": 0.8454551305770874, "clean": 0.005960379950702191, "feat_margin": 0.2026707891225815, "clean_margin": 0.003318539831787348, "proxy_unknown_sep": 0.5784587459564209, "proxy_unknown_supcon": 8.19859072113037, "proxy_unknown_proto_ce": 3.322112787246704, "proxy_unknown_pair_margin": 0.14411995816230774, "proxy_unknown_old_margin": 0.08197077405452728, "proxy_unknown_hard_pair": 0.0020467611709609626, "proxy_unknown_hard_old": 0.0009872205154970288, "resid": 0.0}
{"epoch": 10.0, "loss": 3.4242560234069823, "mse": 0.05288806062936783, "cos": 0.12445842254161835, "ce": 0.7489341826438903, "clean": 0.004742693291977048, "feat_margin": 0.1910988729596138, "clean_margin": 0.0032903210930526256, "proxy_unknown_sep": 0.5541087527275086, "proxy_unknown_supcon": 7.9026766204833985, "proxy_unknown_proto_ce": 3.166743371963501, "proxy_unknown_pair_margin": 0.1379397292137146, "proxy_unknown_old_margin": 0.07477708095312119, "proxy_unknown_hard_pair": 0.0017455489034764468, "proxy_unknown_hard_old": 0.001520542266778648, "resid": 0.0}
{"epoch": 15.0, "loss": 3.2864043769836426, "mse": 0.05669791287183762, "cos": 0.1162961722612381, "ce": 0.7117020163536072, "clean": 0.005275019600987434, "feat_margin": 0.18035734438896178, "clean_margin": 0.0033387583973817528, "proxy_unknown_sep": 0.5306117000579834, "proxy_unknown_supcon": 7.5907202796936035, "proxy_unknown_proto_ce": 3.0608758087158203, "proxy_unknown_pair_margin": 0.13044538056850433, "proxy_unknown_old_margin": 0.06631149697303772, "proxy_unknown_hard_pair": 0.0007358595100231468, "proxy_unknown_hard_old": 0.0009024905897676945, "resid": 0.0}
{"epoch": 20.0, "loss": 3.183947786331177, "mse": 0.054469222337007524, "cos": 0.11541581594944, "ce": 0.6469904065132142, "clean": 0.005696269415318966, "feat_margin": 0.17658039772510528, "clean_margin": 0.003589110367000103, "proxy_unknown_sep": 0.5018293986320496, "proxy_unknown_supcon": 7.334991508483887, "proxy_unknown_proto_ce": 2.9374065704345704, "proxy_unknown_pair_margin": 0.12247406667470932, "proxy_unknown_old_margin": 0.05832554006576538, "proxy_unknown_hard_pair": 0.0012049901774153114, "proxy_unknown_hard_old": 0.001251869327388704, "resid": 0.0}
{"epoch": 25.0, "loss": 3.082753496170044, "mse": 0.05573910188674927, "cos": 0.11241098511219025, "ce": 0.6215641391277313, "clean": 0.004092159438878298, "feat_margin": 0.17340232861042024, "clean_margin": 0.002006060421466827, "proxy_unknown_sep": 0.4854307842254639, "proxy_unknown_supcon": 7.188971878051758, "proxy_unknown_proto_ce": 2.836556837081909, "proxy_unknown_pair_margin": 0.11476444387435913, "proxy_unknown_old_margin": 0.05509504526853561, "proxy_unknown_hard_pair": 0.0005715361734764884, "proxy_unknown_hard_old": 0.0009083323329687118, "resid": 0.0}
{"epoch": 30.0, "loss": 3.0051167755126955, "mse": 0.0542474015057087, "cos": 0.10730943012237548, "ce": 0.5899981474876403, "clean": 0.004086856711655856, "feat_margin": 0.17028086698055267, "clean_margin": 0.001369450815487653, "proxy_unknown_sep": 0.469214515209198, "proxy_unknown_supcon": 7.09503698348999, "proxy_unknown_proto_ce": 2.8003043594360353, "proxy_unknown_pair_margin": 0.11346067708730698, "proxy_unknown_old_margin": 0.053328774988651274, "proxy_unknown_hard_pair": 0.0006406677598133683, "proxy_unknown_hard_old": 0.0012473902516067028, "resid": 0.0}
{"epoch": 35.0, "loss": 2.9905542831420897, "mse": 0.054560663610696794, "cos": 0.10954361724853516, "ce": 0.5834100375175476, "clean": 0.004683418843895197, "feat_margin": 0.16656234323978425, "clean_margin": 0.0024137214669026435, "proxy_unknown_sep": 0.4414698417186737, "proxy_unknown_supcon": 7.009360698699951, "proxy_unknown_proto_ce": 2.7100581398010255, "proxy_unknown_pair_margin": 0.10933135080337525, "proxy_unknown_old_margin": 0.050084216326475146, "proxy_unknown_hard_pair": 0.00035382385086268187, "proxy_unknown_hard_old": 0.0012845695563592017, "resid": 0.0}
{"epoch": 40.0, "loss": 2.86378178024292, "mse": 0.05191196617484093, "cos": 0.10240580803155899, "ce": 0.5649220631122589, "clean": 0.0033311930745840075, "feat_margin": 0.15993473017215729, "clean_margin": 0.0012819616831839084, "proxy_unknown_sep": 0.4408298063278198, "proxy_unknown_supcon": 6.874157794952392, "proxy_unknown_proto_ce": 2.679718725204468, "proxy_unknown_pair_margin": 0.10741043853759766, "proxy_unknown_old_margin": 0.04910557335615158, "proxy_unknown_hard_pair": 0.000289794209995307, "proxy_unknown_hard_old": 0.001720664837397635, "resid": 0.0}
{"epoch": 45.0, "loss": 2.8760770111083986, "mse": 0.05348791885375977, "cos": 0.10360971069335938, "ce": 0.5465454034805298, "clean": 0.004142016593366861, "feat_margin": 0.1590465804338455, "clean_margin": 0.0013850876982323826, "proxy_unknown_sep": 0.42870316457748414, "proxy_unknown_supcon": 6.905515785217285, "proxy_unknown_proto_ce": 2.644995485305786, "proxy_unknown_pair_margin": 0.1044741563796997, "proxy_unknown_old_margin": 0.04810391899943352, "proxy_unknown_hard_pair": 0.0003594822971499525, "proxy_unknown_hard_old": 0.0013015869897790252, "resid": 0.0}
{"epoch": 50.0, "loss": 2.7385885753631594, "mse": 0.05240847089886665, "cos": 0.09657030481100082, "ce": 0.5493222146034241, "clean": 0.0027344088181853296, "feat_margin": 0.14887133121490478, "clean_margin": 0.001242423646268435, "proxy_unknown_sep": 0.42437257742881773, "proxy_unknown_supcon": 6.790673110961914, "proxy_unknown_proto_ce": 2.559832592010498, "proxy_unknown_pair_margin": 0.10207126986980439, "proxy_unknown_old_margin": 0.0476421474814415, "proxy_unknown_hard_pair": 0.00034993858716916295, "proxy_unknown_hard_old": 0.001180032256990671, "resid": 0.0}
{"epoch": 55.0, "loss": 2.73531520652771, "mse": 0.05311647582054138, "cos": 0.0971088478565216, "ce": 0.5178085708618164, "clean": 0.0034177616778761147, "feat_margin": 0.14899179220199585, "clean_margin": 0.0016063076751306653, "proxy_unknown_sep": 0.3990521621704102, "proxy_unknown_supcon": 6.7115887298583985, "proxy_unknown_proto_ce": 2.504168409347534, "proxy_unknown_pair_margin": 0.09715022945404053, "proxy_unknown_old_margin": 0.04205714064836502, "proxy_unknown_hard_pair": 0.00042344510849216024, "proxy_unknown_hard_old": 0.0013755551148205995, "resid": 0.0}
{"epoch": 60.0, "loss": 2.7430905170440676, "mse": 0.053420511931180956, "cos": 0.09859295189380646, "ce": 0.5699175052642822, "clean": 0.002992052936926484, "feat_margin": 0.15131993901729585, "clean_margin": 0.0007165701983030885, "proxy_unknown_sep": 0.409950163602829, "proxy_unknown_supcon": 6.657156459808349, "proxy_unknown_proto_ce": 2.4770921936035157, "proxy_unknown_pair_margin": 0.09731818187236786, "proxy_unknown_old_margin": 0.044619072437286376, "proxy_unknown_hard_pair": 0.0005529817666392774, "proxy_unknown_hard_old": 0.0016066975552821532, "resid": 0.0}
{
  "exported": [
    "/home/szu2070436088/2510044040/CV-SincNet/runs/phase2_qknn_hardpair_20260705/MANYNEW10_HARDPAIR_HP16/ADV3B02_CORE90_SOFT_E200_PHASE1_HARDPAIR_HP16/features_hardpair_HP16.npz"
  ],
  "phase": "phase1_iq_preadapter_v11",
  "train_info": {
    "clean_input_repair_mode": "raw",
    "epochs": 60,
    "history_first": {
      "ce": 1.0912671012878419,
      "clean": 0.011865660505990206,
      "clean_margin": 0.014151249999180436,
      "cos": 0.14248991405963898,
      "epoch": 1.0,
      "feat_margin": 0.2021413892507553,
      "loss": 4.27161057472229,
      "mse": 0.055698088467121126,
      "proxy_unknown_hard_old": 0.0012764131128787995,
      "proxy_unknown_hard_pair": 0.0024986490644514562,
      "proxy_unknown_old_margin": 0.12480277359485627,
      "proxy_unknown_pair_margin": 0.18067634057998658,
      "proxy_unknown_proto_ce": 3.7407893085479738,
      "proxy_unknown_sep": 0.63359526014328,
      "proxy_unknown_supcon": 9.457226608276367,
      "resid": 0.0
    },
    "history_last": {
      "ce": 0.5699175052642822,
      "clean": 0.002992052936926484,
      "clean_margin": 0.0007165701983030885,
      "cos": 0.09859295189380646,
      "epoch": 60.0,
      "feat_margin": 0.15131993901729585,
      "loss": 2.7430905170440676,
      "mse": 0.053420511931180956,
      "proxy_unknown_hard_old": 0.0016066975552821532,
      "proxy_unknown_hard_pair": 0.0005529817666392774,
      "proxy_unknown_old_margin": 0.044619072437286376,
      "proxy_unknown_pair_margin": 0.09731818187236786,
      "proxy_unknown_proto_ce": 2.4770921936035157,
      "proxy_unknown_sep": 0.409950163602829,
      "proxy_unknown_supcon": 6.657156459808349,
      "resid": 0.0
    },
    "input_adapter_enabled": false,
    "input_repair": "raw",
    "loss_weights": {
      "class_loss_weights": "",
      "clean_feature_margin": 7.5,
      "clean_identity": 22.0,
      "cos": 2.0,
      "feature_margin": 4.5,
      "logit_ce": 0.0,
      "mse": 1.0,
      "proto_ce": 0.2,
      "proxy_unknown_hard_old_margin": 0.05,
      "proxy_unknown_hard_old_margin_weight": 0.08,
      "proxy_unknown_hard_pair_ids": "19-19:10-7,19-19:3,17-10:10-7,17-10:3,19-19:17-10,16-5:19-19,16-5:3,10-7:19-19,10-7:3,10-7:17-10,10-7:1-1,10-7:1,19-19:14-11,19-19:1,19-19:16-16,19-19:1-1,14-11:16-16,14-11:1,16-5:14-11,16-5:1,5-5:19-19,5-5:3,5-5:16-5,5-5:10-7,5-5:17-10,5-5:14-11,5-1:19-19,5-1:3,5-5:1,5-5:16-16,5-5:3-13,5-5:2-6,1-18:14-11,1-18:1,5-1:14-11,5-1:1",
      "proxy_unknown_hard_pair_margin": 0.08,
      "proxy_unknown_hard_pair_margin_weight": 0.16,
      "proxy_unknown_max_cos": 0.05,
      "proxy_unknown_old_margin": 0.05,
      "proxy_unknown_old_margin_weight": 0.12,
      "proxy_unknown_pair_margin": 0.07,
      "proxy_unknown_pair_margin_weight": 0.14,
      "proxy_unknown_proto_ce": 0.12,
      "proxy_unknown_proto_temperature": 0.07,
      "proxy_unknown_separation": 0.1,
      "proxy_unknown_supcon": 0.16,
      "proxy_unknown_supcon_temperature": 0.07,
      "residual": 0.0,
      "teacher_logit_distill": 0.16
    },
    "model_adapter": {
      "mode": "id_norm_late_feature",
      "trainable_parameters": 289685,
      "trainable_tensors": [
        "id_backbone.t1.norm.weight",
        "id_backbone.t1.norm.bias",
        "id_backbone.t2.norm.weight",
        "id_backbone.t2.norm.bias",
        "id_backbone.t3.norm.weight",
        "id_backbone.t3.norm.bias",
        "id_backbone.t_proj.weight",
        "id_backbone.t_proj.bias",
        "id_backbone.f1.norm.weight",
        "id_backbone.f1.norm.bias",
        "id_backbone.f2.norm.weight",
        "id_backbone.f2.norm.bias",
        "id_backbone.f3.norm.weight",
        "id_backbone.f3.norm.bias",
        "id_backbone.f_proj.weight",
        "id_backbone.f_proj.bias",
        "id_backbone.freq_gate.conv.weight",
        "id_backbone.freq_gate.conv.bias",
        "id_backbone.pa_gate.net.weight",
        "id_backbone.pa_gate.net.bias",
        "id_backbone.pa_b1.norm.weight",
        "id_backbone.pa_b1.norm.bias",
        "id_backbone.pa_b2.norm.weight",
        "id_backbone.pa_b2.norm.bias",
        "id_backbone.pa_b3.norm.weight",
        "id_backbone.pa_b3.norm.bias",
        "id_backbone.pa_proj.0.weight",
        "id_backbone.pa_proj.0.bias",
        "id_backbone.fuse.0.weight",
        "id_backbone.fuse.0.bias",
        "id_backbone.con_proj.0.weight",
        "id_backbone.con_proj.0.bias",
        "id_backbone.cls_head.id_proj.0.weight",
        "id_backbone.cls_head.id_proj.0.bias",
        "id_backbone.cls_head.pa_proj.0.weight",
        "id_backbone.cls_head.pa_proj.0.bias",
        "id_backbone.cls_head.id_gate.0.weight",
        "id_backbone.cls_head.id_gate.0.bias",
        "id_backbone.cls_head.joint_proj.0.weight",
        "id_backbone.cls_head.joint_proj.0.bias",
        "id_backbone.cls_head.imp_merge.0.weight",
        "id_backbone.cls_head.imp_merge.0.bias"
      ]
    },
    "proxy_unknown_train": {
      "days": null,
      "pkl": "/home/szu2070436088/2510044040/CV-SincNet/Dataset_WigSig/ManyTx.pkl",
      "role": "proxy_unknown_train",
      "rxs": "1-1,1-19,14-7,18-2,19-2,2-1",
      "size": 62500,
      "tx_idx": [
        0,
        1,
        2,
        3,
        4,
        5,
        6,
        7,
        8,
        9,
        10,
        13,
        14,
        15,
        16,
        17,
        19,
        20,
        21,
        22,
        23,
        25,
        26,
        27,
        28,
        30,
        31,
        32,
        33,
        35,
        36,
        37,
        38,
        39,
        41,
        42,
        43,
        44,
        45,
        46,
        47,
        48,
        49,
        50,
        51,
        52,
        53,
        54,
        55,
        56,
        57,
        58,
        59,
        60,
        61,
        62,
        63,
        64,
        66,
        67,
        68,
        69,
        70,
        71,
        72,
        73,
        74,
        75,
        76,
        77,
        79,
        80,
        81,
        82,
        83,
        85,
        87,
        88,
        89,
        90,
        91,
        92,
        93,
        94,
        96,
        97,
        98,
        99,
        100,
        101,
        103,
        104,
        106,
        107,
        108,
        109,
        110,
        111,
        112,
        113,
        114,
        115,
        116,
        117,
        119,
        121,
        122,
        123,
        124,
        125,
        126,
        128,
        129,
        130,
        134,
        135,
        136,
        137,
        138,
        139,
        144,
        145,
        146,
        148,
        149
      ],
      "tx_labels": [
        "1-1",
        "1-10",
        "1-11",
        "1-12",
        "1-14",
        "1-15",
        "1-16",
        "1-18",
        "1-19",
        "1-2",
        "1-8",
        "10-11",
        "10-17",
        "10-4",
        "10-7",
        "11-1",
        "11-17",
        "11-19",
        "11-20",
        "11-4",
        "11-7",
        "12-19",
        "12-20",
        "12-7",
        "13-14",
        "13-19",
        "13-20",
        "13-3",
        "13-7",
        "14-11",
        "14-12",
        "14-13",
        "14-14",
        "14-20",
        "14-8",
        "14-9",
        "15-1",
        "15-19",
        "15-6",
        "16-1",
        "16-16",
        "16-19",
        "16-20",
        "16-5",
        "17-10",
        "17-11",
        "18-1",
        "18-10",
        "18-11",
        "18-12",
        "18-13",
        "18-14",
        "18-15",
        "18-16",
        "18-17",
        "18-2",
        "18-20",
        "18-4",
        "18-7",
        "18-8",
        "18-9",
        "19-1",
        "19-10",
        "19-11",
        "19-12",
        "19-13",
        "19-14",
        "19-19",
        "19-2",
        "19-20",
        "19-4",
        "19-6",
        "19-7",
        "19-8",
        "19-9",
        "2-12",
        "2-14",
        "2-15",
        "2-16",
        "2-17",
        "2-19",
        "2-20",
        "2-3",
        "2-4",
        "2-6",
        "2-7",
        "2-8",
        "20-1",
        "20-12",
        "20-14",
        "20-16",
        "20-18",
        "20-20",
        "20-3",
        "20-4",
        "20-5",
        "20-7",
        "20-8",
        "3-1",
        "3-13",
        "3-18",
        "3-19",
        "3-2",
        "3-20",
        "4-1",
        "4-11",
        "5-1",
        "5-16",
        "5-20",
        "5-5",
        "6-1",
        "6-6",
        "7-10",
        "7-11",
        "7-20",
        "7-7",
        "7-8",
        "7-9",
        "8-1",
        "8-13",
        "8-7",
        "8-8",
        "9-1",
        "9-20",
        "9-7"
      ]
    },
    "scenario_configs": {
      "leo_clear_weak": {
        "K_db_range": [
          16.0,
          24.0
        ],
        "agc_resid_db": [
          -0.2,
          0.2
        ],
        "apply_path_loss_to_iq": false,
        "cfo_std_hz": 50.0,
        "channel_model": "leo_residual",
        "enable_atmospheric_fading": false,
        "enable_iq_imbalance": false,
        "enable_multipath": true,
        "fading_mode": "rician",
        "loo_level": "light",
        "max_delay_samp": 2,
        "multipath_profile": "weak",
        "num_taps": [
          2,
          2
        ],
        "orbit_probs": {
          "GEO": 0.0,
          "LEO": 1.0,
          "MEO": 0.0
        },
        "phase_noise_inc_std": [
          0.0,
          0.0005
        ],
        "pwr_decay": 0.08,
        "scenario": "leo_residual",
        "snr_db": [
          22.0,
          32.0
        ],
        "theta_deg": [
          35.0,
          90.0
        ],
        "use_residual_doppler": true,
        "weather": "clear"
      },
      "leo_low_elev_weak": {
        "K_db_range": [
          8.0,
          18.0
        ],
        "agc_resid_db": [
          -0.3,
          0.3
        ],
        "apply_path_loss_to_iq": false,
        "cfo_std_hz": 90.0,
        "channel_model": "leo_residual",
        "enable_atmospheric_fading": false,
        "enable_iq_imbalance": false,
        "enable_multipath": true,
        "fading_mode": "shadowed_rician",
        "loo_level": "light",
        "max_delay_samp": 3,
        "multipath_profile": "weak",
        "num_taps": [
          2,
          2
        ],
        "orbit_probs": {
          "GEO": 0.0,
          "LEO": 1.0,
          "MEO": 0.0
        },
        "phase_noise_inc_std": [
          0.0001,
          0.0008
        ],
        "pwr_decay": 0.12,
        "scenario": "leo_residual",
        "snr_db": [
          16.0,
          28.0
        ],
        "theta_deg": [
          10.0,
          35.0
        ],
        "use_residual_doppler": true,
        "weather": "clear"
      },
      "leo_rain_weak": {
        "K_db_range": [
          10.0,
          20.0
        ],
        "agc_resid_db": [
          -0.3,
          0.3
        ],
        "apply_path_loss_to_iq": false,
        "cfo_std_hz": 70.0,
        "channel_model": "leo_residual",
        "enable_atmospheric_fading": false,
        "enable_iq_imbalance": false,
        "enable_multipath": true,
        "fading_mode": "rician",
        "loo_level": "light",
        "max_delay_samp": 3,
        "multipath_profile": "weak",
        "num_taps": [
          2,
          2
        ],
        "orbit_probs": {
          "GEO": 0.0,
          "LEO": 1.0,
          "MEO": 0.0
        },
        "phase_noise_inc_std": [
          0.0001,
          0.0007
        ],
        "pwr_decay": 0.1,
        "scenario": "leo_residual",
        "snr_db": [
          14.0,
          26.0
        ],
        "theta_deg": [
          20.0,
          80.0
        ],
        "use_residual_doppler": true,
        "weather": "rain"
      }
    },
    "scenarios": [
      "leo_clear_weak",
      "leo_low_elev_weak",
      "leo_rain_weak"
    ]
  },
  "uses_target_clean": false,
  "uses_target_labels_for_training": false,
  "uses_unknown_query_for_threshold": false
}
{
  "best": [
    {
      "transform_mode": "diag_fisher",
      "transform_strength": 0.5,
      "topm": 4,
      "proto_mix": 0.25,
      "aux_score_weight": 0.0,
      "radius_norm": 0.0,
      "old_bias": 0.001,
      "neg_lambda": 0.7,
      "neg_threshold": 0.75,
      "neg_margin": 0.01,
      "mutual_only": true,
      "scenario_aware": true,
      "balanced_assignment": true,
      "scenario_balanced_assignment": false,
      "proto_repel_lambda": 0.0,
      "proto_repel_margin": 0.85,
      "proto_repel_steps": 0,
      "proto_repel_anchor": 0.5,
      "pair_refine_similarity": 1.1,
      "pair_refine_changed_predictions": 0,
      "pair_axis_similarity": 1.1,
      "pair_axis_weight": 0.0,
      "pair_axis_clip": 1.0,
      "pair_axis_count": 0,
      "pair_gaussian_similarity": 0.95,
      "pair_gaussian_weight": 0.005,
      "pair_gaussian_clip": 2.0,
      "pair_gaussian_count": 0,
      "pair_fisher_similarity": 0.9,
      "pair_fisher_weight": 0.01,
      "pair_fisher_alpha": 1.0,
      "pair_fisher_clip": 2.0,
      "pair_fisher_count": 5,
      "support_guided_proxy_weight": 0.0,
      "support_guided_proxy_top_pairs": 0,
      "support_guided_proxy_clip": 2.0,
      "support_guided_proxy_count": 0,
      "stored_support_guided_proxy_scalars": 0,
      "pair_logreg_similarity": 1.1,
      "pair_logreg_weight": 0.0,
      "pair_logreg_alpha": 1.0,
      "pair_logreg_clip": 2.0,
      "pair_logreg_scope": "all",
      "pair_logreg_count": 0,
      "stored_pair_logreg_scalars": 0,
      "new_old_conflict_bias_threshold": 1.1,
      "new_old_conflict_bias_weight": 0.0,
      "new_old_conflict_bias": {},
      "old_new_runnerup_rescue_similarity": 1.1,
      "old_new_runnerup_rescue_margin": 0.0,
      "old_new_runnerup_rescue_weight": 0.0,
      "old_new_runnerup_rescue_pairs": 0,
      "old_new_runnerup_rescue_count": 0,
      "bootstrap_proto_mix": 0.0,
      "bootstrap_proto_drop": 1,
      "bootstrap_proto_topm": 1,
      "stored_bootstrap_prototype_count": 0,
      "core_proto_weight": 0.1,
      "core_proto_count": 2,
      "core_proto_topm": 2,
      "core_proto_mode": "axis",
      "stored_core_prototype_count": 32,
      "ridge_head_weight": 0.015,
      "ridge_head_alpha": 0.01,
      "ridge_head_clip": 2.0,
      "stored_ridge_head_scalars": 2576,
      "subspace_proto_weight": 0.0,
      "subspace_proto_rank": 8,
      "subspace_proto_rank_used": 0,
      "subspace_proto_power": 0.0,
      "subspace_proto_clip": 3.0,
      "stored_subspace_proto_scalars": 0,
      "class_diag_metric_weight": 0.0,
      "class_diag_metric_similarity": 0.9,
      "class_diag_metric_alpha": 0.01,
      "class_diag_metric_power": 0.5,
      "class_diag_metric_clip": 2.0,
      "class_diag_metric_count": 0,
      "stored_class_diag_metric_scalars": 0,
      "support_bias_weight": 0.0,
      "support_bias_step": 0.01,
      "support_bias_rounds": 4,
      "support_bias_loo_min_acc": 0.0,
      "support_bias_loo_mean_acc": 0.0,
      "stored_support_bias_scalars": 0,
      "mahal_proto_weight": 0.0,
      "mahal_proto_alpha": 1.0,
      "mahal_proto_diag_mix": 0.5,
      "mahal_proto_clip": 3.0,
      "score_calibration": "none",
      "assignment_margin_weight": 0.0,
      "assignment_margin_clip": 1.0,
      "labelprop_weight": 0.0,
      "labelprop_k": 8,
      "labelprop_alpha": 0.8,
      "labelprop_temperature": 0.05,
      "labelprop_rounds": 10,
      "labelprop_clip": 2.0,
      "labelprop_scope": "all",
      "labelprop_edges": 0,
      "query_graph_weight": 0.0,
      "query_graph_k": 8,
      "query_graph_temperature": 0.05,
      "query_graph_rounds": 1,
      "query_graph_scope": "all",
      "query_graph_edges": 0,
      "source_guard_mode": "none",
      "source_guard_weight": 0.0,
      "source_guard_conf_min": 0.0,
      "source_guard_margin_min": 0.0,
      "source_guard_count": 0,
      "source_proto_anchor_mode": "none",
      "source_proto_anchor_weight": 0.0,
      "source_proto_anchor_center": 0.0,
      "source_proto_anchor_count": 0,
      "stored_source_proto_anchor_scalars": 0,
      "stored_mahal_proto_scalars": 0,
      "stored_quantized_support_code_count": 160,
      "stored_raw_support_count": 0,
      "stored_class_prototype_count": 16,
      "stored_transform_scalars": 320,
      "stored_aux_transform_scalars": 0,
      "transform_scale_min": 0.22360679774997896,
      "transform_scale_max": 2.7760751936610086,
      "transform_scale_mean": 1.0421928258594964,
      "class_radii": {
        "14-10": 0.00868160909748269,
        "14-7": 0.1968247012490853,
        "20-15": 0.3810257865432898,
        "20-19": 0.058735389452039155,
        "6-15": 0.004850343404867718,
        "8-20": 0.026901753668369343,
        "10-10": 0.22368730355434976,
        "11-10": 0.053894129781558976,
        "18-5": 0.19814633370548723,
        "19-3": 0.1084525529397982,
        "2-13": 0.2523398931118227,
        "2-5": 0.4658913405281104,
        "3-8": 0.13122819491417576,
        "4-10": 0.1009872238448214,
        "8-18": 0.3075800342726541,
        "8-3": 0.07764049185825975
      },
      "max_offdiag_proto_sim": 0.9489102787044713,
      "query_old_acc": 0.8666666666666667,
      "query_min_old_class_acc": 0.7714285714285715,
      "query_seen_new_acc": 0.8514285714285714,
      "query_min_seen_new_class_acc": 0.7285714285714285,
      "query_per_old_acc": {
        "14-10": 0.8428571428571429,
        "14-7": 0.8285714285714286,
        "20-15": 0.9,
        "20-19": 0.7714285714285715,
        "6-15": 0.8857142857142857,
        "8-20": 0.9714285714285714
      },
      "query_per_new_acc": {
        "10-10": 0.7428571428571429,
        "11-10": 0.7857142857142857,
        "18-5": 0.9428571428571428,
        "19-3": 0.9,
        "2-13": 0.7285714285714285,
        "2-5": 0.8428571428571429,
        "3-8": 0.9142857142857143,
        "4-10": 0.9,
        "8-18": 0.8714285714285714,
        "8-3": 0.8857142857142857
      },
      "query_passes_new_floor75": false,
      "query_passes_joint_target": false,
      "query_rank_score": [
        0.0,
        0.9714285714285714,
        0.7285714285714285,
        0.8514285714285714,
        0.8666666666666667,
        0.7714285714285715
      ],
      "seed": 421029,
      "support_selection_policy": "stable_first",
      "k_old": 10,
      "k_new": 10,
      "pool_per_old": 10,
      "pool_per_new": 10
    },
    {
      "transform_mode": "diag_fisher",
      "transform_strength": 0.5,
      "topm": 4,
      "proto_mix": 0.25,
      "aux_score_weight": 0.0,
      "radius_norm": 0.0,
      "old_bias": 0.001,
      "neg_lambda": 0.7,
      "neg_threshold": 0.75,
      "neg_margin": 0.01,
      "mutual_only": true,
      "scenario_aware": true,
      "balanced_assignment": true,
      "scenario_balanced_assignment": false,
      "proto_repel_lambda": 0.0,
      "proto_repel_margin": 0.85,
      "proto_repel_steps": 0,
      "proto_repel_anchor": 0.5,
      "pair_refine_similarity": 1.1,
      "pair_refine_changed_predictions": 0,
      "pair_axis_similarity": 1.1,
      "pair_axis_weight": 0.0,
      "pair_axis_clip": 1.0,
      "pair_axis_count": 0,
      "pair_gaussian_similarity": 0.95,
      "pair_gaussian_weight": 0.005,
      "pair_gaussian_clip": 2.0,
      "pair_gaussian_count": 0,
      "pair_fisher_similarity": 0.9,
      "pair_fisher_weight": 0.01,
      "pair_fisher_alpha": 1.0,
      "pair_fisher_clip": 2.0,
      "pair_fisher_count": 5,
      "support_guided_proxy_weight": 0.0,
      "support_guided_proxy_top_pairs": 0,
      "support_guided_proxy_clip": 2.0,
      "support_guided_proxy_count": 0,
      "stored_support_guided_proxy_scalars": 0,
      "pair_logreg_similarity": 1.1,
      "pair_logreg_weight": 0.0,
      "pair_logreg_alpha": 1.0,
      "pair_logreg_clip": 2.0,
      "pair_logreg_scope": "all",
      "pair_logreg_count": 0,
      "stored_pair_logreg_scalars": 0,
      "new_old_conflict_bias_threshold": 1.1,
      "new_old_conflict_bias_weight": 0.0,
      "new_old_conflict_bias": {},
      "old_new_runnerup_rescue_similarity": 1.1,
      "old_new_runnerup_rescue_margin": 0.0,
      "old_new_runnerup_rescue_weight": 0.0,
      "old_new_runnerup_rescue_pairs": 0,
      "old_new_runnerup_rescue_count": 0,
      "bootstrap_proto_mix": 0.0,
      "bootstrap_proto_drop": 1,
      "bootstrap_proto_topm": 1,
      "stored_bootstrap_prototype_count": 0,
      "core_proto_weight": 0.0,
      "core_proto_count": 2,
      "core_proto_topm": 2,
      "core_proto_mode": "axis",
      "stored_core_prototype_count": 0,
      "ridge_head_weight": 0.015,
      "ridge_head_alpha": 0.01,
      "ridge_head_clip": 2.0,
      "stored_ridge_head_scalars": 2576,
      "subspace_proto_weight": 0.0,
      "subspace_proto_rank": 8,
      "subspace_proto_rank_used": 0,
      "subspace_proto_power": 0.0,
      "subspace_proto_clip": 3.0,
      "stored_subspace_proto_scalars": 0,
      "class_diag_metric_weight": 0.0,
      "class_diag_metric_similarity": 0.9,
      "class_diag_metric_alpha": 0.01,
      "class_diag_metric_power": 0.5,
      "class_diag_metric_clip": 2.0,
      "class_diag_metric_count": 0,
      "stored_class_diag_metric_scalars": 0,
      "support_bias_weight": 0.0,
      "support_bias_step": 0.01,
      "support_bias_rounds": 4,
      "support_bias_loo_min_acc": 0.0,
      "support_bias_loo_mean_acc": 0.0,
      "stored_support_bias_scalars": 0,
      "mahal_proto_weight": 0.0,
      "mahal_proto_alpha": 1.0,
      "mahal_proto_diag_mix": 0.5,
      "mahal_proto_clip": 3.0,
      "score_calibration": "none",
      "assignment_margin_weight": 0.0,
      "assignment_margin_clip": 1.0,
      "labelprop_weight": 0.0,
      "labelprop_k": 8,
      "labelprop_alpha": 0.8,
      "labelprop_temperature": 0.05,
      "labelprop_rounds": 10,
      "labelprop_clip": 2.0,
      "labelprop_scope": "all",
      "labelprop_edges": 0,
      "query_graph_weight": 0.0,
      "query_graph_k": 8,
      "query_graph_temperature": 0.05,
      "query_graph_rounds": 1,
      "query_graph_scope": "all",
      "query_graph_edges": 0,
      "source_guard_mode": "none",
      "source_guard_weight": 0.0,
      "source_guard_conf_min": 0.0,
      "source_guard_margin_min": 0.0,
      "source_guard_count": 0,
      "source_proto_anchor_mode": "none",
      "source_proto_anchor_weight": 0.0,
      "source_proto_anchor_center": 0.0,
      "source_proto_anchor_count": 0,
      "stored_source_proto_anchor_scalars": 0,
      "stored_mahal_proto_scalars": 0,
      "stored_quantized_support_code_count": 160,
      "stored_raw_support_count": 0,
      "stored_class_prototype_count": 16,
      "stored_transform_scalars": 320,
      "stored_aux_transform_scalars": 0,
      "transform_scale_min": 0.22360679774997896,
      "transform_scale_max": 2.7760751936610086,
      "transform_scale_mean": 1.0421928258594964,
      "class_radii": {
        "14-10": 0.00868160909748269,
        "14-7": 0.1968247012490853,
        "20-15": 0.3810257865432898,
        "20-19": 0.058735389452039155,
        "6-15": 0.004850343404867718,
        "8-20": 0.026901753668369343,
        "10-10": 0.22368730355434976,
        "11-10": 0.053894129781558976,
        "18-5": 0.19814633370548723,
        "19-3": 0.1084525529397982,
        "2-13": 0.2523398931118227,
        "2-5": 0.4658913405281104,
        "3-8": 0.13122819491417576,
        "4-10": 0.1009872238448214,
        "8-18": 0.3075800342726541,
        "8-3": 0.07764049185825975
      },
      "max_offdiag_proto_sim": 0.9489102787044713,
      "query_old_acc": 0.8666666666666667,
      "query_min_old_class_acc": 0.7714285714285715,
      "query_seen_new_acc": 0.8485714285714285,
      "query_min_seen_new_class_acc": 0.7142857142857143,
      "query_per_old_acc": {
        "14-10": 0.8428571428571429,
        "14-7": 0.8285714285714286,
        "20-15": 0.9142857142857143,
        "20-19": 0.7714285714285715,
        "6-15": 0.8714285714285714,
        "8-20": 0.9714285714285714
      },
      "query_per_new_acc": {
        "10-10": 0.7142857142857143,
        "11-10": 0.7857142857142857,
        "18-5": 0.9428571428571428,
        "19-3": 0.9,
        "2-13": 0.7428571428571429,
        "2-5": 0.8428571428571429,
        "3-8": 0.9,
        "4-10": 0.9,
        "8-18": 0.8714285714285714,
        "8-3": 0.8857142857142857
      },
      "query_passes_new_floor75": false,
      "query_passes_joint_target": false,
      "query_rank_score": [
        0.0,
        0.9523809523809524,
        0.7142857142857143,
        0.8485714285714285,
        0.8666666666666667,
        0.7714285714285715
      ],
      "seed": 421029,
      "support_selection_policy": "stable_first",
      "k_old": 10,
      "k_new": 10,
      "pool_per_old": 10,
      "pool_per_new": 10
    }
  ],
  "output_json": "/home/szu2070436088/2510044040/CV-SincNet/runs/phase2_qknn_hardpair_20260705/HP16/qknn_eval/k10_coreproto_hardpair_HP16.json"
}
{
  "best": [
    {
      "transform_mode": "diag_fisher",
      "transform_strength": 0.5,
      "topm": 4,
      "proto_mix": 0.25,
      "aux_score_weight": 0.0,
      "radius_norm": 0.0,
      "old_bias": 0.001,
      "neg_lambda": 0.7,
      "neg_threshold": 0.75,
      "neg_margin": 0.01,
      "mutual_only": true,
      "scenario_aware": true,
      "balanced_assignment": true,
      "scenario_balanced_assignment": false,
      "proto_repel_lambda": 0.0,
      "proto_repel_margin": 0.85,
      "proto_repel_steps": 0,
      "proto_repel_anchor": 0.5,
      "pair_refine_similarity": 1.1,
      "pair_refine_changed_predictions": 0,
      "pair_axis_similarity": 1.1,
      "pair_axis_weight": 0.0,
      "pair_axis_clip": 1.0,
      "pair_axis_count": 0,
      "pair_gaussian_similarity": 1.1,
      "pair_gaussian_weight": 0.0,
      "pair_gaussian_clip": 5.0,
      "pair_gaussian_count": 0,
      "pair_fisher_similarity": 1.1,
      "pair_fisher_weight": 0.0,
      "pair_fisher_alpha": 1.0,
      "pair_fisher_clip": 5.0,
      "pair_fisher_count": 0,
      "support_guided_proxy_weight": 0.0,
      "support_guided_proxy_top_pairs": 0,
      "support_guided_proxy_clip": 2.0,
      "support_guided_proxy_count": 0,
      "stored_support_guided_proxy_scalars": 0,
      "pair_logreg_similarity": 1.1,
      "pair_logreg_weight": 0.0,
      "pair_logreg_alpha": 1.0,
      "pair_logreg_clip": 2.0,
      "pair_logreg_scope": "all",
      "pair_logreg_count": 0,
      "stored_pair_logreg_scalars": 0,
      "new_old_conflict_bias_threshold": 1.1,
      "new_old_conflict_bias_weight": 0.0,
      "new_old_conflict_bias": {},
      "old_new_runnerup_rescue_similarity": 1.1,
      "old_new_runnerup_rescue_margin": 0.0,
      "old_new_runnerup_rescue_weight": 0.0,
      "old_new_runnerup_rescue_pairs": 0,
      "old_new_runnerup_rescue_count": 0,
      "bootstrap_proto_mix": 0.0,
      "bootstrap_proto_drop": 1,
      "bootstrap_proto_topm": 1,
      "stored_bootstrap_prototype_count": 0,
      "core_proto_weight": 0.0,
      "core_proto_count": 3,
      "core_proto_topm": 1,
      "core_proto_mode": "centroid",
      "stored_core_prototype_count": 0,
      "ridge_head_weight": 0.0,
      "ridge_head_alpha": 1.0,
      "ridge_head_clip": 3.0,
      "stored_ridge_head_scalars": 0,
      "subspace_proto_weight": 0.0,
      "subspace_proto_rank": 8,
      "subspace_proto_rank_used": 0,
      "subspace_proto_power": 0.0,
      "subspace_proto_clip": 3.0,
      "stored_subspace_proto_scalars": 0,
      "class_diag_metric_weight": 0.0,
      "class_diag_metric_similarity": 0.9,
      "class_diag_metric_alpha": 0.01,
      "class_diag_metric_power": 0.5,
      "class_diag_metric_clip": 2.0,
      "class_diag_metric_count": 0,
      "stored_class_diag_metric_scalars": 0,
      "support_bias_weight": 0.0,
      "support_bias_step": 0.01,
      "support_bias_rounds": 4,
      "support_bias_loo_min_acc": 0.0,
      "support_bias_loo_mean_acc": 0.0,
      "stored_support_bias_scalars": 0,
      "mahal_proto_weight": 0.0,
      "mahal_proto_alpha": 1.0,
      "mahal_proto_diag_mix": 0.5,
      "mahal_proto_clip": 3.0,
      "score_calibration": "none",
      "assignment_margin_weight": 0.0,
      "assignment_margin_clip": 1.0,
      "labelprop_weight": 0.0,
      "labelprop_k": 8,
      "labelprop_alpha": 0.8,
      "labelprop_temperature": 0.05,
      "labelprop_rounds": 10,
      "labelprop_clip": 2.0,
      "labelprop_scope": "all",
      "labelprop_edges": 0,
      "query_graph_weight": 0.0,
      "query_graph_k": 8,
      "query_graph_temperature": 0.05,
      "query_graph_rounds": 1,
      "query_graph_scope": "all",
      "query_graph_edges": 0,
      "source_guard_mode": "add_old",
      "source_guard_weight": 0.05,
      "source_guard_conf_min": 0.0,
      "source_guard_margin_min": 0.0,
      "source_guard_count": 1200,
      "source_proto_anchor_mode": "none",
      "source_proto_anchor_weight": 0.0,
      "source_proto_anchor_center": 0.0,
      "source_proto_anchor_count": 0,
      "stored_source_proto_anchor_scalars": 0,
      "stored_mahal_proto_scalars": 0,
      "stored_quantized_support_code_count": 80,
      "stored_raw_support_count": 0,
      "stored_class_prototype_count": 16,
      "stored_transform_scalars": 320,
      "stored_aux_transform_scalars": 0,
      "transform_scale_min": 0.22360679774997896,
      "transform_scale_max": 4.310202290764456,
      "transform_scale_mean": 0.9944780693021384,
      "class_radii": {
        "14-10": 0.008748708098835701,
        "14-7": 0.024386570387455887,
        "20-15": 0.3417776073332238,
        "20-19": 0.061575470484225917,
        "6-15": 0.010264846913633652,
        "8-20": 0.02194271621893882,
        "10-10": 0.20035912852561516,
        "11-10": 0.09950360388472379,
        "18-5": 0.19297892063035524,
        "19-3": 0.12068357938682302,
        "2-13": 0.1671354151340074,
        "2-5": 0.2619845610388546,
        "3-8": 0.06302059427365218,
        "4-10": 0.14776220271965732,
        "8-18": 0.2203703499214195,
        "8-3": 0.09235082381074493
      },
      "max_offdiag_proto_sim": 0.9470465436153145,
      "query_old_acc": 0.8688888888888889,
      "query_min_old_class_acc": 0.7733333333333333,
      "query_seen_new_acc": 0.8013333333333333,
      "query_min_seen_new_class_acc": 0.6666666666666666,
      "query_per_old_acc": {
        "14-10": 0.8533333333333334,
        "14-7": 0.8,
        "20-15": 0.92,
        "20-19": 0.7733333333333333,
        "6-15": 0.8933333333333333,
        "8-20": 0.9733333333333334
      },
      "query_per_new_acc": {
        "10-10": 0.6666666666666666,
        "11-10": 0.8,
        "18-5": 0.9066666666666666,
        "19-3": 0.8666666666666667,
        "2-13": 0.6666666666666666,
        "2-5": 0.7866666666666666,
        "3-8": 0.84,
        "4-10": 0.8666666666666667,
        "8-18": 0.8133333333333334,
        "8-3": 0.8
      },
      "query_passes_new_floor75": false,
      "query_passes_joint_target": false,
      "query_rank_score": [
        0.0,
        0.8888888888888888,
        0.6666666666666666,
        0.8013333333333333,
        0.8688888888888889,
        0.7733333333333333
      ],
      "seed": 421037,
      "support_selection_policy": "stable_first",
      "k_old": 5,
      "k_new": 5,
      "pool_per_old": 5,
      "pool_per_new": 5
    }
  ],
  "output_json": "/home/szu2070436088/2510044040/CV-SincNet/runs/phase2_qknn_hardpair_20260705/HP16/qknn_eval/k5_sourceguard_hardpair_HP16.json"
}
