{"case": 1, "route": "full", "scene": "practical_high", "new_incremental_speedup": 1.0021721247341817}
{"case": 2, "route": "full", "scene": "practical_mid", "new_incremental_speedup": 0.9717991535228411}
{"case": 3, "route": "full", "scene": "practical_low_urban", "new_incremental_speedup": 0.9709556795419949}
{"case": 4, "route": "full", "scene": "practical_low_suburban", "new_incremental_speedup": 0.9823719456808452}
{"case": 5, "route": "full", "scene": "practical_mid_urban", "new_incremental_speedup": 0.977493166127385}
{"case": 6, "route": "full", "scene": "practical_high_urban", "new_incremental_speedup": 0.9818244635955093}
{"case": 7, "route": "full", "scene": "practical_high", "new_incremental_speedup": 0.9560351589084014}
{"case": 8, "route": "full", "scene": "practical_mid", "new_incremental_speedup": 0.9638808590113893}
{"case": 9, "route": "full", "scene": "practical_low_urban", "new_incremental_speedup": 0.9720856277610779}
{"case": 10, "route": "full", "scene": "practical_low_suburban", "new_incremental_speedup": 0.9526372993243831}
{"case": 11, "route": "full", "scene": "practical_mid_urban", "new_incremental_speedup": 0.9627608351720458}
{"case": 12, "route": "full", "scene": "practical_high_urban", "new_incremental_speedup": 0.9601617649695636}
{"case": 13, "route": "full", "scene": "practical_high", "new_incremental_speedup": 0.9624200346476712}
{"case": 14, "route": "full", "scene": "practical_mid", "new_incremental_speedup": 0.9559548660923214}
{"case": 15, "route": "full", "scene": "practical_low_urban", "new_incremental_speedup": 0.9671517309170362}
{"case": 16, "route": "full", "scene": "practical_low_suburban", "new_incremental_speedup": 0.9744041370862082}
{"case": 17, "route": "full", "scene": "practical_mid_urban", "new_incremental_speedup": 0.970207563460225}
{"case": 18, "route": "full", "scene": "practical_high_urban", "new_incremental_speedup": 0.9607200131336131}
{"case": 19, "route": "residual", "scene": "practical_high", "new_incremental_speedup": 0.9641519759025031}
{"case": 20, "route": "residual", "scene": "practical_mid", "new_incremental_speedup": 0.9347762395649024}
{"case": 21, "route": "residual", "scene": "practical_low_urban", "new_incremental_speedup": 0.9317508530737199}
{"case": 22, "route": "residual", "scene": "practical_low_suburban", "new_incremental_speedup": 0.9354700698428524}
{"case": 23, "route": "residual", "scene": "practical_mid_urban", "new_incremental_speedup": 0.9253525041720231}
{"case": 24, "route": "residual", "scene": "practical_high_urban", "new_incremental_speedup": 0.94844425902298}
physics practical_high 29.876586872636764
physics practical_mid 25.93043208424119
physics practical_low_urban 6.971327264226035
physics practical_low_suburban 22.386883386229847
physics practical_mid_urban 23.17381440891414
physics practical_high_urban 29.813859980952806
