{"method": "lora", "data": "E:\\type10-7\\local_artifacts\\newclass_registration_20260930\\wisig_diagnostic.npz", "output": "E:\\type10-7\\local_artifacts\\newclass_registration_20260930\\lora_r02", "issl_source": "local_artifacts/external_refs/ISSL_20260930", "lora_source": "local_artifacts/external_refs/LoRa_RFFI_20260930", "lora_torch_source": "local_artifacts/external_refs/LoRa_RFFI_Torch_20260930", "base_epochs": 2, "ssl_epochs": 2, "downstream_epochs": 2, "lora_epochs": 2, "seed": 392005, "device": "cuda:0", "torch": "2.10.0+cu128", "pid": 34012, "cwd": "E:\\type10-7", "claim_scope": "real WiSig execution acceptance only", "checkpoint": "scratch", "gpu_name": "NVIDIA GeForce RTX 5070 Ti", "data_contract_ref": "E:\\type10-7\\local_artifacts\\newclass_registration_20260930\\wisig_diagnostic.json", "train_samples": 768, "query_samples": 384, "old_classes": 3, "new_classes": 3, "crop": null, "optimization": {"optimizer": "RMSprop", "lr": 0.001, "alpha": 0.9, "eps": 1e-07, "batch": 32, "margin": 0.1, "neighbors": 15, "stft_window": 64, "stft_overlap": 32}}
{"stage": "lora_triplet", "epoch": 0, "step": 0, "loss": 0.04355248808860779, "triplet_margin": 0.1, "lr": 0.001, "grad_norm": 0.65370774269104, "source_validation": null, "validation_note": "bounded execution diagnostic, fixed epochs; no early-stop model selection"}
{"stage": "lora_triplet", "epoch": 0, "step": 1, "loss": 0.01883493736386299, "triplet_margin": 0.1, "lr": 0.001, "grad_norm": 0.21207982301712036, "source_validation": null, "validation_note": "bounded execution diagnostic, fixed epochs; no early-stop model selection"}
{"stage": "lora_triplet", "epoch": 0, "step": 2, "loss": 0.005744146648794413, "triplet_margin": 0.1, "lr": 0.001, "grad_norm": 0.22075165808200836, "source_validation": null, "validation_note": "bounded execution diagnostic, fixed epochs; no early-stop model selection"}
{"stage": "lora_triplet", "epoch": 0, "step": 3, "loss": 0.0, "triplet_margin": 0.1, "lr": 0.001, "grad_norm": 0.0, "source_validation": null, "validation_note": "bounded execution diagnostic, fixed epochs; no early-stop model selection"}
{"stage": "lora_triplet", "epoch": 0, "step": 4, "loss": 0.0, "triplet_margin": 0.1, "lr": 0.001, "grad_norm": 0.0, "source_validation": null, "validation_note": "bounded execution diagnostic, fixed epochs; no early-stop model selection"}
{"stage": "lora_triplet", "epoch": 0, "step": 5, "loss": 0.0, "triplet_margin": 0.1, "lr": 0.001, "grad_norm": 0.0, "source_validation": null, "validation_note": "bounded execution diagnostic, fixed epochs; no early-stop model selection"}
{"stage": "lora_triplet", "epoch": 0, "step": 6, "loss": 0.006628015078604221, "triplet_margin": 0.1, "lr": 0.001, "grad_norm": 0.20756573975086212, "source_validation": null, "validation_note": "bounded execution diagnostic, fixed epochs; no early-stop model selection"}
{"stage": "lora_triplet", "epoch": 0, "step": 7, "loss": 0.0, "triplet_margin": 0.1, "lr": 0.001, "grad_norm": 0.0, "source_validation": null, "validation_note": "bounded execution diagnostic, fixed epochs; no early-stop model selection"}
{"stage": "lora_triplet", "epoch": 0, "step": 8, "loss": 0.0001379044260829687, "triplet_margin": 0.1, "lr": 0.001, "grad_norm": 0.10969268530607224, "source_validation": null, "validation_note": "bounded execution diagnostic, fixed epochs; no early-stop model selection"}
{"stage": "lora_triplet", "epoch": 0, "step": 9, "loss": 0.0016188931185752153, "triplet_margin": 0.1, "lr": 0.001, "grad_norm": 0.19425423443317413, "source_validation": null, "validation_note": "bounded execution diagnostic, fixed epochs; no early-stop model selection"}
{"stage": "lora_triplet", "epoch": 0, "step": 10, "loss": 0.027516160160303116, "triplet_margin": 0.1, "lr": 0.001, "grad_norm": 0.524800717830658, "source_validation": null, "validation_note": "bounded execution diagnostic, fixed epochs; no early-stop model selection"}
{"stage": "lora_triplet", "epoch": 0, "step": 11, "loss": 0.011600187048316002, "triplet_margin": 0.1, "lr": 0.001, "grad_norm": 0.2573733925819397, "source_validation": null, "validation_note": "bounded execution diagnostic, fixed epochs; no early-stop model selection"}
{"stage": "lora_triplet", "epoch": 0, "summary": true, "loss": 0.009636060994428894, "seconds": 1.0911673999999039}
{"stage": "lora_triplet", "epoch": 1, "step": 0, "loss": 0.0, "triplet_margin": 0.1, "lr": 0.001, "grad_norm": 0.0, "source_validation": null, "validation_note": "bounded execution diagnostic, fixed epochs; no early-stop model selection"}
{"stage": "lora_triplet", "epoch": 1, "step": 1, "loss": 0.004060322418808937, "triplet_margin": 0.1, "lr": 0.001, "grad_norm": 0.23058678209781647, "source_validation": null, "validation_note": "bounded execution diagnostic, fixed epochs; no early-stop model selection"}
{"stage": "lora_triplet", "epoch": 1, "step": 2, "loss": 0.008524265140295029, "triplet_margin": 0.1, "lr": 0.001, "grad_norm": 0.18681611120700836, "source_validation": null, "validation_note": "bounded execution diagnostic, fixed epochs; no early-stop model selection"}
{"stage": "lora_triplet", "epoch": 1, "step": 3, "loss": 7.103243842720985e-05, "triplet_margin": 0.1, "lr": 0.001, "grad_norm": 0.06390073895454407, "source_validation": null, "validation_note": "bounded execution diagnostic, fixed epochs; no early-stop model selection"}
{"stage": "lora_triplet", "epoch": 1, "step": 4, "loss": 0.009197721257805824, "triplet_margin": 0.1, "lr": 0.001, "grad_norm": 0.1882372796535492, "source_validation": null, "validation_note": "bounded execution diagnostic, fixed epochs; no early-stop model selection"}
{"stage": "lora_triplet", "epoch": 1, "step": 5, "loss": 0.008054091595113277, "triplet_margin": 0.1, "lr": 0.001, "grad_norm": 0.1875467449426651, "source_validation": null, "validation_note": "bounded execution diagnostic, fixed epochs; no early-stop model selection"}
{"stage": "lora_triplet", "epoch": 1, "step": 6, "loss": 0.0, "triplet_margin": 0.1, "lr": 0.001, "grad_norm": 0.0, "source_validation": null, "validation_note": "bounded execution diagnostic, fixed epochs; no early-stop model selection"}
{"stage": "lora_triplet", "epoch": 1, "step": 7, "loss": 0.0, "triplet_margin": 0.1, "lr": 0.001, "grad_norm": 0.0, "source_validation": null, "validation_note": "bounded execution diagnostic, fixed epochs; no early-stop model selection"}
{"stage": "lora_triplet", "epoch": 1, "step": 8, "loss": 0.0, "triplet_margin": 0.1, "lr": 0.001, "grad_norm": 0.0, "source_validation": null, "validation_note": "bounded execution diagnostic, fixed epochs; no early-stop model selection"}
{"stage": "lora_triplet", "epoch": 1, "step": 9, "loss": 0.0, "triplet_margin": 0.1, "lr": 0.001, "grad_norm": 0.0, "source_validation": null, "validation_note": "bounded execution diagnostic, fixed epochs; no early-stop model selection"}
{"stage": "lora_triplet", "epoch": 1, "step": 10, "loss": 0.0015905678737908602, "triplet_margin": 0.1, "lr": 0.001, "grad_norm": 0.25452226400375366, "source_validation": null, "validation_note": "bounded execution diagnostic, fixed epochs; no early-stop model selection"}
{"stage": "lora_triplet", "epoch": 1, "step": 11, "loss": 0.0, "triplet_margin": 0.1, "lr": 0.001, "grad_norm": 0.0, "source_validation": null, "validation_note": "bounded execution diagnostic, fixed epochs; no early-stop model selection"}
{"stage": "lora_triplet", "epoch": 1, "summary": true, "loss": 0.0026248333936867616, "seconds": 0.3089227000000392}
{"original_preprocessing_max_error": 1.61654702957037e-07, "preprocessing_original_shape": [2, 102, 62, 1], "wisig_spectrogram_shape": [768, 26, 6, 1], "B_note": "Frozen extractor plus same-domain support: A equals B; no gradient adaptation", "port": "third-party Torch, not author Keras; full numerical training parity unverified", "optimizer_difference": "Torch RMSprop epsilon placement differs from TF2.1; no bitwise parity claim", "parameters": 367104, "phase2_trainable_parameters": 0, "status": "VERIFIED", "method": "lora", "seconds": 6.857458700000279, "peak_cuda_bytes": 43555328, "steps": 24, "query_truth_used_for_training": false}
