{"epoch": 5.0, "loss": 3.669515293121338, "mse": 0.052789846807718276, "cos": 0.13033896541595458, "ce": 0.8537294788360595, "clean": 0.005024757385253906, "feat_margin": 0.203572190284729, "clean_margin": 0.004136041739955545, "proxy_unknown_sep": 0.5862765789031983, "proxy_unknown_supcon": 8.372652885437011, "proxy_unknown_proto_ce": 3.408572364807129, "proxy_unknown_pair_margin": 0.15481429135799407, "proxy_unknown_old_margin": 0.09232347822189331, "proxy_unknown_hard_pair": 0.0003054626936209388, "proxy_unknown_hard_old": 0.0013970512584783137, "resid": 0.0}
{"epoch": 10.0, "loss": 3.3732934074401855, "mse": 0.05537304979562759, "cos": 0.11973989188671112, "ce": 0.732029821395874, "clean": 0.004951592370867729, "feat_margin": 0.18591135096549988, "clean_margin": 0.0030817492604255678, "proxy_unknown_sep": 0.551618001461029, "proxy_unknown_supcon": 7.791304420471191, "proxy_unknown_proto_ce": 3.1597528705596925, "proxy_unknown_pair_margin": 0.13649416625499725, "proxy_unknown_old_margin": 0.07371873271465301, "proxy_unknown_hard_pair": 0.00037771198432892564, "proxy_unknown_hard_old": 0.0014668805999681353, "resid": 0.0}
{"epoch": 15.0, "loss": 3.3731445636749267, "mse": 0.0550837953388691, "cos": 0.12218499153852463, "ce": 0.73558100938797, "clean": 0.004921855071559548, "feat_margin": 0.1918187346458435, "clean_margin": 0.0035346022695302965, "proxy_unknown_sep": 0.5299409799575806, "proxy_unknown_supcon": 7.602662780761719, "proxy_unknown_proto_ce": 3.0678682708740235, "proxy_unknown_pair_margin": 0.1310660790205002, "proxy_unknown_old_margin": 0.06786625528335571, "proxy_unknown_hard_pair": 0.0002561336171347648, "proxy_unknown_hard_old": 0.0012079699109308422, "resid": 0.0}
{"epoch": 20.0, "loss": 3.173750886917114, "mse": 0.054067082673311236, "cos": 0.1132388544678688, "ce": 0.6468951869010925, "clean": 0.004359774984419346, "feat_margin": 0.1808226898908615, "clean_margin": 0.002038292299490422, "proxy_unknown_sep": 0.4946237020492554, "proxy_unknown_supcon": 7.371688255310058, "proxy_unknown_proto_ce": 2.959806480407715, "proxy_unknown_pair_margin": 0.12410212337970733, "proxy_unknown_old_margin": 0.05830887645483017, "proxy_unknown_hard_pair": 0.00010451619513332844, "proxy_unknown_hard_old": 0.00117550994688645, "resid": 0.0}
{"epoch": 25.0, "loss": 3.025319610595703, "mse": 0.055233048677444455, "cos": 0.10412378877401351, "ce": 0.5880017256736756, "clean": 0.004173094488680363, "feat_margin": 0.1687978357076645, "clean_margin": 0.002214011764153838, "proxy_unknown_sep": 0.4761241564750671, "proxy_unknown_supcon": 7.183288284301758, "proxy_unknown_proto_ce": 2.854667547225952, "proxy_unknown_pair_margin": 0.12054439347982407, "proxy_unknown_old_margin": 0.055354532450437546, "proxy_unknown_hard_pair": 0.0003240473144687712, "proxy_unknown_hard_old": 0.0017487647151574492, "resid": 0.0}
{"epoch": 30.0, "loss": 3.118175489425659, "mse": 0.05561677277088165, "cos": 0.11224231284856796, "ce": 0.660093086719513, "clean": 0.005281571205705405, "feat_margin": 0.1749206874370575, "clean_margin": 0.003301391063258052, "proxy_unknown_sep": 0.4605683858394623, "proxy_unknown_supcon": 7.073943832397461, "proxy_unknown_proto_ce": 2.818069902420044, "proxy_unknown_pair_margin": 0.11547463262081147, "proxy_unknown_old_margin": 0.051931648015975954, "proxy_unknown_hard_pair": 0.00023741187527775764, "proxy_unknown_hard_old": 0.0010032768561504782, "resid": 0.0}
{"epoch": 35.0, "loss": 3.0075732250213623, "mse": 0.05447569119930267, "cos": 0.11075009351968765, "ce": 0.6020645260810852, "clean": 0.0037060534246265886, "feat_margin": 0.17502847170829772, "clean_margin": 0.0012475464334711433, "proxy_unknown_sep": 0.44698549079895017, "proxy_unknown_supcon": 6.973243717193603, "proxy_unknown_proto_ce": 2.7545643978118894, "proxy_unknown_pair_margin": 0.11146378862857818, "proxy_unknown_old_margin": 0.050188569515943526, "proxy_unknown_hard_pair": 0.0002026681648567319, "proxy_unknown_hard_old": 0.0016155436604749411, "resid": 0.0}
{"epoch": 40.0, "loss": 2.8605465354919435, "mse": 0.05251612570881844, "cos": 0.1000169038772583, "ce": 0.5604975552558898, "clean": 0.00352076780423522, "feat_margin": 0.15666313111782074, "clean_margin": 0.001866492310538888, "proxy_unknown_sep": 0.4386432476043701, "proxy_unknown_supcon": 6.9001215629577635, "proxy_unknown_proto_ce": 2.6958893413543703, "proxy_unknown_pair_margin": 0.10913579165935516, "proxy_unknown_old_margin": 0.04987114524841309, "proxy_unknown_hard_pair": 0.00019047475978732108, "proxy_unknown_hard_old": 0.0014019420761615037, "resid": 0.0}
{"epoch": 45.0, "loss": 2.799443714141846, "mse": 0.05284714838862419, "cos": 0.09855906546115875, "ce": 0.5158379836082458, "clean": 0.0036260472089052202, "feat_margin": 0.1529457482099533, "clean_margin": 0.0013150799553841353, "proxy_unknown_sep": 0.4347900333404541, "proxy_unknown_supcon": 6.836481761932373, "proxy_unknown_proto_ce": 2.6157566928863525, "proxy_unknown_pair_margin": 0.10507413208484649, "proxy_unknown_old_margin": 0.04900078290700913, "proxy_unknown_hard_pair": 0.000107279643882066, "proxy_unknown_hard_old": 0.0019526469842530787, "resid": 0.0}
{"epoch": 50.0, "loss": 2.8328763790130616, "mse": 0.05274309465289116, "cos": 0.09755531203746795, "ce": 0.5600606722831726, "clean": 0.0036678747236728666, "feat_margin": 0.15366222965717316, "clean_margin": 0.0017689180569723248, "proxy_unknown_sep": 0.42192033433914183, "proxy_unknown_supcon": 6.8643896102905275, "proxy_unknown_proto_ce": 2.6376848068237306, "proxy_unknown_pair_margin": 0.10527454996109009, "proxy_unknown_old_margin": 0.04816691708564758, "proxy_unknown_hard_pair": 1.1480422574095428e-05, "proxy_unknown_hard_old": 0.0014756322503089905, "resid": 0.0}
{"epoch": 55.0, "loss": 2.7556760330200194, "mse": 0.05286878681182861, "cos": 0.09536352455615997, "ce": 0.5528099184036255, "clean": 0.0031415558494627474, "feat_margin": 0.14761564373970032, "clean_margin": 0.0012232052367180586, "proxy_unknown_sep": 0.4285206046104431, "proxy_unknown_supcon": 6.800381958007812, "proxy_unknown_proto_ce": 2.534842454910278, "proxy_unknown_pair_margin": 0.10337668550014496, "proxy_unknown_old_margin": 0.04898972690105438, "proxy_unknown_hard_pair": 0.00030878610513173044, "proxy_unknown_hard_old": 0.002423212507739663, "resid": 0.0}
{"epoch": 60.0, "loss": 2.7794245586395263, "mse": 0.05346504697203636, "cos": 0.09949522829055786, "ce": 0.523425036907196, "clean": 0.00329839688912034, "feat_margin": 0.15194424784183502, "clean_margin": 0.0010502501418814063, "proxy_unknown_sep": 0.4106147201061249, "proxy_unknown_supcon": 6.795050086975098, "proxy_unknown_proto_ce": 2.5494822769165038, "proxy_unknown_pair_margin": 0.10074096882343292, "proxy_unknown_old_margin": 0.04683708739280701, "proxy_unknown_hard_pair": 7.404983683954924e-05, "proxy_unknown_hard_old": 0.0010768189732916654, "resid": 0.0}
{
  "export_tta_policies": [
    "rx_light5"
  ],
  "exported": [
    "/home/szu2070436088/2510044040/CV-SincNet/runs/cvs_qknnv42_full_adapter5_fft96_strict_20260714_183556/FULL_RX_20-1/ADV3B02_FULL_ADAPTER5_FFT96/features_full_adapter5_fft96.npz",
    "/home/szu2070436088/2510044040/CV-SincNet/runs/cvs_qknnv42_full_adapter5_fft96_strict_20260714_183556/FULL_RX_3-19/ADV3B02_FULL_ADAPTER5_FFT96/features_full_adapter5_fft96.npz",
    "/home/szu2070436088/2510044040/CV-SincNet/runs/cvs_qknnv42_full_adapter5_fft96_strict_20260714_183556/FULL_RX_7-14/ADV3B02_FULL_ADAPTER5_FFT96/features_full_adapter5_fft96.npz",
    "/home/szu2070436088/2510044040/CV-SincNet/runs/cvs_qknnv42_full_adapter5_fft96_strict_20260714_183556/FULL_RX_7-7/ADV3B02_FULL_ADAPTER5_FFT96/features_full_adapter5_fft96.npz",
    "/home/szu2070436088/2510044040/CV-SincNet/runs/cvs_qknnv42_full_adapter5_fft96_strict_20260714_183556/FULL_RX_8-8/ADV3B02_FULL_ADAPTER5_FFT96/features_full_adapter5_fft96.npz"
  ],
  "phase": "phase1_iq_preadapter_v11",
  "train_info": {
    "clean_input_repair_mode": "raw",
    "epochs": 60,
    "history_first": {
      "ce": 1.0882433671951295,
      "clean": 0.007239925935864449,
      "clean_margin": 0.006653453037142753,
      "cos": 0.15995527577400206,
      "epoch": 1.0,
      "feat_margin": 0.22119784915447235,
      "loss": 4.27496753692627,
      "mse": 0.056832788527011874,
      "proxy_unknown_hard_old": 0.001019381213671295,
      "proxy_unknown_hard_pair": 0.00029297446832060814,
      "proxy_unknown_old_margin": 0.12738860321044923,
      "proxy_unknown_pair_margin": 0.18681714153289794,
      "proxy_unknown_proto_ce": 3.7652543659210207,
      "proxy_unknown_sep": 0.6176673274040222,
      "proxy_unknown_supcon": 9.585216384887696,
      "resid": 0.0
    },
    "history_last": {
      "ce": 0.523425036907196,
      "clean": 0.00329839688912034,
      "clean_margin": 0.0010502501418814063,
      "cos": 0.09949522829055786,
      "epoch": 60.0,
      "feat_margin": 0.15194424784183502,
      "loss": 2.7794245586395263,
      "mse": 0.05346504697203636,
      "proxy_unknown_hard_old": 0.0010768189732916654,
      "proxy_unknown_hard_pair": 7.404983683954924e-05,
      "proxy_unknown_old_margin": 0.04683708739280701,
      "proxy_unknown_pair_margin": 0.10074096882343292,
      "proxy_unknown_proto_ce": 2.5494822769165038,
      "proxy_unknown_sep": 0.4106147201061249,
      "proxy_unknown_supcon": 6.795050086975098,
      "resid": 0.0
    },
    "input_adapter_enabled": false,
    "input_repair": "raw",
    "loss_weights": {
      "class_loss_weights": "",
      "clean_feature_margin": 7.5,
      "clean_identity": 22.0,
      "cos": 2.0,
      "feature_margin": 4.5,
      "logit_ce": 0.0,
      "mse": 1.0,
      "proto_ce": 0.2,
      "proxy_unknown_hard_old_margin": 0.05,
      "proxy_unknown_hard_old_margin_weight": 0.04,
      "proxy_unknown_hard_pair_ids": "19-19:10-7,19-19:3,17-10:10-7,17-10:3,19-19:17-10,16-5:19-19,16-5:3,10-7:19-19,10-7:3,10-7:17-10,10-7:1,19-19:14-11,19-19:1,19-19:16-16,14-11:16-16,14-11:1,16-5:14-11,16-5:1,5-5:19-19,5-5:3,5-5:16-5,5-5:10-7,5-5:17-10,5-5:14-11,5-1:19-19,5-1:3,5-5:1,5-5:16-16,5-5:3-13,5-5:2-6,5-1:14-11,5-1:1",
      "proxy_unknown_hard_pair_margin": 0.08,
      "proxy_unknown_hard_pair_margin_weight": 0.08,
      "proxy_unknown_max_cos": 0.05,
      "proxy_unknown_old_margin": 0.05,
      "proxy_unknown_old_margin_weight": 0.12,
      "proxy_unknown_pair_margin": 0.07,
      "proxy_unknown_pair_margin_weight": 0.14,
      "proxy_unknown_proto_ce": 0.12,
      "proxy_unknown_proto_temperature": 0.07,
      "proxy_unknown_separation": 0.1,
      "proxy_unknown_supcon": 0.16,
      "proxy_unknown_supcon_temperature": 0.07,
      "residual": 0.0,
      "teacher_logit_distill": 0.16
    },
    "model_adapter": {
      "mode": "id_norm_late_feature",
      "trainable_parameters": 289685,
      "trainable_tensors": [
        "id_backbone.t1.norm.weight",
        "id_backbone.t1.norm.bias",
        "id_backbone.t2.norm.weight",
        "id_backbone.t2.norm.bias",
        "id_backbone.t3.norm.weight",
        "id_backbone.t3.norm.bias",
        "id_backbone.t_proj.weight",
        "id_backbone.t_proj.bias",
        "id_backbone.f1.norm.weight",
        "id_backbone.f1.norm.bias",
        "id_backbone.f2.norm.weight",
        "id_backbone.f2.norm.bias",
        "id_backbone.f3.norm.weight",
        "id_backbone.f3.norm.bias",
        "id_backbone.f_proj.weight",
        "id_backbone.f_proj.bias",
        "id_backbone.freq_gate.conv.weight",
        "id_backbone.freq_gate.conv.bias",
        "id_backbone.pa_gate.net.weight",
        "id_backbone.pa_gate.net.bias",
        "id_backbone.pa_b1.norm.weight",
        "id_backbone.pa_b1.norm.bias",
        "id_backbone.pa_b2.norm.weight",
        "id_backbone.pa_b2.norm.bias",
        "id_backbone.pa_b3.norm.weight",
        "id_backbone.pa_b3.norm.bias",
        "id_backbone.pa_proj.0.weight",
        "id_backbone.pa_proj.0.bias",
        "id_backbone.fuse.0.weight",
        "id_backbone.fuse.0.bias",
        "id_backbone.con_proj.0.weight",
        "id_backbone.con_proj.0.bias",
        "id_backbone.cls_head.id_proj.0.weight",
        "id_backbone.cls_head.id_proj.0.bias",
        "id_backbone.cls_head.pa_proj.0.weight",
        "id_backbone.cls_head.pa_proj.0.bias",
        "id_backbone.cls_head.id_gate.0.weight",
        "id_backbone.cls_head.id_gate.0.bias",
        "id_backbone.cls_head.joint_proj.0.weight",
        "id_backbone.cls_head.joint_proj.0.bias",
        "id_backbone.cls_head.imp_merge.0.weight",
        "id_backbone.cls_head.imp_merge.0.bias"
      ]
    },
    "proxy_unknown_train": {
      "days": null,
      "pkl": "/home/szu2070436088/2510044040/CV-SincNet/Dataset_WigSig/ManyTx.pkl",
      "role": "proxy_unknown_train",
      "rxs": "1-1,1-19,14-7,18-2,19-2,2-1",
      "size": 57500,
      "tx_idx": [
        10,
        13,
        14,
        15,
        16,
        17,
        19,
        20,
        21,
        22,
        23,
        25,
        26,
        27,
        28,
        30,
        31,
        32,
        33,
        35,
        36,
        37,
        38,
        39,
        41,
        42,
        43,
        44,
        45,
        46,
        47,
        48,
        49,
        50,
        51,
        52,
        53,
        54,
        55,
        56,
        57,
        58,
        59,
        60,
        61,
        62,
        63,
        64,
        66,
        67,
        68,
        69,
        70,
        71,
        72,
        73,
        74,
        75,
        76,
        77,
        79,
        80,
        81,
        82,
        83,
        85,
        87,
        88,
        89,
        90,
        91,
        92,
        93,
        94,
        96,
        97,
        98,
        99,
        100,
        101,
        103,
        104,
        106,
        107,
        108,
        109,
        110,
        111,
        112,
        113,
        114,
        115,
        116,
        117,
        119,
        121,
        122,
        123,
        124,
        125,
        126,
        128,
        129,
        130,
        134,
        135,
        136,
        137,
        138,
        139,
        144,
        145,
        146,
        148,
        149
      ],
      "tx_labels": [
        "1-8",
        "10-11",
        "10-17",
        "10-4",
        "10-7",
        "11-1",
        "11-17",
        "11-19",
        "11-20",
        "11-4",
        "11-7",
        "12-19",
        "12-20",
        "12-7",
        "13-14",
        "13-19",
        "13-20",
        "13-3",
        "13-7",
        "14-11",
        "14-12",
        "14-13",
        "14-14",
        "14-20",
        "14-8",
        "14-9",
        "15-1",
        "15-19",
        "15-6",
        "16-1",
        "16-16",
        "16-19",
        "16-20",
        "16-5",
        "17-10",
        "17-11",
        "18-1",
        "18-10",
        "18-11",
        "18-12",
        "18-13",
        "18-14",
        "18-15",
        "18-16",
        "18-17",
        "18-2",
        "18-20",
        "18-4",
        "18-7",
        "18-8",
        "18-9",
        "19-1",
        "19-10",
        "19-11",
        "19-12",
        "19-13",
        "19-14",
        "19-19",
        "19-2",
        "19-20",
        "19-4",
        "19-6",
        "19-7",
        "19-8",
        "19-9",
        "2-12",
        "2-14",
        "2-15",
        "2-16",
        "2-17",
        "2-19",
        "2-20",
        "2-3",
        "2-4",
        "2-6",
        "2-7",
        "2-8",
        "20-1",
        "20-12",
        "20-14",
        "20-16",
        "20-18",
        "20-20",
        "20-3",
        "20-4",
        "20-5",
        "20-7",
        "20-8",
        "3-1",
        "3-13",
        "3-18",
        "3-19",
        "3-2",
        "3-20",
        "4-1",
        "4-11",
        "5-1",
        "5-16",
        "5-20",
        "5-5",
        "6-1",
        "6-6",
        "7-10",
        "7-11",
        "7-20",
        "7-7",
        "7-8",
        "7-9",
        "8-1",
        "8-13",
        "8-7",
        "8-8",
        "9-1",
        "9-20",
        "9-7"
      ]
    },
    "scenario_configs": {
      "leo_clear_weak": {
        "K_db_range": [
          16.0,
          24.0
        ],
        "agc_resid_db": [
          -0.2,
          0.2
        ],
        "apply_path_loss_to_iq": false,
        "cfo_std_hz": 50.0,
        "channel_model": "leo_residual",
        "enable_atmospheric_fading": false,
        "enable_iq_imbalance": false,
        "enable_multipath": true,
        "fading_mode": "rician",
        "loo_level": "light",
        "max_delay_samp": 2,
        "multipath_profile": "weak",
        "num_taps": [
          2,
          2
        ],
        "orbit_probs": {
          "GEO": 0.0,
          "LEO": 1.0,
          "MEO": 0.0
        },
        "phase_noise_inc_std": [
          0.0,
          0.0005
        ],
        "pwr_decay": 0.08,
        "scenario": "leo_residual",
        "snr_db": [
          22.0,
          32.0
        ],
        "theta_deg": [
          35.0,
          90.0
        ],
        "use_residual_doppler": true,
        "weather": "clear"
      },
      "leo_low_elev_weak": {
        "K_db_range": [
          8.0,
          18.0
        ],
        "agc_resid_db": [
          -0.3,
          0.3
        ],
        "apply_path_loss_to_iq": false,
        "cfo_std_hz": 90.0,
        "channel_model": "leo_residual",
        "enable_atmospheric_fading": false,
        "enable_iq_imbalance": false,
        "enable_multipath": true,
        "fading_mode": "shadowed_rician",
        "loo_level": "light",
        "max_delay_samp": 3,
        "multipath_profile": "weak",
        "num_taps": [
          2,
          2
        ],
        "orbit_probs": {
          "GEO": 0.0,
          "LEO": 1.0,
          "MEO": 0.0
        },
        "phase_noise_inc_std": [
          0.0001,
          0.0008
        ],
        "pwr_decay": 0.12,
        "scenario": "leo_residual",
        "snr_db": [
          16.0,
          28.0
        ],
        "theta_deg": [
          10.0,
          35.0
        ],
        "use_residual_doppler": true,
        "weather": "clear"
      },
      "leo_rain_weak": {
        "K_db_range": [
          10.0,
          20.0
        ],
        "agc_resid_db": [
          -0.3,
          0.3
        ],
        "apply_path_loss_to_iq": false,
        "cfo_std_hz": 70.0,
        "channel_model": "leo_residual",
        "enable_atmospheric_fading": false,
        "enable_iq_imbalance": false,
        "enable_multipath": true,
        "fading_mode": "rician",
        "loo_level": "light",
        "max_delay_samp": 3,
        "multipath_profile": "weak",
        "num_taps": [
          2,
          2
        ],
        "orbit_probs": {
          "GEO": 0.0,
          "LEO": 1.0,
          "MEO": 0.0
        },
        "phase_noise_inc_std": [
          0.0001,
          0.0007
        ],
        "pwr_decay": 0.1,
        "scenario": "leo_residual",
        "snr_db": [
          14.0,
          26.0
        ],
        "theta_deg": [
          20.0,
          80.0
        ],
        "use_residual_doppler": true,
        "weather": "rain"
      }
    },
    "scenarios": [
      "leo_clear_weak",
      "leo_low_elev_weak",
      "leo_rain_weak"
    ]
  },
  "uses_target_clean": false,
  "uses_target_labels_for_training": false,
  "uses_unknown_query_for_threshold": false
}
{"assigned_rows": 125, "completed": 125, "failed": 0, "phase": "stage2c", "schema": "cvs_publication_stage2_worker_summary_v1", "shard_count": 1, "shard_index": 0, "skipped": 0}
[FULL-LEGACY-ORACLE-125-DONE] run_root=/home/szu2070436088/2510044040/CV-SincNet/runs/cvs_qknnv42_full_legacy_oracle_strict125_20260714_183556
