{
  "out_npz": "/home/szu2070436088/2510044040/CV-SincNet/runs/phase2_adv3b02_rx7_14_newpool_perclass_no_unknown_20260703_0943/ADV3B02_RX7_14_NEWPOOL_PAIRSWEEP/features.npz",
  "manifest": {
    "feature_name": "z_id",
    "checkpoint": "/home/szu2070436088/2510044040/CV-SincNet/runs/phase1_adv3_mechanism32_queue_20260701/ADV3B02_CORE90_SOFT_E200/best_joint_safe_ssdg.pth",
    "target_new_channel_view": "satellite",
    "target_unknown_channel_view": "satellite",
    "target_channel_view": "satellite/LEO",
    "star_ground_channel_impl": "simplified_leo_residual",
    "target_channel_scenarios": [
      "leo_clear_weak",
      "leo_low_elev_weak",
      "leo_rain_weak"
    ],
    "satellite_tta_policy": "none",
    "satellite_tta_view_count": 1,
    "deployment_primary_view": "satellite/LEO target view",
    "source": {
      "pkl": "/home/szu2070436088/2510044040/CV-SincNet/Dataset_WigSig/ManySig.pkl",
      "role": "source",
      "tx_idx": [
        0,
        1,
        2,
        3,
        4,
        5
      ],
      "tx_labels": [
        "14-10",
        "14-7",
        "20-15",
        "20-19",
        "6-15",
        "8-20"
      ],
      "days": null,
      "rxs": "0,1,2,3,4,5,6",
      "size": 480
    },
    "target_old": {
      "pkl": "/home/szu2070436088/2510044040/CV-SincNet/Dataset_WigSig/ManySig.pkl",
      "role": "target_old",
      "tx_idx": [
        0,
        1,
        2,
        3,
        4,
        5
      ],
      "tx_labels": [
        "14-10",
        "14-7",
        "20-15",
        "20-19",
        "6-15",
        "8-20"
      ],
      "days": null,
      "rxs": "7-14",
      "size": 480
    },
    "target_new": {
      "pkl": "/home/szu2070436088/2510044040/CV-SincNet/Dataset_WigSig/ManyTx.pkl",
      "role": "target_new",
      "tx_idx": [
        0,
        1,
        2,
        3,
        4,
        5,
        6,
        7,
        8,
        9,
        10,
        12,
        13,
        14,
        15,
        16,
        17,
        18,
        19,
        20,
        21,
        22,
        23,
        25,
        26,
        27,
        28,
        30,
        31,
        32,
        33,
        35,
        36,
        37,
        38,
        39,
        41,
        42,
        43,
        44,
        45,
        46,
        47,
        48,
        49,
        50,
        51,
        52,
        53,
        54,
        55,
        56,
        57,
        58,
        59,
        60,
        61,
        62,
        63,
        64,
        65,
        66,
        67,
        68,
        69,
        70,
        71,
        72,
        73,
        74,
        75,
        76,
        77,
        78,
        79,
        80,
        81,
        82,
        83,
        85,
        86,
        87,
        88,
        89,
        90,
        91,
        92,
        93,
        94,
        95,
        96,
        97,
        98,
        99,
        100,
        101,
        103,
        104,
        106,
        107,
        108,
        109,
        110,
        111,
        112,
        113,
        114,
        115,
        116,
        117,
        118,
        119,
        120,
        121,
        122,
        123,
        124,
        125,
        126,
        128,
        129,
        130,
        134,
        135,
        136,
        137,
        138,
        139,
        141,
        143,
        144,
        145,
        146,
        148,
        149
      ],
      "tx_labels": [
        "1-1",
        "1-10",
        "1-11",
        "1-12",
        "1-14",
        "1-15",
        "1-16",
        "1-18",
        "1-19",
        "1-2",
        "1-8",
        "10-10",
        "10-11",
        "10-17",
        "10-4",
        "10-7",
        "11-1",
        "11-10",
        "11-17",
        "11-19",
        "11-20",
        "11-4",
        "11-7",
        "12-19",
        "12-20",
        "12-7",
        "13-14",
        "13-19",
        "13-20",
        "13-3",
        "13-7",
        "14-11",
        "14-12",
        "14-13",
        "14-14",
        "14-20",
        "14-8",
        "14-9",
        "15-1",
        "15-19",
        "15-6",
        "16-1",
        "16-16",
        "16-19",
        "16-20",
        "16-5",
        "17-10",
        "17-11",
        "18-1",
        "18-10",
        "18-11",
        "18-12",
        "18-13",
        "18-14",
        "18-15",
        "18-16",
        "18-17",
        "18-2",
        "18-20",
        "18-4",
        "18-5",
        "18-7",
        "18-8",
        "18-9",
        "19-1",
        "19-10",
        "19-11",
        "19-12",
        "19-13",
        "19-14",
        "19-19",
        "19-2",
        "19-20",
        "19-3",
        "19-4",
        "19-6",
        "19-7",
        "19-8",
        "19-9",
        "2-12",
        "2-13",
        "2-14",
        "2-15",
        "2-16",
        "2-17",
        "2-19",
        "2-20",
        "2-3",
        "2-4",
        "2-5",
        "2-6",
        "2-7",
        "2-8",
        "20-1",
        "20-12",
        "20-14",
        "20-16",
        "20-18",
        "20-20",
        "20-3",
        "20-4",
        "20-5",
        "20-7",
        "20-8",
        "3-1",
        "3-13",
        "3-18",
        "3-19",
        "3-2",
        "3-20",
        "3-8",
        "4-1",
        "4-10",
        "4-11",
        "5-1",
        "5-16",
        "5-20",
        "5-5",
        "6-1",
        "6-6",
        "7-10",
        "7-11",
        "7-20",
        "7-7",
        "7-8",
        "7-9",
        "8-1",
        "8-13",
        "8-18",
        "8-3",
        "8-7",
        "8-8",
        "9-1",
        "9-20",
        "9-7"
      ],
      "days": null,
      "rxs": "7-14",
      "size": 10800
    },
    "target_unknown": null,
    "proxy_unknown": null,
    "source_tx_ids": [
      "14-10",
      "14-7",
      "20-15",
      "20-19",
      "6-15",
      "8-20"
    ],
    "target_old_tx_ids": [
      "14-10",
      "14-7",
      "20-15",
      "20-19",
      "6-15",
      "8-20"
    ],
    "new_tx_ids": [
      "1-1",
      "1-10",
      "1-11",
      "1-12",
      "1-14",
      "1-15",
      "1-16",
      "1-18",
      "1-19",
      "1-2",
      "1-8",
      "10-10",
      "10-11",
      "10-17",
      "10-4",
      "10-7",
      "11-1",
      "11-10",
      "11-17",
      "11-19",
      "11-20",
      "11-4",
      "11-7",
      "12-19",
      "12-20",
      "12-7",
      "13-14",
      "13-19",
      "13-20",
      "13-3",
      "13-7",
      "14-11",
      "14-12",
      "14-13",
      "14-14",
      "14-20",
      "14-8",
      "14-9",
      "15-1",
      "15-19",
      "15-6",
      "16-1",
      "16-16",
      "16-19",
      "16-20",
      "16-5",
      "17-10",
      "17-11",
      "18-1",
      "18-10",
      "18-11",
      "18-12",
      "18-13",
      "18-14",
      "18-15",
      "18-16",
      "18-17",
      "18-2",
      "18-20",
      "18-4",
      "18-5",
      "18-7",
      "18-8",
      "18-9",
      "19-1",
      "19-10",
      "19-11",
      "19-12",
      "19-13",
      "19-14",
      "19-19",
      "19-2",
      "19-20",
      "19-3",
      "19-4",
      "19-6",
      "19-7",
      "19-8",
      "19-9",
      "2-12",
      "2-13",
      "2-14",
      "2-15",
      "2-16",
      "2-17",
      "2-19",
      "2-20",
      "2-3",
      "2-4",
      "2-5",
      "2-6",
      "2-7",
      "2-8",
      "20-1",
      "20-12",
      "20-14",
      "20-16",
      "20-18",
      "20-20",
      "20-3",
      "20-4",
      "20-5",
      "20-7",
      "20-8",
      "3-1",
      "3-13",
      "3-18",
      "3-19",
      "3-2",
      "3-20",
      "3-8",
      "4-1",
      "4-10",
      "4-11",
      "5-1",
      "5-16",
      "5-20",
      "5-5",
      "6-1",
      "6-6",
      "7-10",
      "7-11",
      "7-20",
      "7-7",
      "7-8",
      "7-9",
      "8-1",
      "8-13",
      "8-18",
      "8-3",
      "8-7",
      "8-8",
      "9-1",
      "9-20",
      "9-7"
    ],
    "unknown_tx_ids": [],
    "proxy_unknown_tx_ids": [],
    "requested_source_tx_ids": [
      "0",
      "1",
      "2",
      "3",
      "4",
      "5"
    ],
    "requested_target_old_tx_ids": [
      "0",
      "1",
      "2",
      "3",
      "4",
      "5"
    ],
    "requested_new_tx_ids": [
      "1-1",
      "1-10",
      "1-11",
      "1-12",
      "1-14",
      "1-15",
      "1-16",
      "1-18",
      "1-19",
      "1-2",
      "1-8",
      "10-10",
      "10-11",
      "10-17",
      "10-4",
      "10-7",
      "11-1",
      "11-10",
      "11-17",
      "11-19",
      "11-20",
      "11-4",
      "11-7",
      "12-19",
      "12-20",
      "12-7",
      "13-14",
      "13-19",
      "13-20",
      "13-3",
      "13-7",
      "14-11",
      "14-12",
      "14-13",
      "14-14",
      "14-20",
      "14-8",
      "14-9",
      "15-1",
      "15-19",
      "15-6",
      "16-1",
      "16-16",
      "16-19",
      "16-20",
      "16-5",
      "17-10",
      "17-11",
      "18-1",
      "18-10",
      "18-11",
      "18-12",
      "18-13",
      "18-14",
      "18-15",
      "18-16",
      "18-17",
      "18-2",
      "18-20",
      "18-4",
      "18-5",
      "18-7",
      "18-8",
      "18-9",
      "19-1",
      "19-10",
      "19-11",
      "19-12",
      "19-13",
      "19-14",
      "19-19",
      "19-2",
      "19-20",
      "19-3",
      "19-4",
      "19-6",
      "19-7",
      "19-8",
      "19-9",
      "2-12",
      "2-13",
      "2-14",
      "2-15",
      "2-16",
      "2-17",
      "2-19",
      "2-20",
      "2-3",
      "2-4",
      "2-5",
      "2-6",
      "2-7",
      "2-8",
      "20-1",
      "20-12",
      "20-14",
      "20-16",
      "20-18",
      "20-20",
      "20-3",
      "20-4",
      "20-5",
      "20-7",
      "20-8",
      "3-1",
      "3-13",
      "3-18",
      "3-19",
      "3-2",
      "3-20",
      "3-8",
      "4-1",
      "4-10",
      "4-11",
      "5-1",
      "5-16",
      "5-20",
      "5-5",
      "6-1",
      "6-6",
      "7-10",
      "7-11",
      "7-20",
      "7-7",
      "7-8",
      "7-9",
      "8-1",
      "8-13",
      "8-18",
      "8-3",
      "8-7",
      "8-8",
      "9-1",
      "9-20",
      "9-7"
    ],
    "requested_unknown_tx_ids": [],
    "requested_proxy_unknown_tx_ids": [],
    "overlap_audit": {
      "source_new": [],
      "source_unknown": [],
      "new_unknown": []
    },
    "proxy_overlap_audit": {
      "proxy_unknown_overlaps_source": [],
      "proxy_unknown_overlaps_target_unknown": [],
      "proxy_unknown_overlaps_target_new": []
    },
    "channel_profile": {
      "source": {
        "view": "clean",
        "applied_roles": [],
        "downstream_roles": [
          "source_old_proxy_head_training"
        ],
        "scenarios": [],
        "scenario_configs": {},
        "star_ground_channel_impl": "simplified_leo_residual",
        "sat_seed": 422614,
        "fs_hz": 25000000.0,
        "fc_hz": 2462000000.0
      },
      "proxy_unknown": null,
      "target_old": {
        "view": "satellite",
        "applied_roles": [
          "target_old"
        ],
        "downstream_roles": [
          "target_old_support",
          "target_old_query"
        ],
        "scenarios": [
          "leo_clear_weak",
          "leo_low_elev_weak",
          "leo_rain_weak"
        ],
        "scenario_configs": {
          "leo_clear_weak": {
            "channel_model": "leo_residual",
            "weather": "clear",
            "scenario": "leo_residual",
            "loo_level": "light",
            "orbit_probs": {
              "LEO": 1.0,
              "MEO": 0.0,
              "GEO": 0.0
            },
            "theta_deg": [
              35.0,
              90.0
            ],
            "snr_db": [
              22.0,
              32.0
            ],
            "cfo_std_hz": 50.0,
            "phase_noise_inc_std": [
              0.0,
              0.0005
            ],
            "use_residual_doppler": true,
            "apply_path_loss_to_iq": false,
            "enable_atmospheric_fading": false,
            "enable_iq_imbalance": false,
            "fading_mode": "rician",
            "K_db_range": [
              16.0,
              24.0
            ],
            "enable_multipath": true,
            "multipath_profile": "weak",
            "num_taps": [
              2,
              2
            ],
            "max_delay_samp": 2,
            "pwr_decay": 0.08,
            "agc_resid_db": [
              -0.2,
              0.2
            ]
          },
          "leo_low_elev_weak": {
            "channel_model": "leo_residual",
            "weather": "clear",
            "scenario": "leo_residual",
            "loo_level": "light",
            "orbit_probs": {
              "LEO": 1.0,
              "MEO": 0.0,
              "GEO": 0.0
            },
            "theta_deg": [
              10.0,
              35.0
            ],
            "snr_db": [
              16.0,
              28.0
            ],
            "cfo_std_hz": 90.0,
            "phase_noise_inc_std": [
              0.0001,
              0.0008
            ],
            "use_residual_doppler": true,
            "apply_path_loss_to_iq": false,
            "enable_atmospheric_fading": false,
            "enable_iq_imbalance": false,
            "fading_mode": "shadowed_rician",
            "K_db_range": [
              8.0,
              18.0
            ],
            "enable_multipath": true,
            "multipath_profile": "weak",
            "num_taps": [
              2,
              2
            ],
            "max_delay_samp": 3,
            "pwr_decay": 0.12,
            "agc_resid_db": [
              -0.3,
              0.3
            ]
          },
          "leo_rain_weak": {
            "channel_model": "leo_residual",
            "weather": "rain",
            "scenario": "leo_residual",
            "loo_level": "light",
            "orbit_probs": {
              "LEO": 1.0,
              "MEO": 0.0,
              "GEO": 0.0
            },
            "theta_deg": [
              20.0,
              80.0
            ],
            "snr_db": [
              14.0,
              26.0
            ],
            "cfo_std_hz": 70.0,
            "phase_noise_inc_std": [
              0.0001,
              0.0007
            ],
            "use_residual_doppler": true,
            "apply_path_loss_to_iq": false,
            "enable_atmospheric_fading": false,
            "enable_iq_imbalance": false,
            "fading_mode": "rician",
            "K_db_range": [
              10.0,
              20.0
            ],
            "enable_multipath": true,
            "multipath_profile": "weak",
            "num_taps": [
              2,
              2
            ],
            "max_delay_samp": 3,
            "pwr_decay": 0.1,
            "agc_resid_db": [
              -0.3,
              0.3
            ]
          }
        },
        "star_ground_channel_impl": "simplified_leo_residual",
        "sat_seed": 422812,
        "fs_hz": 25000000.0,
        "fc_hz": 2462000000.0,
        "implementation": "cvsrffi.eval.apply_sat_channel_for_scenario -> sat_channel.apply_sat_gnd_channel_batch"
      },
      "target_new": {
        "view": "satellite",
        "applied_roles": [
          "target_new"
        ],
        "downstream_roles": [
          "new_support",
          "new_query"
        ],
        "scenarios": [
          "leo_clear_weak",
          "leo_low_elev_weak",
          "leo_rain_weak"
        ],
        "scenario_configs": {
          "leo_clear_weak": {
            "channel_model": "leo_residual",
            "weather": "clear",
            "scenario": "leo_residual",
            "loo_level": "light",
            "orbit_probs": {
              "LEO": 1.0,
              "MEO": 0.0,
              "GEO": 0.0
            },
            "theta_deg": [
              35.0,
              90.0
            ],
            "snr_db": [
              22.0,
              32.0
            ],
            "cfo_std_hz": 50.0,
            "phase_noise_inc_std": [
              0.0,
              0.0005
            ],
            "use_residual_doppler": true,
            "apply_path_loss_to_iq": false,
            "enable_atmospheric_fading": false,
            "enable_iq_imbalance": false,
            "fading_mode": "rician",
            "K_db_range": [
              16.0,
              24.0
            ],
            "enable_multipath": true,
            "multipath_profile": "weak",
            "num_taps": [
              2,
              2
            ],
            "max_delay_samp": 2,
            "pwr_decay": 0.08,
            "agc_resid_db": [
              -0.2,
              0.2
            ]
          },
          "leo_low_elev_weak": {
            "channel_model": "leo_residual",
            "weather": "clear",
            "scenario": "leo_residual",
            "loo_level": "light",
            "orbit_probs": {
              "LEO": 1.0,
              "MEO": 0.0,
              "GEO": 0.0
            },
            "theta_deg": [
              10.0,
              35.0
            ],
            "snr_db": [
              16.0,
              28.0
            ],
            "cfo_std_hz": 90.0,
            "phase_noise_inc_std": [
              0.0001,
              0.0008
            ],
            "use_residual_doppler": true,
            "apply_path_loss_to_iq": false,
            "enable_atmospheric_fading": false,
            "enable_iq_imbalance": false,
            "fading_mode": "shadowed_rician",
            "K_db_range": [
              8.0,
              18.0
            ],
            "enable_multipath": true,
            "multipath_profile": "weak",
            "num_taps": [
              2,
              2
            ],
            "max_delay_samp": 3,
            "pwr_decay": 0.12,
            "agc_resid_db": [
              -0.3,
              0.3
            ]
          },
          "leo_rain_weak": {
            "channel_model": "leo_residual",
            "weather": "rain",
            "scenario": "leo_residual",
            "loo_level": "light",
            "orbit_probs": {
              "LEO": 1.0,
              "MEO": 0.0,
              "GEO": 0.0
            },
            "theta_deg": [
              20.0,
              80.0
            ],
            "snr_db": [
              14.0,
              26.0
            ],
            "cfo_std_hz": 70.0,
            "phase_noise_inc_std": [
              0.0001,
              0.0007
            ],
            "use_residual_doppler": true,
            "apply_path_loss_to_iq": false,
            "enable_atmospheric_fading": false,
            "enable_iq_imbalance": false,
            "fading_mode": "rician",
            "K_db_range": [
              10.0,
              20.0
            ],
            "enable_multipath": true,
            "multipath_profile": "weak",
            "num_taps": [
              2,
              2
            ],
            "max_delay_samp": 3,
            "pwr_decay": 0.1,
            "agc_resid_db": [
              -0.3,
              0.3
            ]
          }
        },
        "star_ground_channel_impl": "simplified_leo_residual",
        "sat_seed": 422912,
        "fs_hz": 25000000.0,
        "fc_hz": 2462000000.0,
        "implementation": "cvsrffi.eval.apply_sat_channel_for_scenario -> sat_channel.apply_sat_gnd_channel_batch"
      },
      "target_unknown": null
    },
    "missing_keys": 7,
    "unexpected_keys": 31,
    "skipped_mismatch": 3
  }
}
{
  "eligible_new_tx_count": 135,
  "selected_pair_candidate_count": 50,
  "joint_pass_count": 129,
  "best": [
    {
      "new_tx_ids": [
        "19-3",
        "3-8"
      ],
      "method": "knn1",
      "old_acc": 0.8458333333333333,
      "seen_new_acc": 0.8374999999999999,
      "min_seen_new_class_acc": 0.825,
      "H_old_new": 0.8416460396039603,
      "per_new_acc": {
        "19-3": 0.825,
        "3-8": 0.85
      },
      "passes_old_target": true,
      "passes_seen_new_average_target": true,
      "passes_seen_new_per_class_target": true,
      "passes_joint_target": true,
      "support_count": 80,
      "old_query_count": 240,
      "new_query_count": 80
    },
    {
      "new_tx_ids": [
        "1-8",
        "19-3"
      ],
      "method": "knn1",
      "old_acc": 0.8416666666666667,
      "seen_new_acc": 0.825,
      "min_seen_new_class_acc": 0.825,
      "H_old_new": 0.83325,
      "per_new_acc": {
        "1-8": 0.825,
        "19-3": 0.825
      },
      "passes_old_target": true,
      "passes_seen_new_average_target": true,
      "passes_seen_new_per_class_target": true,
      "passes_joint_target": true,
      "support_count": 80,
      "old_query_count": 240,
      "new_query_count": 80
    },
    {
      "new_tx_ids": [
        "19-3",
        "6-6"
      ],
      "method": "knn1",
      "old_acc": 0.8333333333333334,
      "seen_new_acc": 0.8,
      "min_seen_new_class_acc": 0.775,
      "H_old_new": 0.816326530612245,
      "per_new_acc": {
        "19-3": 0.825,
        "6-6": 0.775
      },
      "passes_old_target": true,
      "passes_seen_new_average_target": true,
      "passes_seen_new_per_class_target": true,
      "passes_joint_target": true,
      "support_count": 80,
      "old_query_count": 240,
      "new_query_count": 80
    },
    {
      "new_tx_ids": [
        "19-3",
        "2-13"
      ],
      "method": "knn1",
      "old_acc": 0.8541666666666666,
      "seen_new_acc": 0.7875,
      "min_seen_new_class_acc": 0.75,
      "H_old_new": 0.819479695431472,
      "per_new_acc": {
        "19-3": 0.825,
        "2-13": 0.75
      },
      "passes_old_target": true,
      "passes_seen_new_average_target": true,
      "passes_seen_new_per_class_target": true,
      "passes_joint_target": true,
      "support_count": 80,
      "old_query_count": 240,
      "new_query_count": 80
    },
    {
      "new_tx_ids": [
        "3-8",
        "6-6"
      ],
      "method": "knn1",
      "old_acc": 0.8458333333333333,
      "seen_new_acc": 0.775,
      "min_seen_new_class_acc": 0.75,
      "H_old_new": 0.8088688946015424,
      "per_new_acc": {
        "3-8": 0.8,
        "6-6": 0.75
      },
      "passes_old_target": true,
      "passes_seen_new_average_target": true,
      "passes_seen_new_per_class_target": true,
      "passes_joint_target": true,
      "support_count": 80,
      "old_query_count": 240,
      "new_query_count": 80
    },
    {
      "new_tx_ids": [
        "19-3",
        "9-1"
      ],
      "method": "knn1",
      "old_acc": 0.8291666666666667,
      "seen_new_acc": 0.7875,
      "min_seen_new_class_acc": 0.75,
      "H_old_new": 0.8077963917525773,
      "per_new_acc": {
        "19-3": 0.825,
        "9-1": 0.75
      },
      "passes_old_target": true,
      "passes_seen_new_average_target": true,
      "passes_seen_new_per_class_target": true,
      "passes_joint_target": true,
      "support_count": 80,
      "old_query_count": 240,
      "new_query_count": 80
    },
    {
      "new_tx_ids": [
        "12-20",
        "19-9"
      ],
      "method": "knn1",
      "old_acc": 0.8666666666666667,
      "seen_new_acc": 0.725,
      "min_seen_new_class_acc": 0.725,
      "H_old_new": 0.7895287958115182,
      "per_new_acc": {
        "12-20": 0.725,
        "19-9": 0.725
      },
      "passes_old_target": true,
      "passes_seen_new_average_target": true,
      "passes_seen_new_per_class_target": true,
      "passes_joint_target": true,
      "support_count": 80,
      "old_query_count": 240,
      "new_query_count": 80
    },
    {
      "new_tx_ids": [
        "12-20",
        "3-8"
      ],
      "method": "knn1",
      "old_acc": 0.8666666666666667,
      "seen_new_acc": 0.725,
      "min_seen_new_class_acc": 0.725,
      "H_old_new": 0.7895287958115182,
      "per_new_acc": {
        "12-20": 0.725,
        "3-8": 0.725
      },
      "passes_old_target": true,
      "passes_seen_new_average_target": true,
      "passes_seen_new_per_class_target": true,
      "passes_joint_target": true,
      "support_count": 80,
      "old_query_count": 240,
      "new_query_count": 80
    },
    {
      "new_tx_ids": [
        "12-20",
        "19-3"
      ],
      "method": "knn1",
      "old_acc": 0.8625,
      "seen_new_acc": 0.7749999999999999,
      "min_seen_new_class_acc": 0.725,
      "H_old_new": 0.8164122137404579,
      "per_new_acc": {
        "12-20": 0.725,
        "19-3": 0.825
      },
      "passes_old_target": true,
      "passes_seen_new_average_target": true,
      "passes_seen_new_per_class_target": true,
      "passes_joint_target": true,
      "support_count": 80,
      "old_query_count": 240,
      "new_query_count": 80
    },
    {
      "new_tx_ids": [
        "19-3",
        "19-6"
      ],
      "method": "knn1",
      "old_acc": 0.8541666666666666,
      "seen_new_acc": 0.7749999999999999,
      "min_seen_new_class_acc": 0.725,
      "H_old_new": 0.8126598465473146,
      "per_new_acc": {
        "19-3": 0.825,
        "19-6": 0.725
      },
      "passes_old_target": true,
      "passes_seen_new_average_target": true,
      "passes_seen_new_per_class_target": true,
      "passes_joint_target": true,
      "support_count": 80,
      "old_query_count": 240,
      "new_query_count": 80
    }
  ]
}
