wrapper_job=exporter
started_at=2026-07-21T02:38:12,783180527+08:00
child_cwd=/home/szu2070436088/2510044040/CV-SincNet/runs/d99_d100_phase1_export_391f51ed_20260721_r2/source_391f51ed
gpu=cuda:4
child_command=env OMP_NUM_THREADS=2 MKL_NUM_THREADS=2 OPENBLAS_NUM_THREADS=2 PYTHONPATH=/home/szu2070436088/2510044040/CV-SincNet/runs/d99_d100_phase1_export_391f51ed_20260721_r2/source_391f51ed/code /home/szu2070436088/.conda/envs/CVS-RFFI/bin/python /home/szu2070436088/2510044040/CV-SincNet/runs/d99_d100_phase1_export_391f51ed_20260721_r2/source_391f51ed/code/scripts/export_phase1_singleobs_feature_archive.py --mode development --cache-set /home/szu2070436088/2510044040/CV-SincNet/runs/qknn_ground_effective8_r16_e12_leoonly_20260715_v14/phase1_caches/source_validation/cache_set.json --cache-set-sha256 125bb312972fd82edab9b1566a1ebddcd077b9a00c5255a55da22afb453b8d74 --runtime /home/szu2070436088/2510044040/CV-SincNet/runs/d18_formal_k10_new5_rx20_1_seed713101_20260717_085303/input/sealed_feature_runtime.pt --expected-runtime-sha256 f119e8cb3f6beda95f0d545205e91b43e4a557af2fd1d025e95d2edf2b8e6e2a --class-ids 14-10\,14-7\,20-15\,20-19\,6-15\,8-20 --selection-salt-receipt /home/szu2070436088/2510044040/CV-SincNet/runs/d99_d100_phase1_export_391f51ed_20260721_r2/input/d99_d100_phase1_selection_salt.json --selection-salt-receipt-sha256 38ffbdda293cd2eead31c481237a459581c862572041ea472b38391a1b4bddb0 --output-dir /home/szu2070436088/2510044040/CV-SincNet/runs/d99_d100_phase1_export_391f51ed_20260721_r2/phase1_feature_archive --device cuda:4 --batch-size 256 
Traceback (most recent call last):
  File "/home/szu2070436088/2510044040/CV-SincNet/runs/d99_d100_phase1_export_391f51ed_20260721_r2/source_391f51ed/code/scripts/export_phase1_singleobs_feature_archive.py", line 1315, in <module>
    main()
  File "/home/szu2070436088/2510044040/CV-SincNet/runs/d99_d100_phase1_export_391f51ed_20260721_r2/source_391f51ed/code/scripts/export_phase1_singleobs_feature_archive.py", line 1274, in main
    result = export_development_sha_only_phase1_singleobs_feature_archive(
  File "/home/szu2070436088/2510044040/CV-SincNet/runs/d99_d100_phase1_export_391f51ed_20260721_r2/source_391f51ed/code/scripts/export_phase1_singleobs_feature_archive.py", line 1181, in export_development_sha_only_phase1_singleobs_feature_archive
    return _export_impl(
  File "/home/szu2070436088/2510044040/CV-SincNet/runs/d99_d100_phase1_export_391f51ed_20260721_r2/source_391f51ed/code/scripts/export_phase1_singleobs_feature_archive.py", line 832, in _export_impl
    arrays_by_scenario, cache_payload, cache_audit = cache_loader(
  File "/home/szu2070436088/2510044040/CV-SincNet/runs/d99_d100_phase1_export_391f51ed_20260721_r2/source_391f51ed/code/scripts/export_phase1_singleobs_feature_archive.py", line 97, in _load_verified_v1_only_source_validation_cache_set
    return load_verified_leo_weak_cache_set(
  File "/home/szu2070436088/2510044040/CV-SincNet/runs/d99_d100_phase1_export_391f51ed_20260721_r2/source_391f51ed/code/cvsrffi/leo_weak_cache.py", line 552, in load_verified_leo_weak_cache_set
    arrays, inner_manifest, audit = load_verified_leo_weak_cache(
  File "/home/szu2070436088/2510044040/CV-SincNet/runs/d99_d100_phase1_export_391f51ed_20260721_r2/source_391f51ed/code/cvsrffi/leo_weak_cache.py", line 319, in load_verified_leo_weak_cache
    raise ValueError(f"LEO cache is missing required members: {missing}")
ValueError: LEO cache is missing required members: ['source_dataset_sha256', 'source_record_indices']
ended_at=2026-07-21T02:38:14,311612649+08:00
child_exit=1
