Traceback (most recent call last):
  File "/home/szu2070436088/2510044040/CV-SincNet/paper_reproduction/scripts/run_cvs_stage2c_effective8_strict_plan.py", line 207, in <module>
    raise SystemExit(main())
  File "/home/szu2070436088/2510044040/CV-SincNet/paper_reproduction/scripts/run_cvs_stage2c_effective8_strict_plan.py", line 197, in main
    result = run_matrix_shard(
  File "/home/szu2070436088/2510044040/CV-SincNet/paper_reproduction/scripts/run_cvs_stage2c_effective8_strict_plan.py", line 156, in run_matrix_shard
    receipts = run_package(
  File "/home/szu2070436088/2510044040/CV-SincNet/paper_reproduction/scripts/run_cvs_stage2c_effective8_strict_package.py", line 310, in run_package
    binding = _ensure_package(plan, package, project_root=project_root)
  File "/home/szu2070436088/2510044040/CV-SincNet/paper_reproduction/scripts/run_cvs_stage2c_effective8_strict_package.py", line 123, in _ensure_package
    result = _run_json(package_build_command(plan, package), cwd=project_root)
  File "/home/szu2070436088/2510044040/CV-SincNet/paper_reproduction/scripts/run_cvs_stage2c_effective8_strict_package.py", line 57, in _run_json
    raise RuntimeError(
RuntimeError: strict command failed rc=1: /home/szu2070436088/.conda/envs/CVS-RFFI/bin/python /home/szu2070436088/2510044040/CV-SincNet/code/scripts/build_cvs_stage2_predictor_bundle.py --target-cache-set /home/szu2070436088/2510044040/CV-SincNet/runs/qknn_ground_effective8_r16_e12_leoonly_20260715_v14/phase1_caches/target/rx_3_19/seed_713105/cache_set.json --predictor-out-root /home/szu2070436088/2510044040/CV-SincNet/runs/qknn_ground_effective8_r16_e12_leoonly_20260715_v14_landlock_strict300_v12/packages/rx_3_19__seed_713105__new_20/predictor --scorer-out-root /home/szu2070436088/2510044040/CV-SincNet/runs/qknn_ground_effective8_r16_e12_leoonly_20260715_v14_landlock_strict300_v12/packages/rx_3_19__seed_713105__new_20/scorer --detached-seal-path /home/szu2070436088/2510044040/CV-SincNet/runs/qknn_ground_effective8_r16_e12_leoonly_20260715_v14_landlock_strict300_v12/packages/rx_3_19__seed_713105__new_20/predictor.seal.json --stage stage2c --receiver 3-19 --seed 713105 --old-class-labels 14-10,14-7,20-15,20-19,6-15,8-20 --new-class-labels 1-16,1-18,18-10,14-11,8-3,18-8,10-10,16-19,20-12,4-10,13-14,2-5,1-8,19-13,19-9,3-8,19-8,11-19,2-16,19-6 --new-class-count 20 --support-pool-max-k 20 --query-per-tx 20 --candidate-lock /home/szu2070436088/2510044040/CV-SincNet/runs/qknn_ground_effective8_r16_e12_leoonly_20260715_v14/candidate_lock_v2.json --checkpoint /home/szu2070436088/2510044040/CV-SincNet/runs/qknn_ground_effective8_r16_e12_leoonly_20260715_v14/runtime_artifacts_strict_v14/candidate_runtime.ts --base-checkpoint /home/szu2070436088/2510044040/CV-SincNet/runs/qknn_ground_effective8_r16_e12_leoonly_20260715_v14/runtime_artifacts_strict_v14/base_runtime.ts --candidate-capsule /home/szu2070436088/2510044040/CV-SincNet/runs/qknn_ground_effective8_r16_e12_leoonly_20260715_v14/runtime_artifacts_strict_v14/candidate_capsule.json --expected-candidate-capsule-sha256 825312b058a43d122d4985331ce280abb95dfe6af9aa69c0f83bf1c5fe67efd6 --runtime-config-receipt /home/szu2070436088/2510044040/CV-SincNet/runs/qknn_ground_effective8_r16_e12_leoonly_20260715_v14/runtime_artifacts_strict_v14/runtime_configs/runtime_config_receipt.json --adapter /home/szu2070436088/2510044040/CV-SincNet/runs/qknn_ground_effective8_r16_e12_leoonly_20260715_v14/runtime_artifacts_strict_v14/runtime_configs/effective8_runtime_adapter.json --head-artifact /home/szu2070436088/2510044040/CV-SincNet/runs/qknn_ground_effective8_r16_e12_leoonly_20260715_v14/runtime_artifacts_strict_v14/runtime_configs/effective8_runtime_head.json --tta-policy-json /home/szu2070436088/2510044040/CV-SincNet/runs/qknn_ground_effective8_r16_e12_leoonly_20260715_v14/runtime_artifacts_strict_v14/runtime_configs/effective8_runtime_tta.json
stdout=
stderr=Traceback (most recent call last):
  File "/home/szu2070436088/2510044040/CV-SincNet/code/scripts/build_cvs_stage2_predictor_bundle.py", line 682, in <module>
    raise SystemExit(main())
  File "/home/szu2070436088/2510044040/CV-SincNet/code/scripts/build_cvs_stage2_predictor_bundle.py", line 677, in main
    print(json.dumps(build(args), ensure_ascii=False, sort_keys=True))
  File "/home/szu2070436088/2510044040/CV-SincNet/code/scripts/build_cvs_stage2_predictor_bundle.py", line 627, in build
    _reject_predictor_truth_leaks(
  File "/home/szu2070436088/2510044040/CV-SincNet/code/scripts/build_cvs_stage2_predictor_bundle.py", line 231, in _reject_predictor_truth_leaks
    raise ValueError(
ValueError: predictor package contains forbidden truth/role token in query_leo_low_elev_weak.npz

