{"completed": "rx20-1_m7282101_k1_new20__M24-D1-COMPILE-PARITY", "count": 1}
{"completed": "rx20-1_m7282101_k1_new20__M25-B1-G0-BOUNDED-LOCAL-RESIDUAL", "count": 2}
{"completed": "rx20-1_m7282101_k1_new20__M25-B2-G0-SHRINKAGE-RADIUS-RESIDUAL", "count": 3}
{"completed": "rx20-1_m7282101_k1_new20__M25-B3-G0-STABLE-DUAL-PROTOTYPE-RESIDUAL", "count": 4}
{"completed": "rx20-1_m7282101_k2_new20__M24-D1-COMPILE-PARITY", "count": 5}
{"completed": "rx20-1_m7282101_k2_new20__M25-B1-G0-BOUNDED-LOCAL-RESIDUAL", "count": 6}
{"completed": "rx20-1_m7282101_k2_new20__M25-B2-G0-SHRINKAGE-RADIUS-RESIDUAL", "count": 7}
{"completed": "rx20-1_m7282101_k2_new20__M25-B3-G0-STABLE-DUAL-PROTOTYPE-RESIDUAL", "count": 8}
{"completed": "rx20-1_m7282101_k5_new20__M24-D1-COMPILE-PARITY", "count": 9}
{"completed": "rx20-1_m7282101_k5_new20__M25-B1-G0-BOUNDED-LOCAL-RESIDUAL", "count": 10}
{"completed": "rx20-1_m7282101_k5_new20__M25-B2-G0-SHRINKAGE-RADIUS-RESIDUAL", "count": 11}
{"completed": "rx20-1_m7282101_k5_new20__M25-B3-G0-STABLE-DUAL-PROTOTYPE-RESIDUAL", "count": 12}
{"completed": "rx20-1_m7282101_k10_new20__M24-D1-COMPILE-PARITY", "count": 13}
{"completed": "rx20-1_m7282101_k10_new20__M25-B1-G0-BOUNDED-LOCAL-RESIDUAL", "count": 14}
{"completed": "rx20-1_m7282101_k10_new20__M25-B2-G0-SHRINKAGE-RADIUS-RESIDUAL", "count": 15}
{"completed": "rx20-1_m7282101_k10_new5__M24-D1-COMPILE-PARITY", "count": 16}
{"completed": "rx20-1_m7282101_k10_new5__M25-B1-G0-BOUNDED-LOCAL-RESIDUAL", "count": 17}
{"completed": "rx20-1_m7282101_k10_new5__M25-B2-G0-SHRINKAGE-RADIUS-RESIDUAL", "count": 18}
{"completed": "rx20-1_m7282101_k10_new20__M25-B3-G0-STABLE-DUAL-PROTOTYPE-RESIDUAL", "count": 19}
{"completed": "rx20-1_m7282102_k1_new20__M24-D1-COMPILE-PARITY", "count": 20}
{"completed": "rx20-1_m7282102_k1_new20__M25-B1-G0-BOUNDED-LOCAL-RESIDUAL", "count": 21}
{"completed": "rx20-1_m7282102_k1_new20__M25-B2-G0-SHRINKAGE-RADIUS-RESIDUAL", "count": 22}
{"completed": "rx20-1_m7282102_k1_new20__M25-B3-G0-STABLE-DUAL-PROTOTYPE-RESIDUAL", "count": 23}
{"completed": "rx20-1_m7282102_k2_new20__M24-D1-COMPILE-PARITY", "count": 24}
{"completed": "rx20-1_m7282102_k2_new20__M25-B1-G0-BOUNDED-LOCAL-RESIDUAL", "count": 25}
{"completed": "rx20-1_m7282102_k2_new20__M25-B2-G0-SHRINKAGE-RADIUS-RESIDUAL", "count": 26}
{"completed": "rx20-1_m7282102_k2_new20__M25-B3-G0-STABLE-DUAL-PROTOTYPE-RESIDUAL", "count": 27}
{"completed": "rx20-1_m7282102_k5_new20__M24-D1-COMPILE-PARITY", "count": 28}
{"completed": "rx20-1_m7282101_k10_new5__M25-B3-G0-STABLE-DUAL-PROTOTYPE-RESIDUAL", "count": 29}
{"completed": "rx20-1_m7282102_k5_new20__M25-B1-G0-BOUNDED-LOCAL-RESIDUAL", "count": 30}
{"completed": "rx20-1_m7282102_k5_new20__M25-B2-G0-SHRINKAGE-RADIUS-RESIDUAL", "count": 31}
{"completed": "rx20-1_m7282102_k5_new20__M25-B3-G0-STABLE-DUAL-PROTOTYPE-RESIDUAL", "count": 32}
{"completed": "rx20-1_m7282102_k10_new20__M24-D1-COMPILE-PARITY", "count": 33}
{"completed": "rx20-1_m7282102_k10_new20__M25-B1-G0-BOUNDED-LOCAL-RESIDUAL", "count": 34}
{"completed": "rx20-1_m7282102_k10_new20__M25-B2-G0-SHRINKAGE-RADIUS-RESIDUAL", "count": 35}
{"completed": "rx20-1_m7282102_k10_new5__M24-D1-COMPILE-PARITY", "count": 36}
{"completed": "rx20-1_m7282102_k10_new5__M25-B1-G0-BOUNDED-LOCAL-RESIDUAL", "count": 37}
{"completed": "rx20-1_m7282102_k10_new5__M25-B2-G0-SHRINKAGE-RADIUS-RESIDUAL", "count": 38}
{"completed": "rx20-1_m7282102_k10_new20__M25-B3-G0-STABLE-DUAL-PROTOTYPE-RESIDUAL", "count": 39}
{"completed": "rx20-1_m7282103_k1_new20__M24-D1-COMPILE-PARITY", "count": 40}
{"completed": "rx20-1_m7282103_k1_new20__M25-B1-G0-BOUNDED-LOCAL-RESIDUAL", "count": 41}
{"completed": "rx20-1_m7282103_k1_new20__M25-B2-G0-SHRINKAGE-RADIUS-RESIDUAL", "count": 42}
{"completed": "rx20-1_m7282103_k1_new20__M25-B3-G0-STABLE-DUAL-PROTOTYPE-RESIDUAL", "count": 43}
{"completed": "rx20-1_m7282103_k2_new20__M24-D1-COMPILE-PARITY", "count": 44}
{"completed": "rx20-1_m7282103_k2_new20__M25-B1-G0-BOUNDED-LOCAL-RESIDUAL", "count": 45}
{"completed": "rx20-1_m7282103_k2_new20__M25-B2-G0-SHRINKAGE-RADIUS-RESIDUAL", "count": 46}
{"completed": "rx20-1_m7282103_k2_new20__M25-B3-G0-STABLE-DUAL-PROTOTYPE-RESIDUAL", "count": 47}
{"completed": "rx20-1_m7282102_k10_new5__M25-B3-G0-STABLE-DUAL-PROTOTYPE-RESIDUAL", "count": 48}
{"completed": "rx20-1_m7282103_k5_new20__M24-D1-COMPILE-PARITY", "count": 49}
{"completed": "rx20-1_m7282103_k5_new20__M25-B1-G0-BOUNDED-LOCAL-RESIDUAL", "count": 50}
{"completed": "rx20-1_m7282103_k5_new20__M25-B2-G0-SHRINKAGE-RADIUS-RESIDUAL", "count": 51}
{"completed": "rx20-1_m7282103_k5_new20__M25-B3-G0-STABLE-DUAL-PROTOTYPE-RESIDUAL", "count": 52}
{"completed": "rx20-1_m7282103_k10_new20__M24-D1-COMPILE-PARITY", "count": 53}
{"completed": "rx20-1_m7282103_k10_new20__M25-B1-G0-BOUNDED-LOCAL-RESIDUAL", "count": 54}
{"completed": "rx20-1_m7282103_k10_new20__M25-B2-G0-SHRINKAGE-RADIUS-RESIDUAL", "count": 55}
{"completed": "rx20-1_m7282103_k10_new5__M24-D1-COMPILE-PARITY", "count": 56}
{"completed": "rx20-1_m7282103_k10_new5__M25-B1-G0-BOUNDED-LOCAL-RESIDUAL", "count": 57}
{"completed": "rx20-1_m7282103_k10_new20__M25-B3-G0-STABLE-DUAL-PROTOTYPE-RESIDUAL", "count": 58}
{"completed": "rx20-1_m7282103_k10_new5__M25-B2-G0-SHRINKAGE-RADIUS-RESIDUAL", "count": 59}
{"completed": "rx20-1_m7282104_k1_new20__M24-D1-COMPILE-PARITY", "count": 60}
{"completed": "rx20-1_m7282104_k1_new20__M25-B1-G0-BOUNDED-LOCAL-RESIDUAL", "count": 61}
{"completed": "rx20-1_m7282104_k1_new20__M25-B2-G0-SHRINKAGE-RADIUS-RESIDUAL", "count": 62}
{"completed": "rx20-1_m7282104_k1_new20__M25-B3-G0-STABLE-DUAL-PROTOTYPE-RESIDUAL", "count": 63}
{"completed": "rx20-1_m7282104_k2_new20__M24-D1-COMPILE-PARITY", "count": 64}
{"completed": "rx20-1_m7282104_k2_new20__M25-B1-G0-BOUNDED-LOCAL-RESIDUAL", "count": 65}
{"completed": "rx20-1_m7282104_k2_new20__M25-B2-G0-SHRINKAGE-RADIUS-RESIDUAL", "count": 66}
{"completed": "rx20-1_m7282104_k2_new20__M25-B3-G0-STABLE-DUAL-PROTOTYPE-RESIDUAL", "count": 67}
{"completed": "rx20-1_m7282104_k5_new20__M24-D1-COMPILE-PARITY", "count": 68}
{"completed": "rx20-1_m7282103_k10_new5__M25-B3-G0-STABLE-DUAL-PROTOTYPE-RESIDUAL", "count": 69}
{"completed": "rx20-1_m7282104_k5_new20__M25-B1-G0-BOUNDED-LOCAL-RESIDUAL", "count": 70}
{"completed": "rx20-1_m7282104_k5_new20__M25-B2-G0-SHRINKAGE-RADIUS-RESIDUAL", "count": 71}
{"completed": "rx20-1_m7282104_k5_new20__M25-B3-G0-STABLE-DUAL-PROTOTYPE-RESIDUAL", "count": 72}
{"completed": "rx20-1_m7282104_k10_new20__M24-D1-COMPILE-PARITY", "count": 73}
{"completed": "rx20-1_m7282104_k10_new20__M25-B2-G0-SHRINKAGE-RADIUS-RESIDUAL", "count": 74}
{"completed": "rx20-1_m7282104_k10_new20__M25-B1-G0-BOUNDED-LOCAL-RESIDUAL", "count": 75}
{"completed": "rx20-1_m7282104_k10_new5__M24-D1-COMPILE-PARITY", "count": 76}
{"completed": "rx20-1_m7282104_k10_new5__M25-B1-G0-BOUNDED-LOCAL-RESIDUAL", "count": 77}
{"completed": "rx20-1_m7282104_k10_new20__M25-B3-G0-STABLE-DUAL-PROTOTYPE-RESIDUAL", "count": 78}
{"completed": "rx20-1_m7282104_k10_new5__M25-B2-G0-SHRINKAGE-RADIUS-RESIDUAL", "count": 79}
{"completed": "rx20-1_m7282105_k1_new20__M24-D1-COMPILE-PARITY", "count": 80}
{"completed": "rx20-1_m7282105_k1_new20__M25-B1-G0-BOUNDED-LOCAL-RESIDUAL", "count": 81}
{"completed": "rx20-1_m7282105_k1_new20__M25-B2-G0-SHRINKAGE-RADIUS-RESIDUAL", "count": 82}
{"completed": "rx20-1_m7282105_k1_new20__M25-B3-G0-STABLE-DUAL-PROTOTYPE-RESIDUAL", "count": 83}
{"completed": "rx20-1_m7282105_k2_new20__M24-D1-COMPILE-PARITY", "count": 84}
{"completed": "rx20-1_m7282105_k2_new20__M25-B1-G0-BOUNDED-LOCAL-RESIDUAL", "count": 85}
{"completed": "rx20-1_m7282105_k2_new20__M25-B2-G0-SHRINKAGE-RADIUS-RESIDUAL", "count": 86}
{"completed": "rx20-1_m7282105_k2_new20__M25-B3-G0-STABLE-DUAL-PROTOTYPE-RESIDUAL", "count": 87}
{"completed": "rx20-1_m7282105_k5_new20__M24-D1-COMPILE-PARITY", "count": 88}
{"completed": "rx20-1_m7282104_k10_new5__M25-B3-G0-STABLE-DUAL-PROTOTYPE-RESIDUAL", "count": 89}
{"completed": "rx20-1_m7282105_k5_new20__M25-B1-G0-BOUNDED-LOCAL-RESIDUAL", "count": 90}
{"completed": "rx20-1_m7282105_k5_new20__M25-B2-G0-SHRINKAGE-RADIUS-RESIDUAL", "count": 91}
{"completed": "rx20-1_m7282105_k5_new20__M25-B3-G0-STABLE-DUAL-PROTOTYPE-RESIDUAL", "count": 92}
{"completed": "rx20-1_m7282105_k10_new20__M24-D1-COMPILE-PARITY", "count": 93}
{"completed": "rx20-1_m7282105_k10_new20__M25-B1-G0-BOUNDED-LOCAL-RESIDUAL", "count": 94}
{"completed": "rx20-1_m7282105_k10_new20__M25-B2-G0-SHRINKAGE-RADIUS-RESIDUAL", "count": 95}
{"completed": "rx20-1_m7282105_k10_new5__M24-D1-COMPILE-PARITY", "count": 96}
{"completed": "rx20-1_m7282105_k10_new5__M25-B1-G0-BOUNDED-LOCAL-RESIDUAL", "count": 97}
{"completed": "rx20-1_m7282105_k10_new5__M25-B2-G0-SHRINKAGE-RADIUS-RESIDUAL", "count": 98}
{"completed": "rx20-1_m7282105_k10_new20__M25-B3-G0-STABLE-DUAL-PROTOTYPE-RESIDUAL", "count": 99}
{"completed": "rx3-19_m7282101_k1_new20__M24-D1-COMPILE-PARITY", "count": 100}
{"completed": "rx3-19_m7282101_k1_new20__M25-B1-G0-BOUNDED-LOCAL-RESIDUAL", "count": 101}
{"completed": "rx3-19_m7282101_k1_new20__M25-B2-G0-SHRINKAGE-RADIUS-RESIDUAL", "count": 102}
{"completed": "rx3-19_m7282101_k1_new20__M25-B3-G0-STABLE-DUAL-PROTOTYPE-RESIDUAL", "count": 103}
{"completed": "rx3-19_m7282101_k2_new20__M24-D1-COMPILE-PARITY", "count": 104}
{"completed": "rx3-19_m7282101_k2_new20__M25-B1-G0-BOUNDED-LOCAL-RESIDUAL", "count": 105}
{"completed": "rx3-19_m7282101_k2_new20__M25-B2-G0-SHRINKAGE-RADIUS-RESIDUAL", "count": 106}
{"completed": "rx3-19_m7282101_k2_new20__M25-B3-G0-STABLE-DUAL-PROTOTYPE-RESIDUAL", "count": 107}
{"completed": "rx20-1_m7282105_k10_new5__M25-B3-G0-STABLE-DUAL-PROTOTYPE-RESIDUAL", "count": 108}
{"completed": "rx3-19_m7282101_k5_new20__M24-D1-COMPILE-PARITY", "count": 109}
{"completed": "rx3-19_m7282101_k5_new20__M25-B1-G0-BOUNDED-LOCAL-RESIDUAL", "count": 110}
{"completed": "rx3-19_m7282101_k5_new20__M25-B2-G0-SHRINKAGE-RADIUS-RESIDUAL", "count": 111}
{"completed": "rx3-19_m7282101_k5_new20__M25-B3-G0-STABLE-DUAL-PROTOTYPE-RESIDUAL", "count": 112}
{"completed": "rx3-19_m7282101_k10_new20__M24-D1-COMPILE-PARITY", "count": 113}
{"completed": "rx3-19_m7282101_k10_new20__M25-B1-G0-BOUNDED-LOCAL-RESIDUAL", "count": 114}
{"completed": "rx3-19_m7282101_k10_new20__M25-B2-G0-SHRINKAGE-RADIUS-RESIDUAL", "count": 115}
{"completed": "rx3-19_m7282101_k10_new5__M24-D1-COMPILE-PARITY", "count": 116}
{"completed": "rx3-19_m7282101_k10_new5__M25-B1-G0-BOUNDED-LOCAL-RESIDUAL", "count": 117}
{"completed": "rx3-19_m7282101_k10_new5__M25-B2-G0-SHRINKAGE-RADIUS-RESIDUAL", "count": 118}
{"completed": "rx3-19_m7282101_k10_new20__M25-B3-G0-STABLE-DUAL-PROTOTYPE-RESIDUAL", "count": 119}
{"completed": "rx3-19_m7282102_k1_new20__M24-D1-COMPILE-PARITY", "count": 120}
{"completed": "rx3-19_m7282102_k1_new20__M25-B1-G0-BOUNDED-LOCAL-RESIDUAL", "count": 121}
{"completed": "rx3-19_m7282102_k1_new20__M25-B2-G0-SHRINKAGE-RADIUS-RESIDUAL", "count": 122}
{"completed": "rx3-19_m7282102_k1_new20__M25-B3-G0-STABLE-DUAL-PROTOTYPE-RESIDUAL", "count": 123}
{"completed": "rx3-19_m7282102_k2_new20__M24-D1-COMPILE-PARITY", "count": 124}
{"completed": "rx3-19_m7282102_k2_new20__M25-B1-G0-BOUNDED-LOCAL-RESIDUAL", "count": 125}
{"completed": "rx3-19_m7282102_k2_new20__M25-B2-G0-SHRINKAGE-RADIUS-RESIDUAL", "count": 126}
{"completed": "rx3-19_m7282102_k2_new20__M25-B3-G0-STABLE-DUAL-PROTOTYPE-RESIDUAL", "count": 127}
{"completed": "rx3-19_m7282102_k5_new20__M24-D1-COMPILE-PARITY", "count": 128}
{"completed": "rx3-19_m7282101_k10_new5__M25-B3-G0-STABLE-DUAL-PROTOTYPE-RESIDUAL", "count": 129}
{"completed": "rx3-19_m7282102_k5_new20__M25-B1-G0-BOUNDED-LOCAL-RESIDUAL", "count": 130}
{"completed": "rx3-19_m7282102_k5_new20__M25-B2-G0-SHRINKAGE-RADIUS-RESIDUAL", "count": 131}
{"completed": "rx3-19_m7282102_k5_new20__M25-B3-G0-STABLE-DUAL-PROTOTYPE-RESIDUAL", "count": 132}
{"completed": "rx3-19_m7282102_k10_new20__M24-D1-COMPILE-PARITY", "count": 133}
{"completed": "rx3-19_m7282102_k10_new20__M25-B1-G0-BOUNDED-LOCAL-RESIDUAL", "count": 134}
{"completed": "rx3-19_m7282102_k10_new20__M25-B2-G0-SHRINKAGE-RADIUS-RESIDUAL", "count": 135}
{"completed": "rx3-19_m7282102_k10_new5__M24-D1-COMPILE-PARITY", "count": 136}
{"completed": "rx3-19_m7282102_k10_new5__M25-B1-G0-BOUNDED-LOCAL-RESIDUAL", "count": 137}
{"completed": "rx3-19_m7282102_k10_new20__M25-B3-G0-STABLE-DUAL-PROTOTYPE-RESIDUAL", "count": 138}
{"completed": "rx3-19_m7282102_k10_new5__M25-B2-G0-SHRINKAGE-RADIUS-RESIDUAL", "count": 139}
{"completed": "rx3-19_m7282103_k1_new20__M24-D1-COMPILE-PARITY", "count": 140}
{"completed": "rx3-19_m7282103_k1_new20__M25-B1-G0-BOUNDED-LOCAL-RESIDUAL", "count": 141}
{"completed": "rx3-19_m7282103_k1_new20__M25-B2-G0-SHRINKAGE-RADIUS-RESIDUAL", "count": 142}
{"completed": "rx3-19_m7282103_k1_new20__M25-B3-G0-STABLE-DUAL-PROTOTYPE-RESIDUAL", "count": 143}
{"completed": "rx3-19_m7282103_k2_new20__M24-D1-COMPILE-PARITY", "count": 144}
{"completed": "rx3-19_m7282103_k2_new20__M25-B1-G0-BOUNDED-LOCAL-RESIDUAL", "count": 145}
{"completed": "rx3-19_m7282103_k2_new20__M25-B2-G0-SHRINKAGE-RADIUS-RESIDUAL", "count": 146}
{"completed": "rx3-19_m7282103_k2_new20__M25-B3-G0-STABLE-DUAL-PROTOTYPE-RESIDUAL", "count": 147}
{"completed": "rx3-19_m7282103_k5_new20__M24-D1-COMPILE-PARITY", "count": 148}
{"completed": "rx3-19_m7282102_k10_new5__M25-B3-G0-STABLE-DUAL-PROTOTYPE-RESIDUAL", "count": 149}
{"completed": "rx3-19_m7282103_k5_new20__M25-B2-G0-SHRINKAGE-RADIUS-RESIDUAL", "count": 150}
{"completed": "rx3-19_m7282103_k5_new20__M25-B1-G0-BOUNDED-LOCAL-RESIDUAL", "count": 151}
{"completed": "rx3-19_m7282103_k5_new20__M25-B3-G0-STABLE-DUAL-PROTOTYPE-RESIDUAL", "count": 152}
{"completed": "rx3-19_m7282103_k10_new20__M24-D1-COMPILE-PARITY", "count": 153}
{"completed": "rx3-19_m7282103_k10_new20__M25-B1-G0-BOUNDED-LOCAL-RESIDUAL", "count": 154}
{"completed": "rx3-19_m7282103_k10_new20__M25-B2-G0-SHRINKAGE-RADIUS-RESIDUAL", "count": 155}
{"completed": "rx3-19_m7282103_k10_new5__M24-D1-COMPILE-PARITY", "count": 156}
{"completed": "rx3-19_m7282103_k10_new5__M25-B1-G0-BOUNDED-LOCAL-RESIDUAL", "count": 157}
{"completed": "rx3-19_m7282103_k10_new20__M25-B3-G0-STABLE-DUAL-PROTOTYPE-RESIDUAL", "count": 158}
{"completed": "rx3-19_m7282103_k10_new5__M25-B2-G0-SHRINKAGE-RADIUS-RESIDUAL", "count": 159}
{"completed": "rx3-19_m7282104_k1_new20__M24-D1-COMPILE-PARITY", "count": 160}
{"completed": "rx3-19_m7282104_k1_new20__M25-B1-G0-BOUNDED-LOCAL-RESIDUAL", "count": 161}
{"completed": "rx3-19_m7282104_k1_new20__M25-B2-G0-SHRINKAGE-RADIUS-RESIDUAL", "count": 162}
{"completed": "rx3-19_m7282104_k1_new20__M25-B3-G0-STABLE-DUAL-PROTOTYPE-RESIDUAL", "count": 163}
{"completed": "rx3-19_m7282104_k2_new20__M24-D1-COMPILE-PARITY", "count": 164}
{"completed": "rx3-19_m7282104_k2_new20__M25-B1-G0-BOUNDED-LOCAL-RESIDUAL", "count": 165}
{"completed": "rx3-19_m7282104_k2_new20__M25-B2-G0-SHRINKAGE-RADIUS-RESIDUAL", "count": 166}
{"completed": "rx3-19_m7282104_k2_new20__M25-B3-G0-STABLE-DUAL-PROTOTYPE-RESIDUAL", "count": 167}
{"completed": "rx3-19_m7282103_k10_new5__M25-B3-G0-STABLE-DUAL-PROTOTYPE-RESIDUAL", "count": 168}
{"completed": "rx3-19_m7282104_k5_new20__M24-D1-COMPILE-PARITY", "count": 169}
{"completed": "rx3-19_m7282104_k5_new20__M25-B1-G0-BOUNDED-LOCAL-RESIDUAL", "count": 170}
{"completed": "rx3-19_m7282104_k5_new20__M25-B2-G0-SHRINKAGE-RADIUS-RESIDUAL", "count": 171}
{"completed": "rx3-19_m7282104_k5_new20__M25-B3-G0-STABLE-DUAL-PROTOTYPE-RESIDUAL", "count": 172}
{"completed": "rx3-19_m7282104_k10_new20__M24-D1-COMPILE-PARITY", "count": 173}
{"completed": "rx3-19_m7282104_k10_new20__M25-B1-G0-BOUNDED-LOCAL-RESIDUAL", "count": 174}
{"completed": "rx3-19_m7282104_k10_new20__M25-B2-G0-SHRINKAGE-RADIUS-RESIDUAL", "count": 175}
{"completed": "rx3-19_m7282104_k10_new5__M24-D1-COMPILE-PARITY", "count": 176}
{"completed": "rx3-19_m7282104_k10_new5__M25-B1-G0-BOUNDED-LOCAL-RESIDUAL", "count": 177}
{"completed": "rx3-19_m7282104_k10_new20__M25-B3-G0-STABLE-DUAL-PROTOTYPE-RESIDUAL", "count": 178}
{"completed": "rx3-19_m7282104_k10_new5__M25-B2-G0-SHRINKAGE-RADIUS-RESIDUAL", "count": 179}
{"completed": "rx3-19_m7282105_k1_new20__M24-D1-COMPILE-PARITY", "count": 180}
{"completed": "rx3-19_m7282105_k1_new20__M25-B1-G0-BOUNDED-LOCAL-RESIDUAL", "count": 181}
{"completed": "rx3-19_m7282105_k1_new20__M25-B2-G0-SHRINKAGE-RADIUS-RESIDUAL", "count": 182}
{"completed": "rx3-19_m7282105_k1_new20__M25-B3-G0-STABLE-DUAL-PROTOTYPE-RESIDUAL", "count": 183}
{"completed": "rx3-19_m7282105_k2_new20__M24-D1-COMPILE-PARITY", "count": 184}
{"completed": "rx3-19_m7282105_k2_new20__M25-B1-G0-BOUNDED-LOCAL-RESIDUAL", "count": 185}
{"completed": "rx3-19_m7282105_k2_new20__M25-B2-G0-SHRINKAGE-RADIUS-RESIDUAL", "count": 186}
{"completed": "rx3-19_m7282105_k2_new20__M25-B3-G0-STABLE-DUAL-PROTOTYPE-RESIDUAL", "count": 187}
{"completed": "rx3-19_m7282105_k5_new20__M24-D1-COMPILE-PARITY", "count": 188}
{"completed": "rx3-19_m7282104_k10_new5__M25-B3-G0-STABLE-DUAL-PROTOTYPE-RESIDUAL", "count": 189}
{"completed": "rx3-19_m7282105_k5_new20__M25-B2-G0-SHRINKAGE-RADIUS-RESIDUAL", "count": 190}
{"completed": "rx3-19_m7282105_k5_new20__M25-B1-G0-BOUNDED-LOCAL-RESIDUAL", "count": 191}
{"completed": "rx3-19_m7282105_k5_new20__M25-B3-G0-STABLE-DUAL-PROTOTYPE-RESIDUAL", "count": 192}
{"completed": "rx3-19_m7282105_k10_new20__M24-D1-COMPILE-PARITY", "count": 193}
{"completed": "rx3-19_m7282105_k10_new20__M25-B1-G0-BOUNDED-LOCAL-RESIDUAL", "count": 194}
{"completed": "rx3-19_m7282105_k10_new20__M25-B2-G0-SHRINKAGE-RADIUS-RESIDUAL", "count": 195}
{"completed": "rx3-19_m7282105_k10_new5__M24-D1-COMPILE-PARITY", "count": 196}
{"completed": "rx3-19_m7282105_k10_new5__M25-B1-G0-BOUNDED-LOCAL-RESIDUAL", "count": 197}
{"completed": "rx3-19_m7282105_k10_new20__M25-B3-G0-STABLE-DUAL-PROTOTYPE-RESIDUAL", "count": 198}
{"completed": "rx3-19_m7282105_k10_new5__M25-B2-G0-SHRINKAGE-RADIUS-RESIDUAL", "count": 199}
{"completed": "rx7-14_m7282101_k1_new20__M24-D1-COMPILE-PARITY", "count": 200}
{"completed": "rx7-14_m7282101_k1_new20__M25-B1-G0-BOUNDED-LOCAL-RESIDUAL", "count": 201}
{"completed": "rx7-14_m7282101_k1_new20__M25-B2-G0-SHRINKAGE-RADIUS-RESIDUAL", "count": 202}
{"completed": "rx7-14_m7282101_k1_new20__M25-B3-G0-STABLE-DUAL-PROTOTYPE-RESIDUAL", "count": 203}
{"completed": "rx7-14_m7282101_k2_new20__M24-D1-COMPILE-PARITY", "count": 204}
{"completed": "rx7-14_m7282101_k2_new20__M25-B1-G0-BOUNDED-LOCAL-RESIDUAL", "count": 205}
{"completed": "rx7-14_m7282101_k2_new20__M25-B2-G0-SHRINKAGE-RADIUS-RESIDUAL", "count": 206}
{"completed": "rx7-14_m7282101_k2_new20__M25-B3-G0-STABLE-DUAL-PROTOTYPE-RESIDUAL", "count": 207}
{"completed": "rx7-14_m7282101_k5_new20__M24-D1-COMPILE-PARITY", "count": 208}
{"completed": "rx3-19_m7282105_k10_new5__M25-B3-G0-STABLE-DUAL-PROTOTYPE-RESIDUAL", "count": 209}
{"completed": "rx7-14_m7282101_k5_new20__M25-B1-G0-BOUNDED-LOCAL-RESIDUAL", "count": 210}
{"completed": "rx7-14_m7282101_k5_new20__M25-B2-G0-SHRINKAGE-RADIUS-RESIDUAL", "count": 211}
{"completed": "rx7-14_m7282101_k5_new20__M25-B3-G0-STABLE-DUAL-PROTOTYPE-RESIDUAL", "count": 212}
{"completed": "rx7-14_m7282101_k10_new20__M24-D1-COMPILE-PARITY", "count": 213}
{"completed": "rx7-14_m7282101_k10_new20__M25-B1-G0-BOUNDED-LOCAL-RESIDUAL", "count": 214}
{"completed": "rx7-14_m7282101_k10_new20__M25-B2-G0-SHRINKAGE-RADIUS-RESIDUAL", "count": 215}
{"completed": "rx7-14_m7282101_k10_new5__M24-D1-COMPILE-PARITY", "count": 216}
{"completed": "rx7-14_m7282101_k10_new5__M25-B1-G0-BOUNDED-LOCAL-RESIDUAL", "count": 217}
{"completed": "rx7-14_m7282101_k10_new5__M25-B2-G0-SHRINKAGE-RADIUS-RESIDUAL", "count": 218}
{"completed": "rx7-14_m7282101_k10_new20__M25-B3-G0-STABLE-DUAL-PROTOTYPE-RESIDUAL", "count": 219}
{"completed": "rx7-14_m7282102_k1_new20__M24-D1-COMPILE-PARITY", "count": 220}
{"completed": "rx7-14_m7282102_k1_new20__M25-B1-G0-BOUNDED-LOCAL-RESIDUAL", "count": 221}
{"completed": "rx7-14_m7282102_k1_new20__M25-B2-G0-SHRINKAGE-RADIUS-RESIDUAL", "count": 222}
{"completed": "rx7-14_m7282102_k1_new20__M25-B3-G0-STABLE-DUAL-PROTOTYPE-RESIDUAL", "count": 223}
{"completed": "rx7-14_m7282102_k2_new20__M24-D1-COMPILE-PARITY", "count": 224}
{"completed": "rx7-14_m7282102_k2_new20__M25-B1-G0-BOUNDED-LOCAL-RESIDUAL", "count": 225}
{"completed": "rx7-14_m7282102_k2_new20__M25-B2-G0-SHRINKAGE-RADIUS-RESIDUAL", "count": 226}
{"completed": "rx7-14_m7282102_k2_new20__M25-B3-G0-STABLE-DUAL-PROTOTYPE-RESIDUAL", "count": 227}
{"completed": "rx7-14_m7282101_k10_new5__M25-B3-G0-STABLE-DUAL-PROTOTYPE-RESIDUAL", "count": 228}
{"completed": "rx7-14_m7282102_k5_new20__M24-D1-COMPILE-PARITY", "count": 229}
{"completed": "rx7-14_m7282102_k5_new20__M25-B1-G0-BOUNDED-LOCAL-RESIDUAL", "count": 230}
{"completed": "rx7-14_m7282102_k5_new20__M25-B2-G0-SHRINKAGE-RADIUS-RESIDUAL", "count": 231}
{"completed": "rx7-14_m7282102_k5_new20__M25-B3-G0-STABLE-DUAL-PROTOTYPE-RESIDUAL", "count": 232}
{"completed": "rx7-14_m7282102_k10_new20__M24-D1-COMPILE-PARITY", "count": 233}
{"completed": "rx7-14_m7282102_k10_new20__M25-B1-G0-BOUNDED-LOCAL-RESIDUAL", "count": 234}
{"completed": "rx7-14_m7282102_k10_new20__M25-B2-G0-SHRINKAGE-RADIUS-RESIDUAL", "count": 235}
{"completed": "rx7-14_m7282102_k10_new5__M24-D1-COMPILE-PARITY", "count": 236}
{"completed": "rx7-14_m7282102_k10_new5__M25-B1-G0-BOUNDED-LOCAL-RESIDUAL", "count": 237}
{"completed": "rx7-14_m7282102_k10_new20__M25-B3-G0-STABLE-DUAL-PROTOTYPE-RESIDUAL", "count": 238}
{"completed": "rx7-14_m7282102_k10_new5__M25-B2-G0-SHRINKAGE-RADIUS-RESIDUAL", "count": 239}
{"completed": "rx7-14_m7282103_k1_new20__M24-D1-COMPILE-PARITY", "count": 240}
{"completed": "rx7-14_m7282103_k1_new20__M25-B1-G0-BOUNDED-LOCAL-RESIDUAL", "count": 241}
{"completed": "rx7-14_m7282103_k1_new20__M25-B2-G0-SHRINKAGE-RADIUS-RESIDUAL", "count": 242}
{"completed": "rx7-14_m7282103_k1_new20__M25-B3-G0-STABLE-DUAL-PROTOTYPE-RESIDUAL", "count": 243}
{"completed": "rx7-14_m7282103_k2_new20__M24-D1-COMPILE-PARITY", "count": 244}
{"completed": "rx7-14_m7282103_k2_new20__M25-B1-G0-BOUNDED-LOCAL-RESIDUAL", "count": 245}
{"completed": "rx7-14_m7282103_k2_new20__M25-B2-G0-SHRINKAGE-RADIUS-RESIDUAL", "count": 246}
{"completed": "rx7-14_m7282103_k2_new20__M25-B3-G0-STABLE-DUAL-PROTOTYPE-RESIDUAL", "count": 247}
{"completed": "rx7-14_m7282103_k5_new20__M24-D1-COMPILE-PARITY", "count": 248}
{"completed": "rx7-14_m7282102_k10_new5__M25-B3-G0-STABLE-DUAL-PROTOTYPE-RESIDUAL", "count": 249}
{"completed": "rx7-14_m7282103_k5_new20__M25-B1-G0-BOUNDED-LOCAL-RESIDUAL", "count": 250}
{"completed": "rx7-14_m7282103_k5_new20__M25-B2-G0-SHRINKAGE-RADIUS-RESIDUAL", "count": 251}
{"completed": "rx7-14_m7282103_k5_new20__M25-B3-G0-STABLE-DUAL-PROTOTYPE-RESIDUAL", "count": 252}
{"completed": "rx7-14_m7282103_k10_new20__M24-D1-COMPILE-PARITY", "count": 253}
{"completed": "rx7-14_m7282103_k10_new20__M25-B1-G0-BOUNDED-LOCAL-RESIDUAL", "count": 254}
{"completed": "rx7-14_m7282103_k10_new20__M25-B2-G0-SHRINKAGE-RADIUS-RESIDUAL", "count": 255}
{"completed": "rx7-14_m7282103_k10_new5__M24-D1-COMPILE-PARITY", "count": 256}
{"completed": "rx7-14_m7282103_k10_new5__M25-B1-G0-BOUNDED-LOCAL-RESIDUAL", "count": 257}
{"completed": "rx7-14_m7282103_k10_new20__M25-B3-G0-STABLE-DUAL-PROTOTYPE-RESIDUAL", "count": 258}
{"completed": "rx7-14_m7282103_k10_new5__M25-B2-G0-SHRINKAGE-RADIUS-RESIDUAL", "count": 259}
{"completed": "rx7-14_m7282104_k1_new20__M24-D1-COMPILE-PARITY", "count": 260}
{"completed": "rx7-14_m7282104_k1_new20__M25-B1-G0-BOUNDED-LOCAL-RESIDUAL", "count": 261}
{"completed": "rx7-14_m7282104_k1_new20__M25-B2-G0-SHRINKAGE-RADIUS-RESIDUAL", "count": 262}
{"completed": "rx7-14_m7282104_k1_new20__M25-B3-G0-STABLE-DUAL-PROTOTYPE-RESIDUAL", "count": 263}
{"completed": "rx7-14_m7282104_k2_new20__M24-D1-COMPILE-PARITY", "count": 264}
{"completed": "rx7-14_m7282104_k2_new20__M25-B1-G0-BOUNDED-LOCAL-RESIDUAL", "count": 265}
{"completed": "rx7-14_m7282104_k2_new20__M25-B2-G0-SHRINKAGE-RADIUS-RESIDUAL", "count": 266}
{"completed": "rx7-14_m7282104_k2_new20__M25-B3-G0-STABLE-DUAL-PROTOTYPE-RESIDUAL", "count": 267}
{"completed": "rx7-14_m7282104_k5_new20__M24-D1-COMPILE-PARITY", "count": 268}
{"completed": "rx7-14_m7282103_k10_new5__M25-B3-G0-STABLE-DUAL-PROTOTYPE-RESIDUAL", "count": 269}
{"completed": "rx7-14_m7282104_k5_new20__M25-B1-G0-BOUNDED-LOCAL-RESIDUAL", "count": 270}
{"completed": "rx7-14_m7282104_k5_new20__M25-B2-G0-SHRINKAGE-RADIUS-RESIDUAL", "count": 271}
{"completed": "rx7-14_m7282104_k5_new20__M25-B3-G0-STABLE-DUAL-PROTOTYPE-RESIDUAL", "count": 272}
{"completed": "rx7-14_m7282104_k10_new20__M24-D1-COMPILE-PARITY", "count": 273}
{"completed": "rx7-14_m7282104_k10_new20__M25-B1-G0-BOUNDED-LOCAL-RESIDUAL", "count": 274}
{"completed": "rx7-14_m7282104_k10_new20__M25-B2-G0-SHRINKAGE-RADIUS-RESIDUAL", "count": 275}
{"completed": "rx7-14_m7282104_k10_new5__M24-D1-COMPILE-PARITY", "count": 276}
{"completed": "rx7-14_m7282104_k10_new5__M25-B1-G0-BOUNDED-LOCAL-RESIDUAL", "count": 277}
{"completed": "rx7-14_m7282104_k10_new5__M25-B2-G0-SHRINKAGE-RADIUS-RESIDUAL", "count": 278}
{"completed": "rx7-14_m7282104_k10_new20__M25-B3-G0-STABLE-DUAL-PROTOTYPE-RESIDUAL", "count": 279}
{"completed": "rx7-14_m7282105_k1_new20__M24-D1-COMPILE-PARITY", "count": 280}
{"completed": "rx7-14_m7282105_k1_new20__M25-B1-G0-BOUNDED-LOCAL-RESIDUAL", "count": 281}
{"completed": "rx7-14_m7282105_k1_new20__M25-B2-G0-SHRINKAGE-RADIUS-RESIDUAL", "count": 282}
{"completed": "rx7-14_m7282105_k1_new20__M25-B3-G0-STABLE-DUAL-PROTOTYPE-RESIDUAL", "count": 283}
{"completed": "rx7-14_m7282105_k2_new20__M24-D1-COMPILE-PARITY", "count": 284}
{"completed": "rx7-14_m7282105_k2_new20__M25-B1-G0-BOUNDED-LOCAL-RESIDUAL", "count": 285}
{"completed": "rx7-14_m7282105_k2_new20__M25-B2-G0-SHRINKAGE-RADIUS-RESIDUAL", "count": 286}
{"completed": "rx7-14_m7282105_k2_new20__M25-B3-G0-STABLE-DUAL-PROTOTYPE-RESIDUAL", "count": 287}
{"completed": "rx7-14_m7282105_k5_new20__M24-D1-COMPILE-PARITY", "count": 288}
{"completed": "rx7-14_m7282104_k10_new5__M25-B3-G0-STABLE-DUAL-PROTOTYPE-RESIDUAL", "count": 289}
{"completed": "rx7-14_m7282105_k5_new20__M25-B1-G0-BOUNDED-LOCAL-RESIDUAL", "count": 290}
{"completed": "rx7-14_m7282105_k5_new20__M25-B2-G0-SHRINKAGE-RADIUS-RESIDUAL", "count": 291}
{"completed": "rx7-14_m7282105_k5_new20__M25-B3-G0-STABLE-DUAL-PROTOTYPE-RESIDUAL", "count": 292}
{"completed": "rx7-14_m7282105_k10_new20__M24-D1-COMPILE-PARITY", "count": 293}
{"completed": "rx7-14_m7282105_k10_new20__M25-B1-G0-BOUNDED-LOCAL-RESIDUAL", "count": 294}
{"completed": "rx7-14_m7282105_k10_new20__M25-B2-G0-SHRINKAGE-RADIUS-RESIDUAL", "count": 295}
{"completed": "rx7-14_m7282105_k10_new5__M24-D1-COMPILE-PARITY", "count": 296}
{"completed": "rx7-14_m7282105_k10_new5__M25-B1-G0-BOUNDED-LOCAL-RESIDUAL", "count": 297}
{"completed": "rx7-14_m7282105_k10_new5__M25-B2-G0-SHRINKAGE-RADIUS-RESIDUAL", "count": 298}
{"completed": "rx7-14_m7282105_k10_new20__M25-B3-G0-STABLE-DUAL-PROTOTYPE-RESIDUAL", "count": 299}
{"completed": "rx7-7_m7282101_k1_new20__M24-D1-COMPILE-PARITY", "count": 300}
{"completed": "rx7-7_m7282101_k1_new20__M25-B1-G0-BOUNDED-LOCAL-RESIDUAL", "count": 301}
{"completed": "rx7-7_m7282101_k1_new20__M25-B2-G0-SHRINKAGE-RADIUS-RESIDUAL", "count": 302}
{"completed": "rx7-7_m7282101_k1_new20__M25-B3-G0-STABLE-DUAL-PROTOTYPE-RESIDUAL", "count": 303}
{"completed": "rx7-7_m7282101_k2_new20__M24-D1-COMPILE-PARITY", "count": 304}
{"completed": "rx7-7_m7282101_k2_new20__M25-B1-G0-BOUNDED-LOCAL-RESIDUAL", "count": 305}
{"completed": "rx7-7_m7282101_k2_new20__M25-B2-G0-SHRINKAGE-RADIUS-RESIDUAL", "count": 306}
{"completed": "rx7-7_m7282101_k2_new20__M25-B3-G0-STABLE-DUAL-PROTOTYPE-RESIDUAL", "count": 307}
{"completed": "rx7-7_m7282101_k5_new20__M24-D1-COMPILE-PARITY", "count": 308}
{"completed": "rx7-14_m7282105_k10_new5__M25-B3-G0-STABLE-DUAL-PROTOTYPE-RESIDUAL", "count": 309}
{"completed": "rx7-7_m7282101_k5_new20__M25-B1-G0-BOUNDED-LOCAL-RESIDUAL", "count": 310}
{"completed": "rx7-7_m7282101_k5_new20__M25-B2-G0-SHRINKAGE-RADIUS-RESIDUAL", "count": 311}
{"completed": "rx7-7_m7282101_k5_new20__M25-B3-G0-STABLE-DUAL-PROTOTYPE-RESIDUAL", "count": 312}
{"completed": "rx7-7_m7282101_k10_new20__M24-D1-COMPILE-PARITY", "count": 313}
{"completed": "rx7-7_m7282101_k10_new20__M25-B1-G0-BOUNDED-LOCAL-RESIDUAL", "count": 314}
{"completed": "rx7-7_m7282101_k10_new20__M25-B2-G0-SHRINKAGE-RADIUS-RESIDUAL", "count": 315}
{"completed": "rx7-7_m7282101_k10_new5__M24-D1-COMPILE-PARITY", "count": 316}
{"completed": "rx7-7_m7282101_k10_new5__M25-B1-G0-BOUNDED-LOCAL-RESIDUAL", "count": 317}
{"completed": "rx7-7_m7282101_k10_new20__M25-B3-G0-STABLE-DUAL-PROTOTYPE-RESIDUAL", "count": 318}
{"completed": "rx7-7_m7282101_k10_new5__M25-B2-G0-SHRINKAGE-RADIUS-RESIDUAL", "count": 319}
{"completed": "rx7-7_m7282102_k1_new20__M24-D1-COMPILE-PARITY", "count": 320}
{"completed": "rx7-7_m7282102_k1_new20__M25-B1-G0-BOUNDED-LOCAL-RESIDUAL", "count": 321}
{"completed": "rx7-7_m7282102_k1_new20__M25-B2-G0-SHRINKAGE-RADIUS-RESIDUAL", "count": 322}
{"completed": "rx7-7_m7282102_k1_new20__M25-B3-G0-STABLE-DUAL-PROTOTYPE-RESIDUAL", "count": 323}
{"completed": "rx7-7_m7282102_k2_new20__M24-D1-COMPILE-PARITY", "count": 324}
{"completed": "rx7-7_m7282102_k2_new20__M25-B1-G0-BOUNDED-LOCAL-RESIDUAL", "count": 325}
{"completed": "rx7-7_m7282102_k2_new20__M25-B2-G0-SHRINKAGE-RADIUS-RESIDUAL", "count": 326}
{"completed": "rx7-7_m7282102_k2_new20__M25-B3-G0-STABLE-DUAL-PROTOTYPE-RESIDUAL", "count": 327}
{"completed": "rx7-7_m7282102_k5_new20__M24-D1-COMPILE-PARITY", "count": 328}
{"completed": "rx7-7_m7282101_k10_new5__M25-B3-G0-STABLE-DUAL-PROTOTYPE-RESIDUAL", "count": 329}
{"completed": "rx7-7_m7282102_k5_new20__M25-B1-G0-BOUNDED-LOCAL-RESIDUAL", "count": 330}
{"completed": "rx7-7_m7282102_k5_new20__M25-B2-G0-SHRINKAGE-RADIUS-RESIDUAL", "count": 331}
{"completed": "rx7-7_m7282102_k5_new20__M25-B3-G0-STABLE-DUAL-PROTOTYPE-RESIDUAL", "count": 332}
{"completed": "rx7-7_m7282102_k10_new20__M24-D1-COMPILE-PARITY", "count": 333}
{"completed": "rx7-7_m7282102_k10_new20__M25-B1-G0-BOUNDED-LOCAL-RESIDUAL", "count": 334}
{"completed": "rx7-7_m7282102_k10_new20__M25-B2-G0-SHRINKAGE-RADIUS-RESIDUAL", "count": 335}
{"completed": "rx7-7_m7282102_k10_new5__M24-D1-COMPILE-PARITY", "count": 336}
{"completed": "rx7-7_m7282102_k10_new5__M25-B1-G0-BOUNDED-LOCAL-RESIDUAL", "count": 337}
{"completed": "rx7-7_m7282102_k10_new5__M25-B2-G0-SHRINKAGE-RADIUS-RESIDUAL", "count": 338}
{"completed": "rx7-7_m7282102_k10_new20__M25-B3-G0-STABLE-DUAL-PROTOTYPE-RESIDUAL", "count": 339}
{"completed": "rx7-7_m7282103_k1_new20__M24-D1-COMPILE-PARITY", "count": 340}
{"completed": "rx7-7_m7282103_k1_new20__M25-B1-G0-BOUNDED-LOCAL-RESIDUAL", "count": 341}
{"completed": "rx7-7_m7282103_k1_new20__M25-B2-G0-SHRINKAGE-RADIUS-RESIDUAL", "count": 342}
{"completed": "rx7-7_m7282103_k1_new20__M25-B3-G0-STABLE-DUAL-PROTOTYPE-RESIDUAL", "count": 343}
{"completed": "rx7-7_m7282103_k2_new20__M24-D1-COMPILE-PARITY", "count": 344}
{"completed": "rx7-7_m7282103_k2_new20__M25-B1-G0-BOUNDED-LOCAL-RESIDUAL", "count": 345}
{"completed": "rx7-7_m7282103_k2_new20__M25-B2-G0-SHRINKAGE-RADIUS-RESIDUAL", "count": 346}
{"completed": "rx7-7_m7282103_k2_new20__M25-B3-G0-STABLE-DUAL-PROTOTYPE-RESIDUAL", "count": 347}
{"completed": "rx7-7_m7282103_k5_new20__M24-D1-COMPILE-PARITY", "count": 348}
{"completed": "rx7-7_m7282102_k10_new5__M25-B3-G0-STABLE-DUAL-PROTOTYPE-RESIDUAL", "count": 349}
{"completed": "rx7-7_m7282103_k5_new20__M25-B1-G0-BOUNDED-LOCAL-RESIDUAL", "count": 350}
{"completed": "rx7-7_m7282103_k5_new20__M25-B2-G0-SHRINKAGE-RADIUS-RESIDUAL", "count": 351}
{"completed": "rx7-7_m7282103_k5_new20__M25-B3-G0-STABLE-DUAL-PROTOTYPE-RESIDUAL", "count": 352}
{"completed": "rx7-7_m7282103_k10_new20__M24-D1-COMPILE-PARITY", "count": 353}
{"completed": "rx7-7_m7282103_k10_new20__M25-B1-G0-BOUNDED-LOCAL-RESIDUAL", "count": 354}
{"completed": "rx7-7_m7282103_k10_new20__M25-B2-G0-SHRINKAGE-RADIUS-RESIDUAL", "count": 355}
{"completed": "rx7-7_m7282103_k10_new5__M24-D1-COMPILE-PARITY", "count": 356}
{"completed": "rx7-7_m7282103_k10_new5__M25-B1-G0-BOUNDED-LOCAL-RESIDUAL", "count": 357}
{"completed": "rx7-7_m7282103_k10_new5__M25-B2-G0-SHRINKAGE-RADIUS-RESIDUAL", "count": 358}
{"completed": "rx7-7_m7282103_k10_new20__M25-B3-G0-STABLE-DUAL-PROTOTYPE-RESIDUAL", "count": 359}
{"completed": "rx7-7_m7282104_k1_new20__M24-D1-COMPILE-PARITY", "count": 360}
{"completed": "rx7-7_m7282104_k1_new20__M25-B1-G0-BOUNDED-LOCAL-RESIDUAL", "count": 361}
{"completed": "rx7-7_m7282104_k1_new20__M25-B2-G0-SHRINKAGE-RADIUS-RESIDUAL", "count": 362}
{"completed": "rx7-7_m7282104_k1_new20__M25-B3-G0-STABLE-DUAL-PROTOTYPE-RESIDUAL", "count": 363}
{"completed": "rx7-7_m7282104_k2_new20__M24-D1-COMPILE-PARITY", "count": 364}
{"completed": "rx7-7_m7282104_k2_new20__M25-B1-G0-BOUNDED-LOCAL-RESIDUAL", "count": 365}
{"completed": "rx7-7_m7282104_k2_new20__M25-B2-G0-SHRINKAGE-RADIUS-RESIDUAL", "count": 366}
{"completed": "rx7-7_m7282104_k2_new20__M25-B3-G0-STABLE-DUAL-PROTOTYPE-RESIDUAL", "count": 367}
{"completed": "rx7-7_m7282104_k5_new20__M24-D1-COMPILE-PARITY", "count": 368}
{"completed": "rx7-7_m7282103_k10_new5__M25-B3-G0-STABLE-DUAL-PROTOTYPE-RESIDUAL", "count": 369}
{"completed": "rx7-7_m7282104_k5_new20__M25-B1-G0-BOUNDED-LOCAL-RESIDUAL", "count": 370}
{"completed": "rx7-7_m7282104_k5_new20__M25-B2-G0-SHRINKAGE-RADIUS-RESIDUAL", "count": 371}
{"completed": "rx7-7_m7282104_k5_new20__M25-B3-G0-STABLE-DUAL-PROTOTYPE-RESIDUAL", "count": 372}
{"completed": "rx7-7_m7282104_k10_new20__M24-D1-COMPILE-PARITY", "count": 373}
{"completed": "rx7-7_m7282104_k10_new20__M25-B1-G0-BOUNDED-LOCAL-RESIDUAL", "count": 374}
{"completed": "rx7-7_m7282104_k10_new20__M25-B2-G0-SHRINKAGE-RADIUS-RESIDUAL", "count": 375}
{"completed": "rx7-7_m7282104_k10_new5__M24-D1-COMPILE-PARITY", "count": 376}
{"completed": "rx7-7_m7282104_k10_new5__M25-B1-G0-BOUNDED-LOCAL-RESIDUAL", "count": 377}
{"completed": "rx7-7_m7282104_k10_new5__M25-B2-G0-SHRINKAGE-RADIUS-RESIDUAL", "count": 378}
{"completed": "rx7-7_m7282104_k10_new20__M25-B3-G0-STABLE-DUAL-PROTOTYPE-RESIDUAL", "count": 379}
{"completed": "rx7-7_m7282105_k1_new20__M24-D1-COMPILE-PARITY", "count": 380}
{"completed": "rx7-7_m7282105_k1_new20__M25-B1-G0-BOUNDED-LOCAL-RESIDUAL", "count": 381}
{"completed": "rx7-7_m7282105_k1_new20__M25-B2-G0-SHRINKAGE-RADIUS-RESIDUAL", "count": 382}
{"completed": "rx7-7_m7282105_k1_new20__M25-B3-G0-STABLE-DUAL-PROTOTYPE-RESIDUAL", "count": 383}
{"completed": "rx7-7_m7282105_k2_new20__M24-D1-COMPILE-PARITY", "count": 384}
{"completed": "rx7-7_m7282105_k2_new20__M25-B1-G0-BOUNDED-LOCAL-RESIDUAL", "count": 385}
{"completed": "rx7-7_m7282105_k2_new20__M25-B2-G0-SHRINKAGE-RADIUS-RESIDUAL", "count": 386}
{"completed": "rx7-7_m7282105_k2_new20__M25-B3-G0-STABLE-DUAL-PROTOTYPE-RESIDUAL", "count": 387}
{"completed": "rx7-7_m7282105_k5_new20__M24-D1-COMPILE-PARITY", "count": 388}
{"completed": "rx7-7_m7282104_k10_new5__M25-B3-G0-STABLE-DUAL-PROTOTYPE-RESIDUAL", "count": 389}
{"completed": "rx7-7_m7282105_k5_new20__M25-B1-G0-BOUNDED-LOCAL-RESIDUAL", "count": 390}
{"completed": "rx7-7_m7282105_k5_new20__M25-B2-G0-SHRINKAGE-RADIUS-RESIDUAL", "count": 391}
{"completed": "rx7-7_m7282105_k5_new20__M25-B3-G0-STABLE-DUAL-PROTOTYPE-RESIDUAL", "count": 392}
{"completed": "rx7-7_m7282105_k10_new20__M24-D1-COMPILE-PARITY", "count": 393}
{"completed": "rx7-7_m7282105_k10_new20__M25-B2-G0-SHRINKAGE-RADIUS-RESIDUAL", "count": 394}
{"completed": "rx7-7_m7282105_k10_new20__M25-B1-G0-BOUNDED-LOCAL-RESIDUAL", "count": 395}
{"completed": "rx7-7_m7282105_k10_new5__M24-D1-COMPILE-PARITY", "count": 396}
{"completed": "rx7-7_m7282105_k10_new5__M25-B1-G0-BOUNDED-LOCAL-RESIDUAL", "count": 397}
{"completed": "rx7-7_m7282105_k10_new5__M25-B2-G0-SHRINKAGE-RADIUS-RESIDUAL", "count": 398}
{"completed": "rx7-7_m7282105_k10_new20__M25-B3-G0-STABLE-DUAL-PROTOTYPE-RESIDUAL", "count": 399}
{"completed": "rx8-8_m7282101_k1_new20__M24-D1-COMPILE-PARITY", "count": 400}
{"completed": "rx8-8_m7282101_k1_new20__M25-B1-G0-BOUNDED-LOCAL-RESIDUAL", "count": 401}
{"completed": "rx8-8_m7282101_k1_new20__M25-B2-G0-SHRINKAGE-RADIUS-RESIDUAL", "count": 402}
{"completed": "rx8-8_m7282101_k1_new20__M25-B3-G0-STABLE-DUAL-PROTOTYPE-RESIDUAL", "count": 403}
{"completed": "rx8-8_m7282101_k2_new20__M24-D1-COMPILE-PARITY", "count": 404}
{"completed": "rx8-8_m7282101_k2_new20__M25-B1-G0-BOUNDED-LOCAL-RESIDUAL", "count": 405}
{"completed": "rx8-8_m7282101_k2_new20__M25-B2-G0-SHRINKAGE-RADIUS-RESIDUAL", "count": 406}
{"completed": "rx8-8_m7282101_k2_new20__M25-B3-G0-STABLE-DUAL-PROTOTYPE-RESIDUAL", "count": 407}
{"completed": "rx8-8_m7282101_k5_new20__M24-D1-COMPILE-PARITY", "count": 408}
{"completed": "rx7-7_m7282105_k10_new5__M25-B3-G0-STABLE-DUAL-PROTOTYPE-RESIDUAL", "count": 409}
{"completed": "rx8-8_m7282101_k5_new20__M25-B1-G0-BOUNDED-LOCAL-RESIDUAL", "count": 410}
{"completed": "rx8-8_m7282101_k5_new20__M25-B2-G0-SHRINKAGE-RADIUS-RESIDUAL", "count": 411}
{"completed": "rx8-8_m7282101_k5_new20__M25-B3-G0-STABLE-DUAL-PROTOTYPE-RESIDUAL", "count": 412}
{"completed": "rx8-8_m7282101_k10_new20__M24-D1-COMPILE-PARITY", "count": 413}
{"completed": "rx8-8_m7282101_k10_new20__M25-B1-G0-BOUNDED-LOCAL-RESIDUAL", "count": 414}
{"completed": "rx8-8_m7282101_k10_new20__M25-B2-G0-SHRINKAGE-RADIUS-RESIDUAL", "count": 415}
{"completed": "rx8-8_m7282101_k10_new5__M24-D1-COMPILE-PARITY", "count": 416}
{"completed": "rx8-8_m7282101_k10_new5__M25-B1-G0-BOUNDED-LOCAL-RESIDUAL", "count": 417}
{"completed": "rx8-8_m7282101_k10_new5__M25-B2-G0-SHRINKAGE-RADIUS-RESIDUAL", "count": 418}
{"completed": "rx8-8_m7282101_k10_new20__M25-B3-G0-STABLE-DUAL-PROTOTYPE-RESIDUAL", "count": 419}
{"completed": "rx8-8_m7282102_k1_new20__M24-D1-COMPILE-PARITY", "count": 420}
{"completed": "rx8-8_m7282102_k1_new20__M25-B1-G0-BOUNDED-LOCAL-RESIDUAL", "count": 421}
{"completed": "rx8-8_m7282102_k1_new20__M25-B2-G0-SHRINKAGE-RADIUS-RESIDUAL", "count": 422}
{"completed": "rx8-8_m7282102_k1_new20__M25-B3-G0-STABLE-DUAL-PROTOTYPE-RESIDUAL", "count": 423}
{"completed": "rx8-8_m7282102_k2_new20__M24-D1-COMPILE-PARITY", "count": 424}
{"completed": "rx8-8_m7282102_k2_new20__M25-B1-G0-BOUNDED-LOCAL-RESIDUAL", "count": 425}
{"completed": "rx8-8_m7282102_k2_new20__M25-B2-G0-SHRINKAGE-RADIUS-RESIDUAL", "count": 426}
{"completed": "rx8-8_m7282102_k2_new20__M25-B3-G0-STABLE-DUAL-PROTOTYPE-RESIDUAL", "count": 427}
{"completed": "rx8-8_m7282102_k5_new20__M24-D1-COMPILE-PARITY", "count": 428}
{"completed": "rx8-8_m7282101_k10_new5__M25-B3-G0-STABLE-DUAL-PROTOTYPE-RESIDUAL", "count": 429}
{"completed": "rx8-8_m7282102_k5_new20__M25-B1-G0-BOUNDED-LOCAL-RESIDUAL", "count": 430}
{"completed": "rx8-8_m7282102_k5_new20__M25-B2-G0-SHRINKAGE-RADIUS-RESIDUAL", "count": 431}
{"completed": "rx8-8_m7282102_k5_new20__M25-B3-G0-STABLE-DUAL-PROTOTYPE-RESIDUAL", "count": 432}
{"completed": "rx8-8_m7282102_k10_new20__M24-D1-COMPILE-PARITY", "count": 433}
{"completed": "rx8-8_m7282102_k10_new20__M25-B1-G0-BOUNDED-LOCAL-RESIDUAL", "count": 434}
{"completed": "rx8-8_m7282102_k10_new20__M25-B2-G0-SHRINKAGE-RADIUS-RESIDUAL", "count": 435}
{"completed": "rx8-8_m7282102_k10_new5__M24-D1-COMPILE-PARITY", "count": 436}
{"completed": "rx8-8_m7282102_k10_new5__M25-B1-G0-BOUNDED-LOCAL-RESIDUAL", "count": 437}
{"completed": "rx8-8_m7282102_k10_new5__M25-B2-G0-SHRINKAGE-RADIUS-RESIDUAL", "count": 438}
{"completed": "rx8-8_m7282102_k10_new20__M25-B3-G0-STABLE-DUAL-PROTOTYPE-RESIDUAL", "count": 439}
{"completed": "rx8-8_m7282103_k1_new20__M24-D1-COMPILE-PARITY", "count": 440}
{"completed": "rx8-8_m7282103_k1_new20__M25-B1-G0-BOUNDED-LOCAL-RESIDUAL", "count": 441}
{"completed": "rx8-8_m7282103_k1_new20__M25-B2-G0-SHRINKAGE-RADIUS-RESIDUAL", "count": 442}
{"completed": "rx8-8_m7282103_k1_new20__M25-B3-G0-STABLE-DUAL-PROTOTYPE-RESIDUAL", "count": 443}
{"completed": "rx8-8_m7282103_k2_new20__M24-D1-COMPILE-PARITY", "count": 444}
{"completed": "rx8-8_m7282103_k2_new20__M25-B1-G0-BOUNDED-LOCAL-RESIDUAL", "count": 445}
{"completed": "rx8-8_m7282103_k2_new20__M25-B2-G0-SHRINKAGE-RADIUS-RESIDUAL", "count": 446}
{"completed": "rx8-8_m7282103_k2_new20__M25-B3-G0-STABLE-DUAL-PROTOTYPE-RESIDUAL", "count": 447}
{"completed": "rx8-8_m7282103_k5_new20__M24-D1-COMPILE-PARITY", "count": 448}
{"completed": "rx8-8_m7282102_k10_new5__M25-B3-G0-STABLE-DUAL-PROTOTYPE-RESIDUAL", "count": 449}
{"completed": "rx8-8_m7282103_k5_new20__M25-B1-G0-BOUNDED-LOCAL-RESIDUAL", "count": 450}
{"completed": "rx8-8_m7282103_k5_new20__M25-B2-G0-SHRINKAGE-RADIUS-RESIDUAL", "count": 451}
{"completed": "rx8-8_m7282103_k5_new20__M25-B3-G0-STABLE-DUAL-PROTOTYPE-RESIDUAL", "count": 452}
{"completed": "rx8-8_m7282103_k10_new20__M24-D1-COMPILE-PARITY", "count": 453}
{"completed": "rx8-8_m7282103_k10_new20__M25-B1-G0-BOUNDED-LOCAL-RESIDUAL", "count": 454}
{"completed": "rx8-8_m7282103_k10_new20__M25-B2-G0-SHRINKAGE-RADIUS-RESIDUAL", "count": 455}
{"completed": "rx8-8_m7282103_k10_new5__M24-D1-COMPILE-PARITY", "count": 456}
{"completed": "rx8-8_m7282103_k10_new5__M25-B1-G0-BOUNDED-LOCAL-RESIDUAL", "count": 457}
{"completed": "rx8-8_m7282103_k10_new5__M25-B2-G0-SHRINKAGE-RADIUS-RESIDUAL", "count": 458}
{"completed": "rx8-8_m7282103_k10_new20__M25-B3-G0-STABLE-DUAL-PROTOTYPE-RESIDUAL", "count": 459}
{"completed": "rx8-8_m7282104_k1_new20__M24-D1-COMPILE-PARITY", "count": 460}
{"completed": "rx8-8_m7282104_k1_new20__M25-B1-G0-BOUNDED-LOCAL-RESIDUAL", "count": 461}
{"completed": "rx8-8_m7282104_k1_new20__M25-B2-G0-SHRINKAGE-RADIUS-RESIDUAL", "count": 462}
{"completed": "rx8-8_m7282104_k1_new20__M25-B3-G0-STABLE-DUAL-PROTOTYPE-RESIDUAL", "count": 463}
{"completed": "rx8-8_m7282104_k2_new20__M24-D1-COMPILE-PARITY", "count": 464}
{"completed": "rx8-8_m7282104_k2_new20__M25-B1-G0-BOUNDED-LOCAL-RESIDUAL", "count": 465}
{"completed": "rx8-8_m7282104_k2_new20__M25-B2-G0-SHRINKAGE-RADIUS-RESIDUAL", "count": 466}
{"completed": "rx8-8_m7282104_k2_new20__M25-B3-G0-STABLE-DUAL-PROTOTYPE-RESIDUAL", "count": 467}
{"completed": "rx8-8_m7282104_k5_new20__M24-D1-COMPILE-PARITY", "count": 468}
{"completed": "rx8-8_m7282103_k10_new5__M25-B3-G0-STABLE-DUAL-PROTOTYPE-RESIDUAL", "count": 469}
{"completed": "rx8-8_m7282104_k5_new20__M25-B1-G0-BOUNDED-LOCAL-RESIDUAL", "count": 470}
{"completed": "rx8-8_m7282104_k5_new20__M25-B2-G0-SHRINKAGE-RADIUS-RESIDUAL", "count": 471}
{"completed": "rx8-8_m7282104_k5_new20__M25-B3-G0-STABLE-DUAL-PROTOTYPE-RESIDUAL", "count": 472}
{"completed": "rx8-8_m7282104_k10_new20__M24-D1-COMPILE-PARITY", "count": 473}
{"completed": "rx8-8_m7282104_k10_new20__M25-B1-G0-BOUNDED-LOCAL-RESIDUAL", "count": 474}
{"completed": "rx8-8_m7282104_k10_new20__M25-B2-G0-SHRINKAGE-RADIUS-RESIDUAL", "count": 475}
{"completed": "rx8-8_m7282104_k10_new5__M24-D1-COMPILE-PARITY", "count": 476}
{"completed": "rx8-8_m7282104_k10_new5__M25-B1-G0-BOUNDED-LOCAL-RESIDUAL", "count": 477}
{"completed": "rx8-8_m7282104_k10_new5__M25-B2-G0-SHRINKAGE-RADIUS-RESIDUAL", "count": 478}
{"completed": "rx8-8_m7282104_k10_new20__M25-B3-G0-STABLE-DUAL-PROTOTYPE-RESIDUAL", "count": 479}
{"completed": "rx8-8_m7282105_k1_new20__M24-D1-COMPILE-PARITY", "count": 480}
{"completed": "rx8-8_m7282105_k1_new20__M25-B1-G0-BOUNDED-LOCAL-RESIDUAL", "count": 481}
{"completed": "rx8-8_m7282105_k1_new20__M25-B2-G0-SHRINKAGE-RADIUS-RESIDUAL", "count": 482}
{"completed": "rx8-8_m7282105_k1_new20__M25-B3-G0-STABLE-DUAL-PROTOTYPE-RESIDUAL", "count": 483}
{"completed": "rx8-8_m7282105_k2_new20__M24-D1-COMPILE-PARITY", "count": 484}
{"completed": "rx8-8_m7282105_k2_new20__M25-B1-G0-BOUNDED-LOCAL-RESIDUAL", "count": 485}
{"completed": "rx8-8_m7282105_k2_new20__M25-B2-G0-SHRINKAGE-RADIUS-RESIDUAL", "count": 486}
{"completed": "rx8-8_m7282105_k2_new20__M25-B3-G0-STABLE-DUAL-PROTOTYPE-RESIDUAL", "count": 487}
{"completed": "rx8-8_m7282104_k10_new5__M25-B3-G0-STABLE-DUAL-PROTOTYPE-RESIDUAL", "count": 488}
{"completed": "rx8-8_m7282105_k5_new20__M24-D1-COMPILE-PARITY", "count": 489}
{"completed": "rx8-8_m7282105_k5_new20__M25-B1-G0-BOUNDED-LOCAL-RESIDUAL", "count": 490}
{"completed": "rx8-8_m7282105_k5_new20__M25-B2-G0-SHRINKAGE-RADIUS-RESIDUAL", "count": 491}
{"completed": "rx8-8_m7282105_k5_new20__M25-B3-G0-STABLE-DUAL-PROTOTYPE-RESIDUAL", "count": 492}
{"completed": "rx8-8_m7282105_k10_new20__M24-D1-COMPILE-PARITY", "count": 493}
{"completed": "rx8-8_m7282105_k10_new20__M25-B1-G0-BOUNDED-LOCAL-RESIDUAL", "count": 494}
{"completed": "rx8-8_m7282105_k10_new20__M25-B2-G0-SHRINKAGE-RADIUS-RESIDUAL", "count": 495}
{"completed": "rx8-8_m7282105_k10_new5__M24-D1-COMPILE-PARITY", "count": 496}
{"completed": "rx8-8_m7282105_k10_new5__M25-B1-G0-BOUNDED-LOCAL-RESIDUAL", "count": 497}
{"completed": "rx8-8_m7282105_k10_new20__M25-B3-G0-STABLE-DUAL-PROTOTYPE-RESIDUAL", "count": 498}
{"completed": "rx8-8_m7282105_k10_new5__M25-B2-G0-SHRINKAGE-RADIUS-RESIDUAL", "count": 499}
{"completed": "rx8-8_m7282105_k10_new5__M25-B3-G0-STABLE-DUAL-PROTOTYPE-RESIDUAL", "count": 500}
{"row_count": 500, "status": "PREDICTIONS_COMPLETE_TRUTH_UNOPENED"}
