E:\type10-7\code\snapshots\core90_cross_response_20260911_wt\code\SSDG\train_ssdg.py:7599: FutureWarning: `torch.cuda.amp.GradScaler(args...)` is deprecated. Please use `torch.amp.GradScaler('cuda', args...)` instead.
  scaler = GradScaler(enabled=bool(args.amp and device.type == "cuda"))
[CONFIG-RUN] schema=ssdg_config_v1 seed=392002 device=cuda:0 output_dir=analysis\synthetic_cross_response_amp_anomaly_20260911a\U0_s392002 baseline_ckpt=<scratch> from_scratch=1 freeze_backbone=0
[CONFIG-DATA] dataset=wisig split_mode=tx_rx_day_1_7_2 L/U/Vcal/Vselect=144/1296/608/608 ratios=0.070/0.630/0.000/0.000 role_protocol=legacy_l_u_v
[CONFIG-OPT] optimizer=AdamW lr=0.0002 weight_decay=0.0001 amp=1 params_trainable=1047405 params_total=1047405 label_epochs=1 pseudo_epochs=1 total_epochs=2 best_metric=clean_val_tx
[CONFIG-LOSS] lambda_domain=1 lambda_adv=0.35 lambda_orth=0.05 lambda_cons=0.08 lambda_group_ce=0.16 lambda_fishr=0.04 lambda_sat_cls=0.68 lambda_sat_cons=0 lambda_proto=0.0032 lambda_open_world_feat=0.0024 lambda_zid_compact=0.032 lambda_proxy_unknown=0.0045 proxy_virtual_mode=hard proxy_vaccept_w=1 proxy_gate_w=0.65 lambda_soft_unknown_mixup=0.0045 lambda_source_episode=0.0035 lambda_direct_metric_accept=0 lambda_u=0.16 lambda_ent=0.01 lambda_u_domain=0 lambda_u_adv=0 lambda_u_sat_cons=0 lambda_u_direct_metric_accept=0 lambda_u_quarantine_accept=0 label_smoothing=0.01
[CONFIG-P1-INVARIANCE] checkpoint_selection=final_only sat_disjoint_required=0 sat_disjoint=0 sat_train_families=simplified_leo_residual_weak_v1 sat_eval_families=- zid_inv_l=0/0/0 zid_inv_u=0/0/0 dm_local=0 dm_local_required=0 leakage_probe_required=0
[CONFIG-U-DIRECT] domain_start=1 sat_start=1 dm_start=1 dm_min_selected=16 dm_sat_pair=1 dm_valid_domain_only=1 quarantine_start=1 quarantine_valid_domain_only=1 quarantine_sat=1 quarantine_min=4 quarantine_target=0.200 geometry_all_valid=0 unlabeled_shuffle=1 sat_zid_cons_w=0.25 domain_loss=0 adv_loss=0 sat_cons=0 dm_accept=0 quarantine_accept=0
[CONFIG-TEACHER] teacher_ckpt=<none> lambda_teacher_clean_kl=0 lambda_teacher_sat_kl=0 lambda_teacher_zid_mse=0 temperature=2 start_epoch=1 warmup_epochs=0
[CONFIG-ADG] bridge_w=0 shell_out_w=0 low_density_w=0 energy_q_w=0 radius_w=0 ratio_w=0 bridge_target=0.2 tail_target=0.45 overflow_target=0.25
[CONFIG-DM-ACCEPT] start=20 warmup=20 virtual=32 mode=hard targets=p50:28.00,p95:54.00,p99:70.00,tail:56.00,source_overflow:0.450,proxy_vaccept:0.350,bridge:0.250,low_den:0.120,tail_accept:0.350,overflow_accept:0.200,radius_inter:0.850,sat_pair_deg:10.00 weights=zid:1.000,source:1.000,proxy:1.000,bridge:1.000,low_den:1.000,tail:1.000,overflow:1.000,ratio:1.000,core:0.250,sat_pair:0.000
[CONFIG-PSEUDO] use_unlabeled=1 threshold_mode=rx_day_quantile tau_min=0.92 tau_max=0.97 quantile=0.86 domain_gate=1 temporal_gate=1 strong_agreement=1 ema=1
[CONFIG-SAT] use_sat_consistency=1 train_scenario=leo_clear_weak train_scenarios=leo_clear_weak,leo_low_elev_weak,leo_rain_weak use_concat_sat_channel_aug=1 concat_sat_ce_only=1 sat_training_mode=concat_ce_only sat_view_schedule=1@0.30:leo_clear_weak;41@0.60:leo_low_elev_weak,leo_rain_weak;91@0.80:leo_clear_weak,leo_low_elev_weak,leo_rain_weak sat_cons_start_epoch=1 eval_sat_channel=0 eval_sat_scenarios=leo_clear_weak,leo_low_elev_weak,leo_rain_weak
[CONFIG-CONCAT-SAT] enabled=1 mode=concat_ce_only forward_count=2 samples_per_step=B+B sat_losses=ce+nuisance+shell;kl=0;pair=0 scenario_cycle=leo_clear_weak start_epoch=1 view_prob=1.000 seed=2027 ce_weight=1.000
[CONFIG-TELEMETRY] metrics_csv=analysis\synthetic_cross_response_amp_anomaly_20260911a\U0_s392002\metrics_epoch.csv metrics_jsonl=analysis\synthetic_cross_response_amp_anomaly_20260911a\U0_s392002\metrics_epoch.jsonl per_epoch_loss_terms=raw_and_weighted
[CONFIG-JOINT-SAFE] enabled=0 best_metric=clean_val_tx safe_best_path=analysis\synthetic_cross_response_amp_anomaly_20260911a\U0_s392002\best_clean_val_tx_safe_ssdg.pth safe_latest_path=analysis\synthetic_cross_response_amp_anomaly_20260911a\U0_s392002\latest_safe_ssdg.pth drop_guard_pp=2 paic_guard=1 paic_sat_ce_delta=0.12 paic_grad_delta=3 paic_reliable_drop=0.01 paic_sat_scale=0.75
[CONFIG-PHASE1-V2] hard_gates=0 endpoint=endpoint_accept_v1 loss_gate_exported=0 tail_sm=0 tail_targets=p95:54.00,p99:70.00,cvar:56.00,proxy:0.350 tail_expansion_delta=final:2.00,best:3.50,cvar_final:4.00,cvar_best:6.00 tail_reference_window=5 tail_rollback=0:cooldown2 os_eff_min=0.000 os_eff_max=0.000 os_budget_controller=0 os_gradient_surgery=0 os_eff_all_phases=1 dg_health_guard=0:warn3.0:stop8.0:min_open0.20 guard_blocks_final=1 u_tri_state_required=0 source_episode_density_gate=0 source_episode_overflow_warn=0.900 local_component_weights=compact:0.000,invariant:0.000,inter:0.000,accept:0.000,density:0.000 local_min_samples=2 local_radius_floor=3.00deg local_caps=density:2.00,term:4.00 structural_schedule=start:-1,warmup:-1 source_views=clean:1.00,sat:1.00,normalized:1 max_grad_norm=0.00 multiview_separate=0 endpoint_artifact_required=1 feasibility_gate=0:audit
[CONFIG-PROTO-MASK] requested=1 audit_only=0 active_loss=1 use_prototypes=1 use_masks=1 use_geometry=1 use_balanced_sampler=0 lambda_tx_proto=0 lambda_rx_proto=0 lambda_mask_aux=0 lambda_txrx_rect=0 use_proto_memory=1 lambda_proto=0.0032 lambda_open_world_feat=0.0024 lambda_zid_compact=0.032 lambda_proxy_unknown=0.0045 lambda_soft_unknown_mixup=0.0045 lambda_source_episode=0.0035 phase2_export=0
[SSDG-TRAIN] init=scratch split=tx_rx_day_1_7_2 L/U/Vcal/Vselect=144/1296/608/608 ratios=0.070/0.630/0.000/0.000 role_protocol=legacy_l_u_v label_epochs=1 pseudo_epochs=1 lambda_domain=1.000 lambda_fishr=0.040 threshold=rx_day_quantile domain_gate=1 temporal_gate=1 ema=1 best_metric=clean_val_tx output=analysis\synthetic_cross_response_amp_anomaly_20260911a\U0_s392002
[TELEMETRY] schema=ssdg_epoch_telemetry_v1 metrics_csv=analysis\synthetic_cross_response_amp_anomaly_20260911a\U0_s392002\metrics_epoch.csv metrics_jsonl=analysis\synthetic_cross_response_amp_anomaly_20260911a\U0_s392002\metrics_epoch.jsonl loss_terms=loss,loss_labeled,loss_tx,loss_domain,loss_adv,loss_cons,loss_orth,loss_group_ce,loss_fishr,loss_sat_cls,loss_sat_cons,loss_direct_metric_accept,loss_unlabeled,weighted_losses,grad_norms,pseudo_stats,eval_stats
E:\type10-7\code\snapshots\core90_cross_response_20260911_wt\code\SSDG\train_ssdg.py:8097: FutureWarning: `torch.cuda.amp.autocast(args...)` is deprecated. Please use `torch.amp.autocast('cuda', args...)` instead.
  with autocast(enabled=bool(args.amp and device.type == "cuda")):
E:\type10-7\code\snapshots\core90_cross_response_20260911_wt\code\model.py:740: FutureWarning: `torch.cuda.amp.autocast(args...)` is deprecated. Please use `torch.amp.autocast('cuda', args...)` instead.
  with torch.cuda.amp.autocast(enabled=False):
C:\Users\lh594\.conda\envs\ssr-gpu\lib\site-packages\torch\autograd\graph.py:865: UserWarning: Error detected in MmBackward0. Traceback of forward call that caused the error:
  File "<string>", line 1, in <module>
  File "E:\type10-7\code\snapshots\core90_cross_response_20260911_wt\code\scripts\verify_core90_cross_response.py", line 247, in run_synthetic_variant
    code = train.train(args)
  File "E:\type10-7\code\snapshots\core90_cross_response_20260911_wt\code\SSDG\train_ssdg.py", line 8508, in train
    loss_proxy_unknown_l, proxy_unknown_info = proxy_unknown_energy_loss(
  File "E:\type10-7\code\snapshots\core90_cross_response_20260911_wt\code\cvsrffi\cross_response\baseline_compat.py", line 60, in proxy_unknown_energy_loss
    return legacy.proxy_unknown_energy_loss(*args, **_historical_kwargs(
  File "E:\type10-7\code\snapshots\core90_cross_response_20260911_wt\code\cvsrffi\cross_response\legacy_losses.py", line 1168, in proxy_unknown_energy_loss
    unknown_cos = (safe_l2_normalize(unknown_feat, dim=1) @ proto.t()).clamp(-1.0 + 1e-4, 1.0 - 1e-4)
 (Triggered internally at C:\actions-runner\_work\pytorch\pytorch\pytorch\torch\csrc\autograd\python_anomaly_mode.cpp:127.)
  return Variable._execution_engine.run_backward(  # Calls into the C++ engine to run the backward pass
