{"load_state": {"missing": ["dom_backbone.cls_head.id_gate.0.weight", "dom_backbone.cls_head.imp_merge.0.weight", "dom_backbone.cls_head.joint_proj.0.weight", "dom_backbone.freq_stats_proj.0.bias", "dom_backbone.freq_stats_proj.0.weight", "dom_backbone.pa_stats_proj.0.bias", "dom_backbone.pa_stats_proj.0.weight"], "unexpected": ["dom_backbone.dac_hf_proj.0.weight", "dom_backbone.dac_hf_proj.1.weight", "dom_backbone.dac_hf_proj.1.bias", "dom_backbone.dac_b1.conv.wr.weight", "dom_backbone.dac_b1.conv.wi.weight", "dom_backbone.dac_b1.conv.vr.weight", "dom_backbone.dac_b1.conv.vi.weight", "dom_backbone.dac_b1.norm.weight", "dom_backbone.dac_b1.norm.bias", "dom_backbone.dac_b2.conv.wr.weight", "dom_backbone.dac_b2.conv.wi.weight", "dom_backbone.dac_b2.conv.vr.weight", "dom_backbone.dac_b2.conv.vi.weight", "dom_backbone.dac_b2.norm.weight", "dom_backbone.dac_b2.norm.bias", "dom_backbone.dac_b2.res_proj.0.weight", "dom_backbone.dac_b3.conv.wr.weight", "dom_backbone.dac_b3.conv.wi.weight", "dom_backbone.dac_b3.conv.vr.weight", "dom_backbone.dac_b3.conv.vi.weight", "dom_backbone.dac_b3.norm.weight", "dom_backbone.dac_b3.norm.bias", "dom_backbone.dac_b3.res_proj.0.weight", "dom_backbone.dac_proj.0.weight", "dom_backbone.dac_proj.0.bias", "dom_backbone.cls_head.dac_proj.0.weight", "dom_backbone.cls_head.dac_proj.0.bias", "dom_backbone.cls_head.dac_head.0.weight", "dom_backbone.cls_head.dac_head.0.bias", "dom_backbone.cls_head.dac_head.2.weight", "dom_backbone.cls_head.dac_head.2.bias"], "skipped": [["dom_backbone.cls_head.id_gate.0.weight", [160, 320], [160, 160]], ["dom_backbone.cls_head.joint_proj.0.weight", [160, 480], [160, 320]], ["dom_backbone.cls_head.imp_merge.0.weight", [160, 320], [160, 160]]]}}
{"load_state": {"missing": ["dom_backbone.cls_head.id_gate.0.weight", "dom_backbone.cls_head.imp_merge.0.weight", "dom_backbone.cls_head.joint_proj.0.weight", "dom_backbone.freq_stats_proj.0.bias", "dom_backbone.freq_stats_proj.0.weight", "dom_backbone.pa_stats_proj.0.bias", "dom_backbone.pa_stats_proj.0.weight"], "unexpected": ["dom_backbone.dac_hf_proj.0.weight", "dom_backbone.dac_hf_proj.1.weight", "dom_backbone.dac_hf_proj.1.bias", "dom_backbone.dac_b1.conv.wr.weight", "dom_backbone.dac_b1.conv.wi.weight", "dom_backbone.dac_b1.conv.vr.weight", "dom_backbone.dac_b1.conv.vi.weight", "dom_backbone.dac_b1.norm.weight", "dom_backbone.dac_b1.norm.bias", "dom_backbone.dac_b2.conv.wr.weight", "dom_backbone.dac_b2.conv.wi.weight", "dom_backbone.dac_b2.conv.vr.weight", "dom_backbone.dac_b2.conv.vi.weight", "dom_backbone.dac_b2.norm.weight", "dom_backbone.dac_b2.norm.bias", "dom_backbone.dac_b2.res_proj.0.weight", "dom_backbone.dac_b3.conv.wr.weight", "dom_backbone.dac_b3.conv.wi.weight", "dom_backbone.dac_b3.conv.vr.weight", "dom_backbone.dac_b3.conv.vi.weight", "dom_backbone.dac_b3.norm.weight", "dom_backbone.dac_b3.norm.bias", "dom_backbone.dac_b3.res_proj.0.weight", "dom_backbone.dac_proj.0.weight", "dom_backbone.dac_proj.0.bias", "dom_backbone.cls_head.dac_proj.0.weight", "dom_backbone.cls_head.dac_proj.0.bias", "dom_backbone.cls_head.dac_head.0.weight", "dom_backbone.cls_head.dac_head.0.bias", "dom_backbone.cls_head.dac_head.2.weight", "dom_backbone.cls_head.dac_head.2.bias"], "skipped": [["dom_backbone.cls_head.id_gate.0.weight", [160, 320], [160, 160]], ["dom_backbone.cls_head.joint_proj.0.weight", [160, 480], [160, 320]], ["dom_backbone.cls_head.imp_merge.0.weight", [160, 320], [160, 160]]]}}
{"epoch": 5.0, "loss": 3.596515914916992, "mse": 0.05416796973347664, "cos": 0.12959472262859345, "ce": 0.8487346906661988, "clean": 0.00444311498850584, "feat_margin": 0.198176415681839, "clean_margin": 0.0030625455677509308, "proxy_unknown_sep": 0.5870940370559692, "proxy_unknown_supcon": 8.233817306518555, "proxy_unknown_proto_ce": 3.3768132934570314, "proxy_unknown_pair_margin": 0.14921762931346894, "proxy_unknown_old_margin": 0.08806250894069671, "proxy_unknown_hard_pair": 0.00020616804948076606, "proxy_unknown_hard_old": 0.0010729116261936724, "resid": 0.0}
{"epoch": 10.0, "loss": 3.438307134628296, "mse": 0.05423132345080375, "cos": 0.12565000808238982, "ce": 0.7747970149517059, "clean": 0.004861812300980091, "feat_margin": 0.19359704065322875, "clean_margin": 0.003243341268505901, "proxy_unknown_sep": 0.5515898218154908, "proxy_unknown_supcon": 7.79227509689331, "proxy_unknown_proto_ce": 3.1437994079589844, "proxy_unknown_pair_margin": 0.1350271518230438, "proxy_unknown_old_margin": 0.07327201789617538, "proxy_unknown_hard_pair": 0.00013062516367062926, "proxy_unknown_hard_old": 0.0013576806988567114, "resid": 0.0}
{"epoch": 15.0, "loss": 3.3248762073516844, "mse": 0.05587594038248062, "cos": 0.12266390204429627, "ce": 0.7003820595741272, "clean": 0.004296469863504172, "feat_margin": 0.1887433134317398, "clean_margin": 0.0025189007595181464, "proxy_unknown_sep": 0.5294044981002808, "proxy_unknown_supcon": 7.634865802764892, "proxy_unknown_proto_ce": 3.0573801670074463, "proxy_unknown_pair_margin": 0.13048920118808746, "proxy_unknown_old_margin": 0.06815402954816818, "proxy_unknown_hard_pair": 0.00029525244869000743, "proxy_unknown_hard_old": 0.0021839595045894384, "resid": 0.0}
{"epoch": 20.0, "loss": 3.094182683944702, "mse": 0.05465310099720955, "cos": 0.10682167851924897, "ce": 0.6369447567462921, "clean": 0.003525013457983732, "feat_margin": 0.1705653989315033, "clean_margin": 0.0014524077735841275, "proxy_unknown_sep": 0.499925585269928, "proxy_unknown_supcon": 7.386156120300293, "proxy_unknown_proto_ce": 2.981602090835571, "proxy_unknown_pair_margin": 0.12494454550743103, "proxy_unknown_old_margin": 0.060898447036743165, "proxy_unknown_hard_pair": 0.00016304179280996321, "proxy_unknown_hard_old": 0.0016756350495415974, "resid": 0.0}
{"epoch": 25.0, "loss": 3.0432620067596434, "mse": 0.05487027359008789, "cos": 0.10484302008152008, "ce": 0.6085116288661957, "clean": 0.003914632998406887, "feat_margin": 0.16749128758907317, "clean_margin": 0.002321535035036504, "proxy_unknown_sep": 0.481926253080368, "proxy_unknown_supcon": 7.278536659240722, "proxy_unknown_proto_ce": 2.878250259399414, "proxy_unknown_pair_margin": 0.12142453908920288, "proxy_unknown_old_margin": 0.0574854788184166, "proxy_unknown_hard_pair": 7.104058255208656e-05, "proxy_unknown_hard_old": 0.0015204727044329047, "resid": 0.0}
{"epoch": 30.0, "loss": 3.0477631778717043, "mse": 0.05499926435947418, "cos": 0.10452280628681183, "ce": 0.6142604360580445, "clean": 0.005088078122586012, "feat_margin": 0.16694252979755403, "clean_margin": 0.0022634488339535893, "proxy_unknown_sep": 0.467627952337265, "proxy_unknown_supcon": 7.22470756149292, "proxy_unknown_proto_ce": 2.8468369903564454, "proxy_unknown_pair_margin": 0.11912897062301636, "proxy_unknown_old_margin": 0.0567456223666668, "proxy_unknown_hard_pair": 0.0005016849935054779, "proxy_unknown_hard_old": 0.0018529624145789967, "resid": 0.0}
{"epoch": 35.0, "loss": 3.0410578727722166, "mse": 0.0566869695186615, "cos": 0.10790867346525192, "ce": 0.6081094007492065, "clean": 0.003957139616832137, "feat_margin": 0.17399276196956634, "clean_margin": 0.002885743195889518, "proxy_unknown_sep": 0.443302499294281, "proxy_unknown_supcon": 7.080151622772217, "proxy_unknown_proto_ce": 2.7325756778717043, "proxy_unknown_pair_margin": 0.1144399265050888, "proxy_unknown_old_margin": 0.05199229833483696, "proxy_unknown_hard_pair": 0.0001995276431553066, "proxy_unknown_hard_old": 0.0011115883560851216, "resid": 0.0}
{"epoch": 40.0, "loss": 2.8321713981628416, "mse": 0.05337397736310959, "cos": 0.10345529568195343, "ce": 0.52276305103302, "clean": 0.0036181333176791668, "feat_margin": 0.15618319702148437, "clean_margin": 0.0008703381028026343, "proxy_unknown_sep": 0.42646367621421816, "proxy_unknown_supcon": 6.836379119873047, "proxy_unknown_proto_ce": 2.671544111251831, "proxy_unknown_pair_margin": 0.10691620391607284, "proxy_unknown_old_margin": 0.0471593930721283, "proxy_unknown_hard_pair": 9.811916132457554e-05, "proxy_unknown_hard_old": 0.0011669083423912524, "resid": 0.0}
{"epoch": 45.0, "loss": 2.851599281311035, "mse": 0.053640258014202115, "cos": 0.10206661760807037, "ce": 0.570694230556488, "clean": 0.0037201509363949297, "feat_margin": 0.1582067539691925, "clean_margin": 0.0011796526690013706, "proxy_unknown_sep": 0.42996627616882327, "proxy_unknown_supcon": 6.786400634765625, "proxy_unknown_proto_ce": 2.6661847953796385, "proxy_unknown_pair_margin": 0.10566456693410874, "proxy_unknown_old_margin": 0.04620433670282364, "proxy_unknown_hard_pair": 0.00010911388695240021, "proxy_unknown_hard_old": 0.00123529336694628, "resid": 0.0}
{"epoch": 50.0, "loss": 2.764956356048584, "mse": 0.05333876675367356, "cos": 0.09718135702610016, "ce": 0.5103125944137573, "clean": 0.0040860757902264596, "feat_margin": 0.14747261500358583, "clean_margin": 0.0017029505064710974, "proxy_unknown_sep": 0.4062369954586029, "proxy_unknown_supcon": 6.773512844085693, "proxy_unknown_proto_ce": 2.58506032371521, "proxy_unknown_pair_margin": 0.10271098464727402, "proxy_unknown_old_margin": 0.0456408848464489, "proxy_unknown_hard_pair": 0.00019719913229346276, "proxy_unknown_hard_old": 0.0014036631267517806, "resid": 0.0}
{"epoch": 55.0, "loss": 2.837867317199707, "mse": 0.05330948173999786, "cos": 0.09907954400777817, "ce": 0.5719237557649612, "clean": 0.0035082855094224217, "feat_margin": 0.1520265935957432, "clean_margin": 0.0015414246576838195, "proxy_unknown_sep": 0.4274196755886078, "proxy_unknown_supcon": 6.880389553070068, "proxy_unknown_proto_ce": 2.608781789779663, "proxy_unknown_pair_margin": 0.10511684751510621, "proxy_unknown_old_margin": 0.05100510764122009, "proxy_unknown_hard_pair": 0.00026882609952008353, "proxy_unknown_hard_old": 0.001992716918699443, "resid": 0.0}
{"epoch": 60.0, "loss": 2.7627097873687743, "mse": 0.054556450754404066, "cos": 0.09782742404937744, "ce": 0.5465508418083191, "clean": 0.0030627330429852007, "feat_margin": 0.149817121386528, "clean_margin": 0.0013745098118670286, "proxy_unknown_sep": 0.4063779482841492, "proxy_unknown_supcon": 6.767347240447998, "proxy_unknown_proto_ce": 2.532557622909546, "proxy_unknown_pair_margin": 0.10289221304655075, "proxy_unknown_old_margin": 0.046606729567050934, "proxy_unknown_hard_pair": 0.00019006582858855837, "proxy_unknown_hard_old": 0.0018659772863611579, "resid": 0.0}
{
  "exported": [
    "/home/szu2070436088/2510044040/CV-SincNet/runs/cvs_qknnv42_full_adapter5_fft96_20260714/FULL_RX_20-1/ADV3B02_FULL_ADAPTER5_FFT96/features_full_adapter5_fft96.npz",
    "/home/szu2070436088/2510044040/CV-SincNet/runs/cvs_qknnv42_full_adapter5_fft96_20260714/FULL_RX_3-19/ADV3B02_FULL_ADAPTER5_FFT96/features_full_adapter5_fft96.npz",
    "/home/szu2070436088/2510044040/CV-SincNet/runs/cvs_qknnv42_full_adapter5_fft96_20260714/FULL_RX_7-14/ADV3B02_FULL_ADAPTER5_FFT96/features_full_adapter5_fft96.npz",
    "/home/szu2070436088/2510044040/CV-SincNet/runs/cvs_qknnv42_full_adapter5_fft96_20260714/FULL_RX_7-7/ADV3B02_FULL_ADAPTER5_FFT96/features_full_adapter5_fft96.npz",
    "/home/szu2070436088/2510044040/CV-SincNet/runs/cvs_qknnv42_full_adapter5_fft96_20260714/FULL_RX_8-8/ADV3B02_FULL_ADAPTER5_FFT96/features_full_adapter5_fft96.npz"
  ],
  "phase": "phase1_iq_preadapter_v11",
  "train_info": {
    "clean_input_repair_mode": "raw",
    "epochs": 60,
    "history_first": {
      "ce": 1.124601472377777,
      "clean": 0.00845251886670792,
      "clean_margin": 0.0075641957893967625,
      "cos": 0.1602408641576767,
      "epoch": 1.0,
      "feat_margin": 0.22130101597309113,
      "loss": 4.322979721069336,
      "mse": 0.05758427038788796,
      "proxy_unknown_hard_old": 0.0012731661815196275,
      "proxy_unknown_hard_pair": 0.0002846895079128444,
      "proxy_unknown_old_margin": 0.12890004962682725,
      "proxy_unknown_pair_margin": 0.18535477900505065,
      "proxy_unknown_proto_ce": 3.7772717666625977,
      "proxy_unknown_sep": 0.6246981077194214,
      "proxy_unknown_supcon": 9.52743369293213,
      "resid": 0.0
    },
    "history_last": {
      "ce": 0.5465508418083191,
      "clean": 0.0030627330429852007,
      "clean_margin": 0.0013745098118670286,
      "cos": 0.09782742404937744,
      "epoch": 60.0,
      "feat_margin": 0.149817121386528,
      "loss": 2.7627097873687743,
      "mse": 0.054556450754404066,
      "proxy_unknown_hard_old": 0.0018659772863611579,
      "proxy_unknown_hard_pair": 0.00019006582858855837,
      "proxy_unknown_old_margin": 0.046606729567050934,
      "proxy_unknown_pair_margin": 0.10289221304655075,
      "proxy_unknown_proto_ce": 2.532557622909546,
      "proxy_unknown_sep": 0.4063779482841492,
      "proxy_unknown_supcon": 6.767347240447998,
      "resid": 0.0
    },
    "input_adapter_enabled": false,
    "input_repair": "raw",
    "loss_weights": {
      "class_loss_weights": "",
      "clean_feature_margin": 7.5,
      "clean_identity": 22.0,
      "cos": 2.0,
      "feature_margin": 4.5,
      "logit_ce": 0.0,
      "mse": 1.0,
      "proto_ce": 0.2,
      "proxy_unknown_hard_old_margin": 0.05,
      "proxy_unknown_hard_old_margin_weight": 0.04,
      "proxy_unknown_hard_pair_ids": "19-19:10-7,19-19:3,17-10:10-7,17-10:3,19-19:17-10,16-5:19-19,16-5:3,10-7:19-19,10-7:3,10-7:17-10,10-7:1,19-19:14-11,19-19:1,19-19:16-16,14-11:16-16,14-11:1,16-5:14-11,16-5:1,5-5:19-19,5-5:3,5-5:16-5,5-5:10-7,5-5:17-10,5-5:14-11,5-1:19-19,5-1:3,5-5:1,5-5:16-16,5-5:3-13,5-5:2-6,5-1:14-11,5-1:1",
      "proxy_unknown_hard_pair_margin": 0.08,
      "proxy_unknown_hard_pair_margin_weight": 0.08,
      "proxy_unknown_max_cos": 0.05,
      "proxy_unknown_old_margin": 0.05,
      "proxy_unknown_old_margin_weight": 0.12,
      "proxy_unknown_pair_margin": 0.07,
      "proxy_unknown_pair_margin_weight": 0.14,
      "proxy_unknown_proto_ce": 0.12,
      "proxy_unknown_proto_temperature": 0.07,
      "proxy_unknown_separation": 0.1,
      "proxy_unknown_supcon": 0.16,
      "proxy_unknown_supcon_temperature": 0.07,
      "residual": 0.0,
      "teacher_logit_distill": 0.16
    },
    "model_adapter": {
      "mode": "id_norm_late_feature",
      "trainable_parameters": 289685,
      "trainable_tensors": [
        "id_backbone.t1.norm.weight",
        "id_backbone.t1.norm.bias",
        "id_backbone.t2.norm.weight",
        "id_backbone.t2.norm.bias",
        "id_backbone.t3.norm.weight",
        "id_backbone.t3.norm.bias",
        "id_backbone.t_proj.weight",
        "id_backbone.t_proj.bias",
        "id_backbone.f1.norm.weight",
        "id_backbone.f1.norm.bias",
        "id_backbone.f2.norm.weight",
        "id_backbone.f2.norm.bias",
        "id_backbone.f3.norm.weight",
        "id_backbone.f3.norm.bias",
        "id_backbone.f_proj.weight",
        "id_backbone.f_proj.bias",
        "id_backbone.freq_gate.conv.weight",
        "id_backbone.freq_gate.conv.bias",
        "id_backbone.pa_gate.net.weight",
        "id_backbone.pa_gate.net.bias",
        "id_backbone.pa_b1.norm.weight",
        "id_backbone.pa_b1.norm.bias",
        "id_backbone.pa_b2.norm.weight",
        "id_backbone.pa_b2.norm.bias",
        "id_backbone.pa_b3.norm.weight",
        "id_backbone.pa_b3.norm.bias",
        "id_backbone.pa_proj.0.weight",
        "id_backbone.pa_proj.0.bias",
        "id_backbone.fuse.0.weight",
        "id_backbone.fuse.0.bias",
        "id_backbone.con_proj.0.weight",
        "id_backbone.con_proj.0.bias",
        "id_backbone.cls_head.id_proj.0.weight",
        "id_backbone.cls_head.id_proj.0.bias",
        "id_backbone.cls_head.pa_proj.0.weight",
        "id_backbone.cls_head.pa_proj.0.bias",
        "id_backbone.cls_head.id_gate.0.weight",
        "id_backbone.cls_head.id_gate.0.bias",
        "id_backbone.cls_head.joint_proj.0.weight",
        "id_backbone.cls_head.joint_proj.0.bias",
        "id_backbone.cls_head.imp_merge.0.weight",
        "id_backbone.cls_head.imp_merge.0.bias"
      ]
    },
    "proxy_unknown_train": {
      "days": null,
      "pkl": "/home/szu2070436088/2510044040/CV-SincNet/Dataset_WigSig/ManyTx.pkl",
      "role": "proxy_unknown_train",
      "rxs": "1-1,1-19,14-7,18-2,19-2,2-1",
      "size": 57500,
      "tx_idx": [
        10,
        13,
        14,
        15,
        16,
        17,
        19,
        20,
        21,
        22,
        23,
        25,
        26,
        27,
        28,
        30,
        31,
        32,
        33,
        35,
        36,
        37,
        38,
        39,
        41,
        42,
        43,
        44,
        45,
        46,
        47,
        48,
        49,
        50,
        51,
        52,
        53,
        54,
        55,
        56,
        57,
        58,
        59,
        60,
        61,
        62,
        63,
        64,
        66,
        67,
        68,
        69,
        70,
        71,
        72,
        73,
        74,
        75,
        76,
        77,
        79,
        80,
        81,
        82,
        83,
        85,
        87,
        88,
        89,
        90,
        91,
        92,
        93,
        94,
        96,
        97,
        98,
        99,
        100,
        101,
        103,
        104,
        106,
        107,
        108,
        109,
        110,
        111,
        112,
        113,
        114,
        115,
        116,
        117,
        119,
        121,
        122,
        123,
        124,
        125,
        126,
        128,
        129,
        130,
        134,
        135,
        136,
        137,
        138,
        139,
        144,
        145,
        146,
        148,
        149
      ],
      "tx_labels": [
        "1-8",
        "10-11",
        "10-17",
        "10-4",
        "10-7",
        "11-1",
        "11-17",
        "11-19",
        "11-20",
        "11-4",
        "11-7",
        "12-19",
        "12-20",
        "12-7",
        "13-14",
        "13-19",
        "13-20",
        "13-3",
        "13-7",
        "14-11",
        "14-12",
        "14-13",
        "14-14",
        "14-20",
        "14-8",
        "14-9",
        "15-1",
        "15-19",
        "15-6",
        "16-1",
        "16-16",
        "16-19",
        "16-20",
        "16-5",
        "17-10",
        "17-11",
        "18-1",
        "18-10",
        "18-11",
        "18-12",
        "18-13",
        "18-14",
        "18-15",
        "18-16",
        "18-17",
        "18-2",
        "18-20",
        "18-4",
        "18-7",
        "18-8",
        "18-9",
        "19-1",
        "19-10",
        "19-11",
        "19-12",
        "19-13",
        "19-14",
        "19-19",
        "19-2",
        "19-20",
        "19-4",
        "19-6",
        "19-7",
        "19-8",
        "19-9",
        "2-12",
        "2-14",
        "2-15",
        "2-16",
        "2-17",
        "2-19",
        "2-20",
        "2-3",
        "2-4",
        "2-6",
        "2-7",
        "2-8",
        "20-1",
        "20-12",
        "20-14",
        "20-16",
        "20-18",
        "20-20",
        "20-3",
        "20-4",
        "20-5",
        "20-7",
        "20-8",
        "3-1",
        "3-13",
        "3-18",
        "3-19",
        "3-2",
        "3-20",
        "4-1",
        "4-11",
        "5-1",
        "5-16",
        "5-20",
        "5-5",
        "6-1",
        "6-6",
        "7-10",
        "7-11",
        "7-20",
        "7-7",
        "7-8",
        "7-9",
        "8-1",
        "8-13",
        "8-7",
        "8-8",
        "9-1",
        "9-20",
        "9-7"
      ]
    },
    "scenario_configs": {
      "leo_clear_weak": {
        "K_db_range": [
          16.0,
          24.0
        ],
        "agc_resid_db": [
          -0.2,
          0.2
        ],
        "apply_path_loss_to_iq": false,
        "cfo_std_hz": 50.0,
        "channel_model": "leo_residual",
        "enable_atmospheric_fading": false,
        "enable_iq_imbalance": false,
        "enable_multipath": true,
        "fading_mode": "rician",
        "loo_level": "light",
        "max_delay_samp": 2,
        "multipath_profile": "weak",
        "num_taps": [
          2,
          2
        ],
        "orbit_probs": {
          "GEO": 0.0,
          "LEO": 1.0,
          "MEO": 0.0
        },
        "phase_noise_inc_std": [
          0.0,
          0.0005
        ],
        "pwr_decay": 0.08,
        "scenario": "leo_residual",
        "snr_db": [
          22.0,
          32.0
        ],
        "theta_deg": [
          35.0,
          90.0
        ],
        "use_residual_doppler": true,
        "weather": "clear"
      },
      "leo_low_elev_weak": {
        "K_db_range": [
          8.0,
          18.0
        ],
        "agc_resid_db": [
          -0.3,
          0.3
        ],
        "apply_path_loss_to_iq": false,
        "cfo_std_hz": 90.0,
        "channel_model": "leo_residual",
        "enable_atmospheric_fading": false,
        "enable_iq_imbalance": false,
        "enable_multipath": true,
        "fading_mode": "shadowed_rician",
        "loo_level": "light",
        "max_delay_samp": 3,
        "multipath_profile": "weak",
        "num_taps": [
          2,
          2
        ],
        "orbit_probs": {
          "GEO": 0.0,
          "LEO": 1.0,
          "MEO": 0.0
        },
        "phase_noise_inc_std": [
          0.0001,
          0.0008
        ],
        "pwr_decay": 0.12,
        "scenario": "leo_residual",
        "snr_db": [
          16.0,
          28.0
        ],
        "theta_deg": [
          10.0,
          35.0
        ],
        "use_residual_doppler": true,
        "weather": "clear"
      },
      "leo_rain_weak": {
        "K_db_range": [
          10.0,
          20.0
        ],
        "agc_resid_db": [
          -0.3,
          0.3
        ],
        "apply_path_loss_to_iq": false,
        "cfo_std_hz": 70.0,
        "channel_model": "leo_residual",
        "enable_atmospheric_fading": false,
        "enable_iq_imbalance": false,
        "enable_multipath": true,
        "fading_mode": "rician",
        "loo_level": "light",
        "max_delay_samp": 3,
        "multipath_profile": "weak",
        "num_taps": [
          2,
          2
        ],
        "orbit_probs": {
          "GEO": 0.0,
          "LEO": 1.0,
          "MEO": 0.0
        },
        "phase_noise_inc_std": [
          0.0001,
          0.0007
        ],
        "pwr_decay": 0.1,
        "scenario": "leo_residual",
        "snr_db": [
          14.0,
          26.0
        ],
        "theta_deg": [
          20.0,
          80.0
        ],
        "use_residual_doppler": true,
        "weather": "rain"
      }
    },
    "scenarios": [
      "leo_clear_weak",
      "leo_low_elev_weak",
      "leo_rain_weak"
    ]
  },
  "uses_target_clean": false,
  "uses_target_labels_for_training": false,
  "uses_unknown_query_for_threshold": false
}
{"assigned_rows": 125, "completed": 125, "failed": 0, "phase": "stage2c", "schema": "cvs_publication_stage2_worker_summary_v1", "shard_count": 1, "shard_index": 0, "skipped": 0}
[FULL-LEGACY-ORACLE-125-DONE] run_root=/home/szu2070436088/2510044040/CV-SincNet/runs/cvs_qknnv42_full_legacy_oracle_125_20260714
